Archive member included to satisfy reference by file (symbol)

c:/siliconlabs/simplicitystudio/v5/developer/toolchains/gnu_arm/10.2_2020q4/bin/../lib/gcc/arm-none-eabi/10.2.1/thumb/v7e-m+fp/softfp\libgcc.a(_aeabi_ldivmod.o)
                              ./gecko_sdk_4.0.0/platform/emlib/src/em_usart.o (__aeabi_ldivmod)
c:/siliconlabs/simplicitystudio/v5/developer/toolchains/gnu_arm/10.2_2020q4/bin/../lib/gcc/arm-none-eabi/10.2.1/thumb/v7e-m+fp/softfp\libgcc.a(_aeabi_uldivmod.o)
                              ./gecko_sdk_4.0.0/platform/emlib/src/em_usart.o (__aeabi_uldivmod)
c:/siliconlabs/simplicitystudio/v5/developer/toolchains/gnu_arm/10.2_2020q4/bin/../lib/gcc/arm-none-eabi/10.2.1/thumb/v7e-m+fp/softfp\libgcc.a(_udivmoddi4.o)
                              c:/siliconlabs/simplicitystudio/v5/developer/toolchains/gnu_arm/10.2_2020q4/bin/../lib/gcc/arm-none-eabi/10.2.1/thumb/v7e-m+fp/softfp\libgcc.a(_aeabi_ldivmod.o) (__udivmoddi4)
c:/siliconlabs/simplicitystudio/v5/developer/toolchains/gnu_arm/10.2_2020q4/bin/../lib/gcc/arm-none-eabi/10.2.1/thumb/v7e-m+fp/softfp\libgcc.a(_dvmd_tls.o)
                              c:/siliconlabs/simplicitystudio/v5/developer/toolchains/gnu_arm/10.2_2020q4/bin/../lib/gcc/arm-none-eabi/10.2.1/thumb/v7e-m+fp/softfp\libgcc.a(_aeabi_ldivmod.o) (__aeabi_ldiv0)
c:/siliconlabs/simplicitystudio/v5/developer/toolchains/gnu_arm/10.2_2020q4/bin/../lib/gcc/arm-none-eabi/10.2.1/../../../../arm-none-eabi/lib/thumb/v7e-m+fp/softfp\libc_nano.a(lib_a-bzero.o)
                              ./my_printf_lib.o (bzero)
c:/siliconlabs/simplicitystudio/v5/developer/toolchains/gnu_arm/10.2_2020q4/bin/../lib/gcc/arm-none-eabi/10.2.1/../../../../arm-none-eabi/lib/thumb/v7e-m+fp/softfp\libc_nano.a(lib_a-exit.o)
                              c:/siliconlabs/simplicitystudio/v5/developer/toolchains/gnu_arm/10.2_2020q4/bin/../lib/gcc/arm-none-eabi/10.2.1/../../../../arm-none-eabi/lib/thumb/v7e-m+fp/softfp/crt0.o (exit)
c:/siliconlabs/simplicitystudio/v5/developer/toolchains/gnu_arm/10.2_2020q4/bin/../lib/gcc/arm-none-eabi/10.2.1/../../../../arm-none-eabi/lib/thumb/v7e-m+fp/softfp\libc_nano.a(lib_a-impure.o)
                              c:/siliconlabs/simplicitystudio/v5/developer/toolchains/gnu_arm/10.2_2020q4/bin/../lib/gcc/arm-none-eabi/10.2.1/../../../../arm-none-eabi/lib/thumb/v7e-m+fp/softfp\libc_nano.a(lib_a-exit.o) (_global_impure_ptr)
c:/siliconlabs/simplicitystudio/v5/developer/toolchains/gnu_arm/10.2_2020q4/bin/../lib/gcc/arm-none-eabi/10.2.1/../../../../arm-none-eabi/lib/thumb/v7e-m+fp/softfp\libc_nano.a(lib_a-init.o)
                              c:/siliconlabs/simplicitystudio/v5/developer/toolchains/gnu_arm/10.2_2020q4/bin/../lib/gcc/arm-none-eabi/10.2.1/../../../../arm-none-eabi/lib/thumb/v7e-m+fp/softfp/crt0.o (__libc_init_array)
c:/siliconlabs/simplicitystudio/v5/developer/toolchains/gnu_arm/10.2_2020q4/bin/../lib/gcc/arm-none-eabi/10.2.1/../../../../arm-none-eabi/lib/thumb/v7e-m+fp/softfp\libc_nano.a(lib_a-memcpy-stub.o)
                              ./app.o (memcpy)
c:/siliconlabs/simplicitystudio/v5/developer/toolchains/gnu_arm/10.2_2020q4/bin/../lib/gcc/arm-none-eabi/10.2.1/../../../../arm-none-eabi/lib/thumb/v7e-m+fp/softfp\libc_nano.a(lib_a-memset.o)
                              c:/siliconlabs/simplicitystudio/v5/developer/toolchains/gnu_arm/10.2_2020q4/bin/../lib/gcc/arm-none-eabi/10.2.1/../../../../arm-none-eabi/lib/thumb/v7e-m+fp/softfp/crt0.o (memset)
c:/siliconlabs/simplicitystudio/v5/developer/toolchains/gnu_arm/10.2_2020q4/bin/../lib/gcc/arm-none-eabi/10.2.1/../../../../arm-none-eabi/lib/thumb/v7e-m+fp/softfp\libc_nano.a(lib_a-sprintf.o)
                              ./app.o (sprintf)
c:/siliconlabs/simplicitystudio/v5/developer/toolchains/gnu_arm/10.2_2020q4/bin/../lib/gcc/arm-none-eabi/10.2.1/../../../../arm-none-eabi/lib/thumb/v7e-m+fp/softfp\libc_nano.a(lib_a-strcmp.o)
                              ./autogen/sl_iostream_handles.o (strcmp)
c:/siliconlabs/simplicitystudio/v5/developer/toolchains/gnu_arm/10.2_2020q4/bin/../lib/gcc/arm-none-eabi/10.2.1/../../../../arm-none-eabi/lib/thumb/v7e-m+fp/softfp\libc_nano.a(lib_a-strlen.o)
                              ./app.o (strlen)
c:/siliconlabs/simplicitystudio/v5/developer/toolchains/gnu_arm/10.2_2020q4/bin/../lib/gcc/arm-none-eabi/10.2.1/../../../../arm-none-eabi/lib/thumb/v7e-m+fp/softfp\libc_nano.a(lib_a-vprintf.o)
                              ./gecko_sdk_4.0.0/platform/service/iostream/src/sl_iostream.o (vprintf)
c:/siliconlabs/simplicitystudio/v5/developer/toolchains/gnu_arm/10.2_2020q4/bin/../lib/gcc/arm-none-eabi/10.2.1/../../../../arm-none-eabi/lib/thumb/v7e-m+fp/softfp\libc_nano.a(lib_a-vsprintf.o)
                              ./my_printf_lib.o (vsprintf)
c:/siliconlabs/simplicitystudio/v5/developer/toolchains/gnu_arm/10.2_2020q4/bin/../lib/gcc/arm-none-eabi/10.2.1/../../../../arm-none-eabi/lib/thumb/v7e-m+fp/softfp\libc_nano.a(lib_a-findfp.o)
[...]
Memory Configuration

Name             Origin             Length             Attributes
FLASH            0x00000000         0x00100000         xr
RAM              0x20000000         0x00040000         xrw
*default*        0x00000000         0xffffffff

Linker script and memory map

LOAD c:/siliconlabs/simplicitystudio/v5/developer/toolchains/gnu_arm/10.2_2020q4/bin/../lib/gcc/arm-none-eabi/10.2.1/thumb/v7e-m+fp/softfp/crti.o
LOAD c:/siliconlabs/simplicitystudio/v5/developer/toolchains/gnu_arm/10.2_2020q4/bin/../lib/gcc/arm-none-eabi/10.2.1/thumb/v7e-m+fp/softfp/crtbegin.o
LOAD c:/siliconlabs/simplicitystudio/v5/developer/toolchains/gnu_arm/10.2_2020q4/bin/../lib/gcc/arm-none-eabi/10.2.1/../../../../arm-none-eabi/lib/thumb/v7e-m+fp/softfp/crt0.o
START GROUP
LOAD ./app.o
LOAD ./main.o
LOAD ./my_printf_lib.o
LOAD ./serial_io_efm32pg12.o
LOAD ./autogen/sl_board_default_init.o
LOAD ./autogen/sl_device_init_clocks.o
LOAD ./autogen/sl_event_handler.o
LOAD ./autogen/sl_iostream_handles.o
LOAD ./autogen/sl_iostream_init_usart_instances.o
LOAD ./autogen/sl_power_manager_handler.o
LOAD ./autogen/sl_simple_button_instances.o
LOAD ./autogen/sl_simple_led_instances.o
LOAD ./gecko_sdk_4.0.0/hardware/board/src/sl_board_control_gpio.o
LOAD ./gecko_sdk_4.0.0/hardware/board/src/sl_board_init.o
LOAD ./gecko_sdk_4.0.0/hardware/driver/memlcd/src/memlcd_usart/sl_memlcd_spi.o
LOAD ./gecko_sdk_4.0.0/hardware/driver/memlcd/src/sl_memlcd.o
LOAD ./gecko_sdk_4.0.0/hardware/driver/memlcd/src/sl_memlcd_display.o
LOAD ./gecko_sdk_4.0.0/platform/Device/SiliconLabs/EFM32PG12B/Source/GCC/startup_efm32pg12b.o
LOAD ./gecko_sdk_4.0.0/platform/Device/SiliconLabs/EFM32PG12B/Source/system_efm32pg12b.o
LOAD ./gecko_sdk_4.0.0/platform/common/src/sl_slist.o
LOAD ./gecko_sdk_4.0.0/platform/common/toolchain/src/sl_memory.o
LOAD ./gecko_sdk_4.0.0/platform/driver/button/src/sl_button.o
LOAD ./gecko_sdk_4.0.0/platform/driver/button/src/sl_simple_button.o
LOAD ./gecko_sdk_4.0.0/platform/driver/leddrv/src/sl_led.o
LOAD ./gecko_sdk_4.0.0/platform/driver/leddrv/src/sl_simple_led.o
LOAD ./gecko_sdk_4.0.0/platform/emdrv/gpiointerrupt/src/gpiointerrupt.o
LOAD ./gecko_sdk_4.0.0/platform/emlib/src/em_assert.o
LOAD ./gecko_sdk_4.0.0/platform/emlib/src/em_cmu.o
LOAD ./gecko_sdk_4.0.0/platform/emlib/src/em_core.o
LOAD ./gecko_sdk_4.0.0/platform/emlib/src/em_emu.o
LOAD ./gecko_sdk_4.0.0/platform/emlib/src/em_gpio.o
LOAD ./gecko_sdk_4.0.0/platform/emlib/src/em_rtcc.o
LOAD ./gecko_sdk_4.0.0/platform/emlib/src/em_system.o
LOAD ./gecko_sdk_4.0.0/platform/emlib/src/em_usart.o
LOAD ./gecko_sdk_4.0.0/platform/middleware/glib/dmd/display/dmd_memlcd.o
LOAD ./gecko_sdk_4.0.0/platform/middleware/glib/glib/bmp.o
LOAD ./gecko_sdk_4.0.0/platform/middleware/glib/glib/glib.o
LOAD ./gecko_sdk_4.0.0/platform/middleware/glib/glib/glib_bitmap.o
LOAD ./gecko_sdk_4.0.0/platform/middleware/glib/glib/glib_circle.o
LOAD ./gecko_sdk_4.0.0/platform/middleware/glib/glib/glib_font_narrow_6x8.o
LOAD ./gecko_sdk_4.0.0/platform/middleware/glib/glib/glib_font_normal_8x8.o
LOAD ./gecko_sdk_4.0.0/platform/middleware/glib/glib/glib_font_number_16x20.o
LOAD ./gecko_sdk_4.0.0/platform/middleware/glib/glib/glib_line.o
LOAD ./gecko_sdk_4.0.0/platform/middleware/glib/glib/glib_polygon.o
LOAD ./gecko_sdk_4.0.0/platform/middleware/glib/glib/glib_rectangle.o
LOAD ./gecko_sdk_4.0.0/platform/middleware/glib/glib/glib_string.o
LOAD ./gecko_sdk_4.0.0/platform/service/device_init/src/sl_device_init_dcdc_s1.o
LOAD ./gecko_sdk_4.0.0/platform/service/device_init/src/sl_device_init_emu_s1.o
LOAD ./gecko_sdk_4.0.0/platform/service/device_init/src/sl_device_init_hfxo_s1.o
LOAD ./gecko_sdk_4.0.0/platform/service/device_init/src/sl_device_init_lfxo_s1.o
LOAD ./gecko_sdk_4.0.0/platform/service/device_init/src/sl_device_init_nvic.o
LOAD ./gecko_sdk_4.0.0/platform/service/iostream/src/sl_iostream.o
LOAD ./gecko_sdk_4.0.0/platform/service/iostream/src/sl_iostream_uart.o
LOAD ./gecko_sdk_4.0.0/platform/service/iostream/src/sl_iostream_usart.o
LOAD ./gecko_sdk_4.0.0/platform/service/power_manager/src/sl_power_manager.o
LOAD ./gecko_sdk_4.0.0/platform/service/power_manager/src/sl_power_manager_debug.o
LOAD ./gecko_sdk_4.0.0/platform/service/power_manager/src/sl_power_manager_hal_s0_s1.o
LOAD ./gecko_sdk_4.0.0/platform/service/sleeptimer/src/sl_sleeptimer.o
LOAD ./gecko_sdk_4.0.0/platform/service/sleeptimer/src/sl_sleeptimer_hal_rtcc.o
LOAD ./gecko_sdk_4.0.0/platform/service/system/src/sl_system_init.o
LOAD ./gecko_sdk_4.0.0/platform/service/system/src/sl_system_process_action.o
LOAD ./gecko_sdk_4.0.0/platform/service/udelay/src/sl_udelay.o
LOAD ./gecko_sdk_4.0.0/platform/service/udelay/src/sl_udelay_armv6m_gcc.o
LOAD c:/siliconlabs/simplicitystudio/v5/developer/toolchains/gnu_arm/10.2_2020q4/bin/../lib/gcc/arm-none-eabi/10.2.1/thumb/v7e-m+fp/softfp\libgcc.a
LOAD c:/siliconlabs/simplicitystudio/v5/developer/toolchains/gnu_arm/10.2_2020q4/bin/../lib/gcc/arm-none-eabi/10.2.1/../../../../arm-none-eabi/lib/thumb/v7e-m+fp/softfp\libc_nano.a
LOAD c:/siliconlabs/simplicitystudio/v5/developer/toolchains/gnu_arm/10.2_2020q4/bin/../lib/gcc/arm-none-eabi/10.2.1/../../../../arm-none-eabi/lib/thumb/v7e-m+fp/softfp\libm.a
LOAD c:/siliconlabs/simplicitystudio/v5/developer/toolchains/gnu_arm/10.2_2020q4/bin/../lib/gcc/arm-none-eabi/10.2.1/../../../../arm-none-eabi/lib/thumb/v7e-m+fp/softfp\libnosys.a
END GROUP
START GROUP
LOAD c:/siliconlabs/simplicitystudio/v5/developer/toolchains/gnu_arm/10.2_2020q4/bin/../lib/gcc/arm-none-eabi/10.2.1/thumb/v7e-m+fp/softfp\libgcc.a
LOAD c:/siliconlabs/simplicitystudio/v5/developer/toolchains/gnu_arm/10.2_2020q4/bin/../lib/gcc/arm-none-eabi/10.2.1/../../../../arm-none-eabi/lib/thumb/v7e-m+fp/softfp\libc_nano.a
LOAD c:/siliconlabs/simplicitystudio/v5/developer/toolchains/gnu_arm/10.2_2020q4/bin/../lib/gcc/arm-none-eabi/10.2.1/../../../../arm-none-eabi/lib/thumb/v7e-m+fp/softfp\libnosys.a
END GROUP
START GROUP
LOAD c:/siliconlabs/simplicitystudio/v5/developer/toolchains/gnu_arm/10.2_2020q4/bin/../lib/gcc/arm-none-eabi/10.2.1/thumb/v7e-m+fp/softfp\libgcc.a
LOAD c:/siliconlabs/simplicitystudio/v5/developer/toolchains/gnu_arm/10.2_2020q4/bin/../lib/gcc/arm-none-eabi/10.2.1/../../../../arm-none-eabi/lib/thumb/v7e-m+fp/softfp\libg_nano.a
LOAD c:/siliconlabs/simplicitystudio/v5/developer/toolchains/gnu_arm/10.2_2020q4/bin/../lib/gcc/arm-none-eabi/10.2.1/../../../../arm-none-eabi/lib/thumb/v7e-m+fp/softfp\libc_nano.a
END GROUP
START GROUP
LOAD c:/siliconlabs/simplicitystudio/v5/developer/toolchains/gnu_arm/10.2_2020q4/bin/../lib/gcc/arm-none-eabi/10.2.1/thumb/v7e-m+fp/softfp\libgcc.a
LOAD c:/siliconlabs/simplicitystudio/v5/developer/toolchains/gnu_arm/10.2_2020q4/bin/../lib/gcc/arm-none-eabi/10.2.1/../../../../arm-none-eabi/lib/thumb/v7e-m+fp/softfp\libc_nano.a
END GROUP
LOAD c:/siliconlabs/simplicitystudio/v5/developer/toolchains/gnu_arm/10.2_2020q4/bin/../lib/gcc/arm-none-eabi/10.2.1/thumb/v7e-m+fp/softfp/crtend.o
LOAD c:/siliconlabs/simplicitystudio/v5/developer/toolchains/gnu_arm/10.2_2020q4/bin/../lib/gcc/arm-none-eabi/10.2.1/thumb/v7e-m+fp/softfp/crtn.o

.text           0x00000000     0x6648
                0x00000000                linker_vectors_begin = .
 *(.vectors)
 .vectors       0x00000000      0x10c ./gecko_sdk_4.0.0/platform/Device/SiliconLabs/EFM32PG12B/Source/GCC/startup_efm32pg12b.o
                0x00000000                __Vectors
                0x0000010c                linker_vectors_end = .
                0x0000010c                __Vectors_End = .
                0x0000010c                __Vectors_Size = (__Vectors_End - __Vectors)
                0x0000010c                linker_code_begin = .
 *(.text*)
 .text          0x0000010c       0x40 c:/siliconlabs/simplicitystudio/v5/developer/toolchains/gnu_arm/10.2_2020q4/bin/../lib/gcc/arm-none-eabi/10.2.1/thumb/v7e-m+fp/softfp/crtbegin.o
 .text          0x0000014c       0x7c c:/siliconlabs/simplicitystudio/v5/developer/toolchains/gnu_arm/10.2_2020q4/bin/../lib/gcc/arm-none-eabi/10.2.1/../../../../arm-none-eabi/lib/thumb/v7e-m+fp/softfp/crt0.o
                0x0000014c                _stack_init
                0x00000154                _start
                0x00000154                _mainCRTStartup
 .text.on_10s_timeout
                0x000001c8        0xc ./app.o
 .text.handle_btn1_interrupt.part.0
                0x000001d4       0x38 ./app.o
 .text.app_init
                0x0000020c       0x68 ./app.o
                0x0000020c                app_init
 .text.sl_button_on_change
                0x00000274       0x34 ./app.o
                0x00000274                sl_button_on_change
 .text.handle_btn0_interrupt
                0x000002a8       0x1c ./app.o
                0x000002a8                handle_btn0_interrupt
 .text.handle_btn1_interrupt
                0x000002c4       0x10 ./app.o
                0x000002c4                handle_btn1_interrupt
 .text.handle_time_over
                0x000002d4       0x2c ./app.o
                0x000002d4                handle_time_over
 .text.handleRecievedData
                0x00000300       0x80 ./app.o
                0x00000300                handleRecievedData
 .text.app_process_action
                0x00000380       0x16 ./app.o
                0x00000380                app_process_action
 .text.startup.main
                0x00000396       0x18 ./main.o
                0x00000396                main
 *fill*         0x000003ae        0x2 
 .text.my_printf_clear
                0x000003b0       0x28 ./my_printf_lib.o
                0x000003b0                my_printf_clear
 .text.my_printf_init
                0x000003d8       0x84 ./my_printf_lib.o
                0x000003d8                my_printf_init
 .text.printf_helper
                0x0000045c       0x94 ./my_printf_lib.o
                0x0000045c                printf_helper
 .text.my_printf
                0x000004f0       0x3c ./my_printf_lib.o
                0x000004f0                my_printf
 .text.on_timeout
                0x0000052c        0xc ./serial_io_efm32pg12.o
 .text.SerialInit
                0x00000538       0x78 ./serial_io_efm32pg12.o
                0x00000538                SerialInit
 .text.SerialRecv
                0x000005b0       0x68 ./serial_io_efm32pg12.o
                0x000005b0                SerialRecv
 .text.SerialSend
                0x00000618       0x18 ./serial_io_efm32pg12.o
                0x00000618                SerialSend
 .text.NumOfBytesToRead
                0x00000630       0x10 ./serial_io_efm32pg12.o
                0x00000630                NumOfBytesToRead
 .text.sl_board_default_init
                0x00000640        0x2 ./autogen/sl_board_default_init.o
                0x00000640                sl_board_default_init
 *fill*         0x00000642        0x2 
 .text.sl_device_init_clocks
                0x00000644       0x40 ./autogen/sl_device_init_clocks.o
                0x00000644                sl_device_init_clocks
 .text.sl_platform_init
                0x00000684       0x94 ./autogen/sl_event_handler.o
                0x00000684                sl_platform_init
 .text.sl_driver_init
                0x00000718       0x12 ./autogen/sl_event_handler.o
                0x00000718                sl_driver_init
 .text.sl_service_init
                0x0000072a       0x12 ./autogen/sl_event_handler.o
                0x0000072a                sl_service_init
 .text.sl_stack_init
                0x0000073c        0x2 ./autogen/sl_event_handler.o
                0x0000073c                sl_stack_init
 .text.sl_internal_app_init
                0x0000073e        0x2 ./autogen/sl_event_handler.o
                0x0000073e                sl_internal_app_init
 .text.sl_platform_process_action
                0x00000740        0x2 ./autogen/sl_event_handler.o
                0x00000740                sl_platform_process_action
 .text.sl_service_process_action
                0x00000742        0x2 ./autogen/sl_event_handler.o
                0x00000742                sl_service_process_action
 .text.sl_stack_process_action
                0x00000744        0x2 ./autogen/sl_event_handler.o
                0x00000744                sl_stack_process_action
 .text.sl_internal_app_process_action
                0x00000746        0x2 ./autogen/sl_event_handler.o
                0x00000746                sl_internal_app_process_action
 .text.sl_iostream_usart_init_vcom
                0x00000748       0x74 ./autogen/sl_iostream_init_usart_instances.o
                0x00000748                sl_iostream_usart_init_vcom
 .text.sl_iostream_usart_init_instances
                0x000007bc        0x4 ./autogen/sl_iostream_init_usart_instances.o
                0x000007bc                sl_iostream_usart_init_instances
 .text.USART2_RX_IRQHandler
                0x000007c0        0xc ./autogen/sl_iostream_init_usart_instances.o
                0x000007c0                USART2_RX_IRQHandler
 .text.USART2_TX_IRQHandler
                0x000007cc        0x4 ./autogen/sl_iostream_init_usart_instances.o
                0x000007cc                USART2_TX_IRQHandler
 .text.sl_iostream_usart_vcom_sleep_on_isr_exit
                0x000007d0        0xc ./autogen/sl_iostream_init_usart_instances.o
                0x000007d0                sl_iostream_usart_vcom_sleep_on_isr_exit
 .text.app_is_ok_to_sleep
                0x000007dc        0x4 ./autogen/sl_power_manager_handler.o
                0x000007dc                app_is_ok_to_sleep
 .text.app_sleep_on_isr_exit
                0x000007e0        0x4 ./autogen/sl_power_manager_handler.o
                0x000007e0                app_sleep_on_isr_exit
 .text.sl_power_manager_is_ok_to_sleep
                0x000007e4        0x8 ./autogen/sl_power_manager_handler.o
                0x000007e4                sl_power_manager_is_ok_to_sleep
 .text.sl_power_manager_sleep_on_isr_exit
                0x000007ec       0x3a ./autogen/sl_power_manager_handler.o
                0x000007ec                sl_power_manager_sleep_on_isr_exit
 *fill*         0x00000826        0x2 
 .text.sl_simple_button_init_instances
                0x00000828       0x1c ./autogen/sl_simple_button_instances.o
                0x00000828                sl_simple_button_init_instances
 .text.sl_simple_led_init_instances
                0x00000844        0xc ./autogen/sl_simple_led_instances.o
                0x00000844                sl_simple_led_init_instances
 .text.sl_board_configure_vcom
                0x00000850        0x4 ./gecko_sdk_4.0.0/hardware/board/src/sl_board_control_gpio.o
                0x00000850                sl_board_configure_vcom
 .text.sl_board_enable_display
                0x00000854       0x12 ./gecko_sdk_4.0.0/hardware/board/src/sl_board_control_gpio.o
                0x00000854                sl_board_enable_display
 *fill*         0x00000866        0x2 
 .text.sl_board_init
                0x00000868       0x18 ./gecko_sdk_4.0.0/hardware/board/src/sl_board_init.o
                0x00000868                sl_board_init
 .text.sl_board_preinit
                0x00000880        0xc ./gecko_sdk_4.0.0/hardware/board/src/sl_board_init.o
                0x00000880                sl_board_preinit
 .text.sli_memlcd_spi_init
                0x0000088c       0x84 ./gecko_sdk_4.0.0/hardware/driver/memlcd/src/memlcd_usart/sl_memlcd_spi.o
                0x0000088c                sli_memlcd_spi_init
 .text.sli_memlcd_spi_tx
                0x00000910       0x22 ./gecko_sdk_4.0.0/hardware/driver/memlcd/src/memlcd_usart/sl_memlcd_spi.o
                0x00000910                sli_memlcd_spi_tx
 .text.sli_memlcd_spi_wait
                0x00000932        0xa ./gecko_sdk_4.0.0/hardware/driver/memlcd/src/memlcd_usart/sl_memlcd_spi.o
                0x00000932                sli_memlcd_spi_wait
 .text.sli_memlcd_spi_rx_flush
                0x0000093c       0x14 ./gecko_sdk_4.0.0/hardware/driver/memlcd/src/memlcd_usart/sl_memlcd_spi.o
                0x0000093c                sli_memlcd_spi_rx_flush
 .text.sl_memlcd_power_on.part.0
                0x00000950       0x2c ./gecko_sdk_4.0.0/hardware/driver/memlcd/src/sl_memlcd.o
 .text.extcomin_toggle
                0x0000097c       0x10 ./gecko_sdk_4.0.0/hardware/driver/memlcd/src/sl_memlcd.o
 .text.sl_memlcd_clear
                0x0000098c       0x4c ./gecko_sdk_4.0.0/hardware/driver/memlcd/src/sl_memlcd.o
                0x0000098c                sl_memlcd_clear
 .text.sl_memlcd_configure
                0x000009d8       0x60 ./gecko_sdk_4.0.0/hardware/driver/memlcd/src/sl_memlcd.o
                0x000009d8                sl_memlcd_configure
 .text.sl_memlcd_draw
                0x00000a38       0xb8 ./gecko_sdk_4.0.0/hardware/driver/memlcd/src/sl_memlcd.o
                0x00000a38                sl_memlcd_draw
 .text.sl_memlcd_get
                0x00000af0       0x18 ./gecko_sdk_4.0.0/hardware/driver/memlcd/src/sl_memlcd.o
                0x00000af0                sl_memlcd_get
 .text.sl_memlcd_init
                0x00000b08       0x1c ./gecko_sdk_4.0.0/hardware/driver/memlcd/src/sl_memlcd_display.o
                0x00000b08                sl_memlcd_init
 .text.Default_Handler
                0x00000b24        0x2 ./gecko_sdk_4.0.0/platform/Device/SiliconLabs/EFM32PG12B/Source/GCC/startup_efm32pg12b.o
                0x00000b24                DebugMon_Handler
                0x00000b24                USART0_TX_IRQHandler
                0x00000b24                I2C0_IRQHandler
                0x00000b24                HardFault_Handler
                0x00000b24                SysTick_Handler
                0x00000b24                USART1_RX_IRQHandler
                0x00000b24                PendSV_Handler
                0x00000b24                NMI_Handler
                0x00000b24                I2C1_IRQHandler
                0x00000b24                WTIMER0_IRQHandler
                0x00000b24                CRYPTO0_IRQHandler
                0x00000b24                WDOG0_IRQHandler
                0x00000b24                USART1_TX_IRQHandler
                0x00000b24                SMU_IRQHandler
                0x00000b24                MSC_IRQHandler
                0x00000b24                ADC0_IRQHandler
                0x00000b24                UsageFault_Handler
                0x00000b24                WDOG1_IRQHandler
                0x00000b24                LEUART0_IRQHandler
                0x00000b24                FPUEH_IRQHandler
                0x00000b24                WTIMER1_IRQHandler
                0x00000b24                VDAC0_IRQHandler
                0x00000b24                LDMA_IRQHandler
                0x00000b24                CSEN_IRQHandler
                0x00000b24                CRYPTO1_IRQHandler
                0x00000b24                TIMER0_IRQHandler
                0x00000b24                PCNT2_IRQHandler
                0x00000b24                LETIMER0_IRQHandler
                0x00000b24                TIMER1_IRQHandler
                0x00000b24                TRNG0_IRQHandler
                0x00000b24                Default_Handler
                0x00000b24                EMU_IRQHandler
                0x00000b24                CRYOTIMER_IRQHandler
                0x00000b24                PCNT0_IRQHandler
                0x00000b24                sl_app_properties
                0x00000b24                PCNT1_IRQHandler
                0x00000b24                ACMP0_IRQHandler
                0x00000b24                USART0_RX_IRQHandler
                0x00000b24                MemManage_Handler
                0x00000b24                SVC_Handler
                0x00000b24                USART3_RX_IRQHandler
                0x00000b24                CMU_IRQHandler
                0x00000b24                LESENSE_IRQHandler
                0x00000b24                USART3_TX_IRQHandler
                0x00000b24                BusFault_Handler
                0x00000b24                IDAC0_IRQHandler
 *fill*         0x00000b26        0x2 
 .text.Reset_Handler
                0x00000b28       0x2c ./gecko_sdk_4.0.0/platform/Device/SiliconLabs/EFM32PG12B/Source/GCC/startup_efm32pg12b.o
                0x00000b28                Reset_Handler
 .text.SystemMaxCoreClockGet
                0x00000b54        0x8 ./gecko_sdk_4.0.0/platform/Device/SiliconLabs/EFM32PG12B/Source/system_efm32pg12b.o
                0x00000b54                SystemMaxCoreClockGet
 .text.SystemHFClockGet
                0x00000b5c       0x54 ./gecko_sdk_4.0.0/platform/Device/SiliconLabs/EFM32PG12B/Source/system_efm32pg12b.o
                0x00000b5c                SystemHFClockGet
 .text.SystemCoreClockGet
                0x00000bb0       0x24 ./gecko_sdk_4.0.0/platform/Device/SiliconLabs/EFM32PG12B/Source/system_efm32pg12b.o
                0x00000bb0                SystemCoreClockGet
 .text.SystemHFXOClockGet
                0x00000bd4        0xc ./gecko_sdk_4.0.0/platform/Device/SiliconLabs/EFM32PG12B/Source/system_efm32pg12b.o
                0x00000bd4                SystemHFXOClockGet
 .text.SystemHFXOClockSet
                0x00000be0       0x20 ./gecko_sdk_4.0.0/platform/Device/SiliconLabs/EFM32PG12B/Source/system_efm32pg12b.o
                0x00000be0                SystemHFXOClockSet
 .text.SystemInit
                0x00000c00       0x1c ./gecko_sdk_4.0.0/platform/Device/SiliconLabs/EFM32PG12B/Source/system_efm32pg12b.o
                0x00000c00                SystemInit
 .text.SystemLFRCOClockGet
                0x00000c1c        0x6 ./gecko_sdk_4.0.0/platform/Device/SiliconLabs/EFM32PG12B/Source/system_efm32pg12b.o
                0x00000c1c                SystemLFRCOClockGet
 .text.SystemULFRCOClockGet
                0x00000c22        0x6 ./gecko_sdk_4.0.0/platform/Device/SiliconLabs/EFM32PG12B/Source/system_efm32pg12b.o
                0x00000c22                SystemULFRCOClockGet
 .text.SystemLFXOClockGet
                0x00000c28        0xc ./gecko_sdk_4.0.0/platform/Device/SiliconLabs/EFM32PG12B/Source/system_efm32pg12b.o
                0x00000c28                SystemLFXOClockGet
 .text.sl_slist_init
                0x00000c34        0x6 ./gecko_sdk_4.0.0/platform/common/src/sl_slist.o
                0x00000c34                sl_slist_init
 *fill*         0x00000c3a        0x2 
 .text._sbrk    0x00000c3c       0x20 ./gecko_sdk_4.0.0/platform/common/toolchain/src/sl_memory.o
                0x00000c3c                _sbrk
 .text.sl_button_init
                0x00000c5c        0xa ./gecko_sdk_4.0.0/platform/driver/button/src/sl_button.o
                0x00000c5c                sl_button_init
 .text.sl_button_get_state
                0x00000c66        0xa ./gecko_sdk_4.0.0/platform/driver/button/src/sl_button.o
                0x00000c66                sl_button_get_state
 .text.GPIO_PinInGet
                0x00000c70       0x84 ./gecko_sdk_4.0.0/platform/driver/button/src/sl_simple_button.o
 .text.sli_simple_button_on_change
                0x00000cf4       0x28 ./gecko_sdk_4.0.0/platform/driver/button/src/sl_simple_button.o
 .text.sl_simple_button_init
                0x00000d1c       0x70 ./gecko_sdk_4.0.0/platform/driver/button/src/sl_simple_button.o
                0x00000d1c                sl_simple_button_init
 .text.sl_simple_button_get_state
                0x00000d8c        0x6 ./gecko_sdk_4.0.0/platform/driver/button/src/sl_simple_button.o
                0x00000d8c                sl_simple_button_get_state
 .text.sl_simple_button_poll_step
                0x00000d92       0x52 ./gecko_sdk_4.0.0/platform/driver/button/src/sl_simple_button.o
                0x00000d92                sl_simple_button_poll_step
 .text.sl_simple_button_enable
                0x00000de4       0x12 ./gecko_sdk_4.0.0/platform/driver/button/src/sl_simple_button.o
                0x00000de4                sl_simple_button_enable
 .text.sl_simple_button_disable
                0x00000df6       0x30 ./gecko_sdk_4.0.0/platform/driver/button/src/sl_simple_button.o
                0x00000df6                sl_simple_button_disable
 .text.sl_led_init
                0x00000e26        0x6 ./gecko_sdk_4.0.0/platform/driver/leddrv/src/sl_led.o
                0x00000e26                sl_led_init
 .text.GPIO_PinOutClear
                0x00000e2c       0x80 ./gecko_sdk_4.0.0/platform/driver/leddrv/src/sl_simple_led.o
 .text.GPIO_PinOutSet
                0x00000eac       0x80 ./gecko_sdk_4.0.0/platform/driver/leddrv/src/sl_simple_led.o
 .text.sl_simple_led_init
                0x00000f2c       0x34 ./gecko_sdk_4.0.0/platform/driver/leddrv/src/sl_simple_led.o
                0x00000f2c                sl_simple_led_init
 .text.sl_simple_led_turn_on
                0x00000f60       0x12 ./gecko_sdk_4.0.0/platform/driver/leddrv/src/sl_simple_led.o
                0x00000f60                sl_simple_led_turn_on
 .text.sl_simple_led_turn_off
                0x00000f72       0x12 ./gecko_sdk_4.0.0/platform/driver/leddrv/src/sl_simple_led.o
                0x00000f72                sl_simple_led_turn_off
 .text.sl_simple_led_toggle
                0x00000f84       0x80 ./gecko_sdk_4.0.0/platform/driver/leddrv/src/sl_simple_led.o
                0x00000f84                sl_simple_led_toggle
 .text.sl_simple_led_get_state
                0x00001004       0x90 ./gecko_sdk_4.0.0/platform/driver/leddrv/src/sl_simple_led.o
                0x00001004                sl_simple_led_get_state
 .text.GPIOINT_IRQDispatcher
                0x00001094       0x3c ./gecko_sdk_4.0.0/platform/emdrv/gpiointerrupt/src/gpiointerrupt.o
 .text.GPIOINT_Init
                0x000010d0       0x30 ./gecko_sdk_4.0.0/platform/emdrv/gpiointerrupt/src/gpiointerrupt.o
                0x000010d0                GPIOINT_Init
 .text.GPIOINT_CallbackRegister
                0x00001100       0x24 ./gecko_sdk_4.0.0/platform/emdrv/gpiointerrupt/src/gpiointerrupt.o
                0x00001100                GPIOINT_CallbackRegister
 .text.GPIOINT_CallbackRegisterExt
                0x00001124       0x58 ./gecko_sdk_4.0.0/platform/emdrv/gpiointerrupt/src/gpiointerrupt.o
                0x00001124                GPIOINT_CallbackRegisterExt
 .text.GPIO_EVEN_IRQHandler
                0x0000117c       0x1c ./gecko_sdk_4.0.0/platform/emdrv/gpiointerrupt/src/gpiointerrupt.o
                0x0000117c                GPIO_EVEN_IRQHandler
 .text.GPIO_ODD_IRQHandler
                0x00001198       0x1c ./gecko_sdk_4.0.0/platform/emdrv/gpiointerrupt/src/gpiointerrupt.o
                0x00001198                GPIO_ODD_IRQHandler
 .text.assertEFM
                0x000011b4        0x2 ./gecko_sdk_4.0.0/platform/emlib/src/em_assert.o
                0x000011b4                assertEFM
 *fill*         0x000011b6        0x2 
 .text.setHfLeConfig
                0x000011b8       0x44 ./gecko_sdk_4.0.0/platform/emlib/src/em_cmu.o
 .text.flashWaitStateControl
                0x000011fc       0x54 ./gecko_sdk_4.0.0/platform/emlib/src/em_cmu.o
 .text.SL_Log2ToDiv
                0x00001250       0x1c ./gecko_sdk_4.0.0/platform/emlib/src/em_cmu.o
 .text.flashWaitStateMax
                0x0000126c       0x24 ./gecko_sdk_4.0.0/platform/emlib/src/em_cmu.o
 .text.EMU_VScaleWait
                0x00001290       0x1c ./gecko_sdk_4.0.0/platform/emlib/src/em_cmu.o
 .text.EMU_VScaleGet
                0x000012ac       0x14 ./gecko_sdk_4.0.0/platform/emlib/src/em_cmu.o
 .text.syncReg  0x000012c0       0x18 ./gecko_sdk_4.0.0/platform/emlib/src/em_cmu.o
 .text.CMU_UpdateWaitStates
                0x000012d8       0x1c ./gecko_sdk_4.0.0/platform/emlib/src/em_cmu.o
                0x000012d8                CMU_UpdateWaitStates
 .text.CMU_ClockEnable
                0x000012f4       0x90 ./gecko_sdk_4.0.0/platform/emlib/src/em_cmu.o
                0x000012f4                CMU_ClockEnable
 .text.CMU_ClockPrescGet
                0x00001384       0xec ./gecko_sdk_4.0.0/platform/emlib/src/em_cmu.o
                0x00001384                CMU_ClockPrescGet
 .text.CMU_ClockDivGet
                0x00001470        0xa ./gecko_sdk_4.0.0/platform/emlib/src/em_cmu.o
                0x00001470                CMU_ClockDivGet
 *fill*         0x0000147a        0x2 
 .text.CMU_ClockSelectGet
                0x0000147c       0xcc ./gecko_sdk_4.0.0/platform/emlib/src/em_cmu.o
                0x0000147c                CMU_ClockSelectGet
 .text.lfClkGet
                0x00001548       0xc8 ./gecko_sdk_4.0.0/platform/emlib/src/em_cmu.o
 .text.CMU_ClockFreqGet
                0x00001610      0x1e0 ./gecko_sdk_4.0.0/platform/emlib/src/em_cmu.o
                0x00001610                CMU_ClockFreqGet
 .text.CMU_LFXOPrecisionSet
                0x000017f0        0xc ./gecko_sdk_4.0.0/platform/emlib/src/em_cmu.o
                0x000017f0                CMU_LFXOPrecisionSet
 .text.CMU_OscillatorTuningSet
                0x000017fc       0xf4 ./gecko_sdk_4.0.0/platform/emlib/src/em_cmu.o
                0x000017fc                CMU_OscillatorTuningSet
 .text.CMU_OscillatorTuningWait
                0x000018f0       0x68 ./gecko_sdk_4.0.0/platform/emlib/src/em_cmu.o
                0x000018f0                CMU_OscillatorTuningWait
 .text.CMU_OscillatorTuningOptimize
                0x00001958       0x38 ./gecko_sdk_4.0.0/platform/emlib/src/em_cmu.o
                0x00001958                CMU_OscillatorTuningOptimize
 .text.CMU_OscillatorEnable
                0x00001990      0x124 ./gecko_sdk_4.0.0/platform/emlib/src/em_cmu.o
                0x00001990                CMU_OscillatorEnable
 .text.CMU_ClockSelectSet
                0x00001ab4      0x214 ./gecko_sdk_4.0.0/platform/emlib/src/em_cmu.o
                0x00001ab4                CMU_ClockSelectSet
 .text.CMU_HFXOInit
                0x00001cc8       0xb8 ./gecko_sdk_4.0.0/platform/emlib/src/em_cmu.o
                0x00001cc8                CMU_HFXOInit
 .text.CMU_LFXOInit
                0x00001d80       0x58 ./gecko_sdk_4.0.0/platform/emlib/src/em_cmu.o
                0x00001d80                CMU_LFXOInit
 .text.CORE_EnterCritical
                0x00001dd8        0x8 ./gecko_sdk_4.0.0/platform/emlib/src/em_core.o
                0x00001dd8                CORE_EnterCritical
 .text.CORE_ExitCritical
                0x00001de0        0x6 ./gecko_sdk_4.0.0/platform/emlib/src/em_core.o
                0x00001de0                CORE_ExitCritical
 .text.CORE_EnterAtomic
                0x00001de6        0xc ./gecko_sdk_4.0.0/platform/emlib/src/em_core.o
                0x00001de6                CORE_EnterAtomic
 .text.CORE_ExitAtomic
                0x00001df2        0x6 ./gecko_sdk_4.0.0/platform/emlib/src/em_core.o
                0x00001df2                CORE_ExitAtomic
 .text.CORE_NvicIRQDisabled
                0x00001df8       0x34 ./gecko_sdk_4.0.0/platform/emlib/src/em_core.o
                0x00001df8                CORE_NvicIRQDisabled
 .text.EMU_LDOStatusGet
                0x00001e2c       0x14 ./gecko_sdk_4.0.0/platform/emlib/src/em_emu.o
 .text.lpGetDevinfoVrefLowHigh
                0x00001e40       0xa8 ./gecko_sdk_4.0.0/platform/emlib/src/em_emu.o
 .text.EMU_VScaleWait
                0x00001ee8       0x18 ./gecko_sdk_4.0.0/platform/emlib/src/em_emu.o
 .text.vScaleDownEM23Setup
                0x00001f00       0x30 ./gecko_sdk_4.0.0/platform/emlib/src/em_emu.o
 .text.vScaleAfterWakeup
                0x00001f30       0x2c ./gecko_sdk_4.0.0/platform/emlib/src/em_emu.o
 .text.emState.part.0
                0x00001f5c       0xb8 ./gecko_sdk_4.0.0/platform/emlib/src/em_emu.o
 .text.lpCmpHystCalibrationLoad.constprop.0
                0x00002014       0x78 ./gecko_sdk_4.0.0/platform/emlib/src/em_emu.o
 .text.emState.constprop.0
                0x0000208c       0x48 ./gecko_sdk_4.0.0/platform/emlib/src/em_emu.o
 .text.EMU_EM23Init
                0x000020d4       0x34 ./gecko_sdk_4.0.0/platform/emlib/src/em_emu.o
                0x000020d4                EMU_EM23Init
 .text.EMU_EM23PresleepHook
                0x00002108        0x2 ./gecko_sdk_4.0.0/platform/emlib/src/em_emu.o
                0x00002108                EMU_EM23PresleepHook
 .text.EMU_EFPEM23PresleepHook
                0x0000210a        0x2 ./gecko_sdk_4.0.0/platform/emlib/src/em_emu.o
                0x0000210a                EMU_EFPEM23PresleepHook
 .text.EMU_EFPEM23PostsleepHook
                0x0000210c        0x2 ./gecko_sdk_4.0.0/platform/emlib/src/em_emu.o
                0x0000210c                EMU_EFPEM23PostsleepHook
 *fill*         0x0000210e        0x2 
 .text.EMU_EnterEM2
                0x00002110       0x70 ./gecko_sdk_4.0.0/platform/emlib/src/em_emu.o
                0x00002110                EMU_EnterEM2
 .text.EMU_EnterEM3
                0x00002180       0x88 ./gecko_sdk_4.0.0/platform/emlib/src/em_emu.o
                0x00002180                EMU_EnterEM3
 .text.EMU_Save
                0x00002208        0x4 ./gecko_sdk_4.0.0/platform/emlib/src/em_emu.o
                0x00002208                EMU_Save
 .text.EMU_Restore
                0x0000220c        0x4 ./gecko_sdk_4.0.0/platform/emlib/src/em_emu.o
                0x0000220c                EMU_Restore
 .text.EMU_EM4Init
                0x00002210       0x54 ./gecko_sdk_4.0.0/platform/emlib/src/em_emu.o
                0x00002210                EMU_EM4Init
 .text.EMU_VScaleEM01
                0x00002264       0x80 ./gecko_sdk_4.0.0/platform/emlib/src/em_emu.o
                0x00002264                EMU_VScaleEM01
 .text.EMU_VScaleEM01ByClock
                0x000022e4       0x50 ./gecko_sdk_4.0.0/platform/emlib/src/em_emu.o
                0x000022e4                EMU_VScaleEM01ByClock
 .text.EMU_EM01Init
                0x00002334       0x14 ./gecko_sdk_4.0.0/platform/emlib/src/em_emu.o
                0x00002334                EMU_EM01Init
 .text.EMU_DCDCModeSet
                0x00002348       0x94 ./gecko_sdk_4.0.0/platform/emlib/src/em_emu.o
                0x00002348                EMU_DCDCModeSet
 .text.EMU_DCDCOutputVoltageSet
                0x000023dc      0x18c ./gecko_sdk_4.0.0/platform/emlib/src/em_emu.o
                0x000023dc                EMU_DCDCOutputVoltageSet
 .text.EMU_DCDCOptimizeSlice
                0x00002568       0xe0 ./gecko_sdk_4.0.0/platform/emlib/src/em_emu.o
                0x00002568                EMU_DCDCOptimizeSlice
 .text.EMU_DCDCLnRcoBandSet
                0x00002648       0x44 ./gecko_sdk_4.0.0/platform/emlib/src/em_emu.o
                0x00002648                EMU_DCDCLnRcoBandSet
 .text.EMU_DCDCInit
                0x0000268c      0x18c ./gecko_sdk_4.0.0/platform/emlib/src/em_emu.o
                0x0000268c                EMU_DCDCInit
 .text.BUS_RegBitWrite
                0x00002818       0x2c ./gecko_sdk_4.0.0/platform/emlib/src/em_gpio.o
 .text.GPIO_PinOutSet
                0x00002844       0x80 ./gecko_sdk_4.0.0/platform/emlib/src/em_gpio.o
 .text.GPIO_PinOutClear
                0x000028c4       0x80 ./gecko_sdk_4.0.0/platform/emlib/src/em_gpio.o
 .text.BUS_RegMaskedWrite
                0x00002944       0x22 ./gecko_sdk_4.0.0/platform/emlib/src/em_gpio.o
 *fill*         0x00002966        0x2 
 .text.GPIO_ExtIntConfig
                0x00002968      0x120 ./gecko_sdk_4.0.0/platform/emlib/src/em_gpio.o
                0x00002968                GPIO_ExtIntConfig
 .text.GPIO_PinModeSet
                0x00002a88       0xd4 ./gecko_sdk_4.0.0/platform/emlib/src/em_gpio.o
                0x00002a88                GPIO_PinModeSet
 .text.RTCC_ChannelInit
                0x00002b5c       0x58 ./gecko_sdk_4.0.0/platform/emlib/src/em_rtcc.o
                0x00002b5c                RTCC_ChannelInit
 .text.RTCC_Enable
                0x00002bb4        0xc ./gecko_sdk_4.0.0/platform/emlib/src/em_rtcc.o
                0x00002bb4                RTCC_Enable
 .text.RTCC_Init
                0x00002bc0       0x68 ./gecko_sdk_4.0.0/platform/emlib/src/em_rtcc.o
                0x00002bc0                RTCC_Init
 .text.USART_BaudrateAsyncSet
                0x00002c28       0xe0 ./gecko_sdk_4.0.0/platform/emlib/src/em_usart.o
                0x00002c28                USART_BaudrateAsyncSet
 .text.USART_BaudrateSyncSet
                0x00002d08       0x4c ./gecko_sdk_4.0.0/platform/emlib/src/em_usart.o
                0x00002d08                USART_BaudrateSyncSet
 .text.USART_Enable
                0x00002d54       0x44 ./gecko_sdk_4.0.0/platform/emlib/src/em_usart.o
                0x00002d54                USART_Enable
 .text.USART_Reset
                0x00002d98       0x90 ./gecko_sdk_4.0.0/platform/emlib/src/em_usart.o
                0x00002d98                USART_Reset
 .text.USART_InitAsync
                0x00002e28       0xb0 ./gecko_sdk_4.0.0/platform/emlib/src/em_usart.o
                0x00002e28                USART_InitAsync
 .text.USART_InitSync
                0x00002ed8       0xc0 ./gecko_sdk_4.0.0/platform/emlib/src/em_usart.o
                0x00002ed8                USART_InitSync
 .text.USART_Rx
                0x00002f98        0xc ./gecko_sdk_4.0.0/platform/emlib/src/em_usart.o
                0x00002f98                USART_Rx
 .text.USART_Tx
                0x00002fa4        0xa ./gecko_sdk_4.0.0/platform/emlib/src/em_usart.o
                0x00002fa4                USART_Tx
 *fill*         0x00002fae        0x2 
 .text.setLineDirty
                0x00002fb0       0x20 ./gecko_sdk_4.0.0/platform/middleware/glib/dmd/display/dmd_memlcd.o
 .text.DMD_getDisplayGeometry
                0x00002fd0       0x1c ./gecko_sdk_4.0.0/platform/middleware/glib/dmd/display/dmd_memlcd.o
                0x00002fd0                DMD_getDisplayGeometry
 .text.DMD_setClippingArea
                0x00002fec       0x40 ./gecko_sdk_4.0.0/platform/middleware/glib/dmd/display/dmd_memlcd.o
                0x00002fec                DMD_setClippingArea
 .text.DMD_writeColor
                0x0000302c      0x124 ./gecko_sdk_4.0.0/platform/middleware/glib/dmd/display/dmd_memlcd.o
                0x0000302c                DMD_writeColor
 .text.DMD_init
                0x00003150       0x54 ./gecko_sdk_4.0.0/platform/middleware/glib/dmd/display/dmd_memlcd.o
                0x00003150                DMD_init
 .text.DMD_updateDisplay
                0x000031a4       0x80 ./gecko_sdk_4.0.0/platform/middleware/glib/dmd/display/dmd_memlcd.o
                0x000031a4                DMD_updateDisplay
 .text.GLIB_resetDisplayClippingArea
                0x00003224       0x14 ./gecko_sdk_4.0.0/platform/middleware/glib/glib/glib.o
                0x00003224                GLIB_resetDisplayClippingArea
 .text.GLIB_clear
                0x00003238       0x36 ./gecko_sdk_4.0.0/platform/middleware/glib/glib/glib.o
                0x00003238                GLIB_clear
 .text.GLIB_applyClippingRegion
                0x0000326e       0x2a ./gecko_sdk_4.0.0/platform/middleware/glib/glib/glib.o
                0x0000326e                GLIB_applyClippingRegion
 .text.GLIB_setClippingRegion
                0x00003298       0x48 ./gecko_sdk_4.0.0/platform/middleware/glib/glib/glib.o
                0x00003298                GLIB_setClippingRegion
 .text.GLIB_contextInit
                0x000032e0       0x54 ./gecko_sdk_4.0.0/platform/middleware/glib/glib/glib.o
                0x000032e0                GLIB_contextInit
 .text.GLIB_drawPixel
                0x00003334       0x38 ./gecko_sdk_4.0.0/platform/middleware/glib/glib/glib.o
                0x00003334                GLIB_drawPixel
 .text.GLIB_drawPixelColor
                0x0000336c       0x36 ./gecko_sdk_4.0.0/platform/middleware/glib/glib/glib.o
                0x0000336c                GLIB_drawPixelColor
 .text.GLIB_rectContainsPoint
                0x000033a2       0x24 ./gecko_sdk_4.0.0/platform/middleware/glib/glib/glib_rectangle.o
                0x000033a2                GLIB_rectContainsPoint
 .text.GLIB_drawChar
                0x000033c6      0x120 ./gecko_sdk_4.0.0/platform/middleware/glib/glib/glib_string.o
                0x000033c6                GLIB_drawChar
 .text.GLIB_setFont
                0x000034e6       0x1a ./gecko_sdk_4.0.0/platform/middleware/glib/glib/glib_string.o
                0x000034e6                GLIB_setFont
 .text.sl_device_init_dcdc
                0x00003500       0x2c ./gecko_sdk_4.0.0/platform/service/device_init/src/sl_device_init_dcdc_s1.o
                0x00003500                sl_device_init_dcdc
 .text.sl_device_init_emu
                0x0000352c       0x1c ./gecko_sdk_4.0.0/platform/service/device_init/src/sl_device_init_emu_s1.o
                0x0000352c                sl_device_init_emu
 .text.sl_device_init_hfxo
                0x00003548       0x54 ./gecko_sdk_4.0.0/platform/service/device_init/src/sl_device_init_hfxo_s1.o
                0x00003548                sl_device_init_hfxo
 .text.sl_device_init_lfxo
                0x0000359c       0x28 ./gecko_sdk_4.0.0/platform/service/device_init/src/sl_device_init_lfxo_s1.o
                0x0000359c                sl_device_init_lfxo
 .text.sl_device_init_nvic
                0x000035c4       0x3c ./gecko_sdk_4.0.0/platform/service/device_init/src/sl_device_init_nvic.o
                0x000035c4                sl_device_init_nvic
 .text.sl_iostream_set_default
                0x00003600       0x18 ./gecko_sdk_4.0.0/platform/service/iostream/src/sl_iostream.o
                0x00003600                sl_iostream_set_default
 .text.sl_iostream_get_default
                0x00003618       0x18 ./gecko_sdk_4.0.0/platform/service/iostream/src/sl_iostream.o
                0x00003618                sl_iostream_get_default
 .text.sl_iostream_write
                0x00003630       0x28 ./gecko_sdk_4.0.0/platform/service/iostream/src/sl_iostream.o
                0x00003630                sl_iostream_write
 .text.sl_iostream_read
                0x00003658       0x32 ./gecko_sdk_4.0.0/platform/service/iostream/src/sl_iostream.o
                0x00003658                sl_iostream_read
 .text.sleep_on_isr_exit
                0x0000368a       0x1c ./gecko_sdk_4.0.0/platform/service/iostream/src/sl_iostream_uart.o
 .text.set_auto_cr_lf
                0x000036a6        0x6 ./gecko_sdk_4.0.0/platform/service/iostream/src/sl_iostream_uart.o
 .text.get_auto_cr_lf
                0x000036ac        0x6 ./gecko_sdk_4.0.0/platform/service/iostream/src/sl_iostream_uart.o
 .text.get_rx_energy_mode_restriction
                0x000036b2        0x6 ./gecko_sdk_4.0.0/platform/service/iostream/src/sl_iostream_uart.o
 .text.__NVIC_ClearPendingIRQ
                0x000036b8       0x20 ./gecko_sdk_4.0.0/platform/service/iostream/src/sl_iostream_uart.o
 .text.set_rx_energy_mode_restriction
                0x000036d8       0x50 ./gecko_sdk_4.0.0/platform/service/iostream/src/sl_iostream_uart.o
 .text.uart_deinit
                0x00003728       0x88 ./gecko_sdk_4.0.0/platform/service/iostream/src/sl_iostream_uart.o
 .text.nolock_uart_write.isra.0
                0x000037b0       0x96 ./gecko_sdk_4.0.0/platform/service/iostream/src/sl_iostream_uart.o
 .text.uart_read
                0x00003846       0x84 ./gecko_sdk_4.0.0/platform/service/iostream/src/sl_iostream_uart.o
 .text.uart_write
                0x000038ca        0xa ./gecko_sdk_4.0.0/platform/service/iostream/src/sl_iostream_uart.o
 .text.sli_iostream_uart_context_init
                0x000038d4      0x114 ./gecko_sdk_4.0.0/platform/service/iostream/src/sl_iostream_uart.o
                0x000038d4                sli_iostream_uart_context_init
 .text.sli_uart_is_rx_space_avail
                0x000039e8       0x20 ./gecko_sdk_4.0.0/platform/service/iostream/src/sl_iostream_uart.o
                0x000039e8                sli_uart_is_rx_space_avail
 .text.sli_uart_push_rxd_data
                0x00003a08       0x90 ./gecko_sdk_4.0.0/platform/service/iostream/src/sl_iostream_uart.o
                0x00003a08                sli_uart_push_rxd_data
 .text.sli_uart_txc
                0x00003a98       0x4c ./gecko_sdk_4.0.0/platform/service/iostream/src/sl_iostream_uart.o
                0x00003a98                sli_uart_txc
 .text.usart_enable_rx
                0x00003ae4        0xc ./gecko_sdk_4.0.0/platform/service/iostream/src/sl_iostream_usart.o
 .text.usart_deinit
                0x00003af0       0x70 ./gecko_sdk_4.0.0/platform/service/iostream/src/sl_iostream_usart.o
 .text.usart_tx
                0x00003b60        0xc ./gecko_sdk_4.0.0/platform/service/iostream/src/sl_iostream_usart.o
 .text.usart_tx_completed
                0x00003b6c       0x1a ./gecko_sdk_4.0.0/platform/service/iostream/src/sl_iostream_usart.o
 *fill*         0x00003b86        0x2 
 .text.sl_iostream_usart_init
                0x00003b88      0x16c ./gecko_sdk_4.0.0/platform/service/iostream/src/sl_iostream_usart.o
                0x00003b88                sl_iostream_usart_init
 .text.sl_iostream_usart_irq_handler
                0x00003cf4       0x4a ./gecko_sdk_4.0.0/platform/service/iostream/src/sl_iostream_usart.o
                0x00003cf4                sl_iostream_usart_irq_handler
 *fill*         0x00003d3e        0x2 
 .text.get_lowest_em
                0x00003d40       0x14 ./gecko_sdk_4.0.0/platform/service/power_manager/src/sl_power_manager.o
 .text.power_manager_notify_em_transition
                0x00003d54       0x74 ./gecko_sdk_4.0.0/platform/service/power_manager/src/sl_power_manager.o
 .text.clock_restore
                0x00003dc8       0x58 ./gecko_sdk_4.0.0/platform/service/power_manager/src/sl_power_manager.o
 .text.on_clock_wakeup_timeout
                0x00003e20       0x24 ./gecko_sdk_4.0.0/platform/service/power_manager/src/sl_power_manager.o
 .text.update_em1_requirement
                0x00003e44       0x60 ./gecko_sdk_4.0.0/platform/service/power_manager/src/sl_power_manager.o
 .text.sl_power_manager_init
                0x00003ea4       0x60 ./gecko_sdk_4.0.0/platform/service/power_manager/src/sl_power_manager.o
                0x00003ea4                sl_power_manager_init
 .text.sli_power_manager_update_em_requirement
                0x00003f04       0xf4 ./gecko_sdk_4.0.0/platform/service/power_manager/src/sl_power_manager.o
                0x00003f04                sli_power_manager_update_em_requirement
 .text.sli_power_manager_get_restore_delay
                0x00003ff8       0x34 ./gecko_sdk_4.0.0/platform/service/power_manager/src/sl_power_manager.o
                0x00003ff8                sli_power_manager_get_restore_delay
 .text.sli_power_manager_initiate_restore
                0x0000402c       0x18 ./gecko_sdk_4.0.0/platform/service/power_manager/src/sl_power_manager.o
                0x0000402c                sli_power_manager_initiate_restore
 .text.sli_power_manager_convert_delay_us_to_tick
                0x00004044       0x20 ./gecko_sdk_4.0.0/platform/service/power_manager/src/sl_power_manager.o
                0x00004044                sli_power_manager_convert_delay_us_to_tick
 .text.sl_power_manager_sleep
                0x00004064      0x1d0 ./gecko_sdk_4.0.0/platform/service/power_manager/src/sl_power_manager.o
                0x00004064                sl_power_manager_sleep
 .text.sl_power_manager_is_latest_wakeup_internal
                0x00004234       0x20 ./gecko_sdk_4.0.0/platform/service/power_manager/src/sl_power_manager.o
                0x00004234                sl_power_manager_is_latest_wakeup_internal
 .text.sli_power_manager_em23_voltage_scaling_enable_fast_wakeup
                0x00004254       0x4c ./gecko_sdk_4.0.0/platform/service/power_manager/src/sl_power_manager_hal_s0_s1.o
                0x00004254                sli_power_manager_em23_voltage_scaling_enable_fast_wakeup
 .text.sli_power_manager_init_hardware
                0x000042a0       0xf8 ./gecko_sdk_4.0.0/platform/service/power_manager/src/sl_power_manager_hal_s0_s1.o
                0x000042a0                sli_power_manager_init_hardware
 .text.sli_power_manager_save_states
                0x00004398        0x4 ./gecko_sdk_4.0.0/platform/service/power_manager/src/sl_power_manager_hal_s0_s1.o
                0x00004398                sli_power_manager_save_states
 .text.EMU_EM23PostsleepHook
                0x0000439c       0x3c ./gecko_sdk_4.0.0/platform/service/power_manager/src/sl_power_manager_hal_s0_s1.o
                0x0000439c                EMU_EM23PostsleepHook
 .text.sli_power_manager_handle_pre_deepsleep_operations
                0x000043d8        0x2 ./gecko_sdk_4.0.0/platform/service/power_manager/src/sl_power_manager_hal_s0_s1.o
                0x000043d8                sli_power_manager_handle_pre_deepsleep_operations
 .text.sli_power_manager_restore_high_freq_accuracy_clk
                0x000043da        0x2 ./gecko_sdk_4.0.0/platform/service/power_manager/src/sl_power_manager_hal_s0_s1.o
                0x000043da                sli_power_manager_restore_high_freq_accuracy_clk
 .text.sli_power_manager_is_high_freq_accuracy_clk_ready
                0x000043dc        0x4 ./gecko_sdk_4.0.0/platform/service/power_manager/src/sl_power_manager_hal_s0_s1.o
                0x000043dc                sli_power_manager_is_high_freq_accuracy_clk_ready
 .text.sli_power_manager_restore_states
                0x000043e0       0x50 ./gecko_sdk_4.0.0/platform/service/power_manager/src/sl_power_manager_hal_s0_s1.o
                0x000043e0                sli_power_manager_restore_states
 .text.sli_power_manager_apply_em
                0x00004430       0x38 ./gecko_sdk_4.0.0/platform/service/power_manager/src/sl_power_manager_hal_s0_s1.o
                0x00004430                sli_power_manager_apply_em
 .text.sli_power_manager_get_default_high_frequency_minimum_offtime
                0x00004468        0x8 ./gecko_sdk_4.0.0/platform/service/power_manager/src/sl_power_manager_hal_s0_s1.o
                0x00004468                sli_power_manager_get_default_high_frequency_minimum_offtime
 .text.sli_power_manager_get_wakeup_process_time_overhead
                0x00004470       0x1c ./gecko_sdk_4.0.0/platform/service/power_manager/src/sl_power_manager_hal_s0_s1.o
                0x00004470                sli_power_manager_get_wakeup_process_time_overhead
 .text.sli_power_manager_low_frequency_restore
                0x0000448c       0x2c ./gecko_sdk_4.0.0/platform/service/power_manager/src/sl_power_manager_hal_s0_s1.o
                0x0000448c                sli_power_manager_low_frequency_restore
 .text.update_delta_list
                0x000044b8       0x38 ./gecko_sdk_4.0.0/platform/service/sleeptimer/src/sl_sleeptimer.o
 .text.delta_list_insert_timer
                0x000044f0       0x5c ./gecko_sdk_4.0.0/platform/service/sleeptimer/src/sl_sleeptimer.o
 .text.set_comparator_for_next_timer
                0x0000454c       0x4c ./gecko_sdk_4.0.0/platform/service/sleeptimer/src/sl_sleeptimer.o
 .text.create_timer
                0x00004598       0x68 ./gecko_sdk_4.0.0/platform/service/sleeptimer/src/sl_sleeptimer.o
 .text.delta_list_remove_timer
                0x00004600       0x38 ./gecko_sdk_4.0.0/platform/service/sleeptimer/src/sl_sleeptimer.o
 .text.sl_sleeptimer_init
                0x00004638       0x74 ./gecko_sdk_4.0.0/platform/service/sleeptimer/src/sl_sleeptimer.o
                0x00004638                sl_sleeptimer_init
 .text.sl_sleeptimer_stop_timer
                0x000046ac       0x50 ./gecko_sdk_4.0.0/platform/service/sleeptimer/src/sl_sleeptimer.o
                0x000046ac                sl_sleeptimer_stop_timer
 .text.sl_sleeptimer_restart_timer
                0x000046fc       0x34 ./gecko_sdk_4.0.0/platform/service/sleeptimer/src/sl_sleeptimer.o
                0x000046fc                sl_sleeptimer_restart_timer
 .text.sl_sleeptimer_restart_periodic_timer
                0x00004730       0x34 ./gecko_sdk_4.0.0/platform/service/sleeptimer/src/sl_sleeptimer.o
                0x00004730                sl_sleeptimer_restart_periodic_timer
 .text.sl_sleeptimer_is_timer_running
                0x00004764       0x38 ./gecko_sdk_4.0.0/platform/service/sleeptimer/src/sl_sleeptimer.o
                0x00004764                sl_sleeptimer_is_timer_running
 .text.sl_sleeptimer_start_periodic_timer
                0x0000479c       0x48 ./gecko_sdk_4.0.0/platform/service/sleeptimer/src/sl_sleeptimer.o
                0x0000479c                sl_sleeptimer_start_periodic_timer
 .text.sl_sleeptimer_get_remaining_time_of_first_timer
                0x000047e4       0x64 ./gecko_sdk_4.0.0/platform/service/sleeptimer/src/sl_sleeptimer.o
                0x000047e4                sl_sleeptimer_get_remaining_time_of_first_timer
 .text.sli_sleeptimer_is_power_manager_timer_next_to_expire
                0x00004848        0xc ./gecko_sdk_4.0.0/platform/service/sleeptimer/src/sl_sleeptimer.o
                0x00004848                sli_sleeptimer_is_power_manager_timer_next_to_expire
 .text.sl_sleeptimer_get_tick_count
                0x00004854       0x18 ./gecko_sdk_4.0.0/platform/service/sleeptimer/src/sl_sleeptimer.o
                0x00004854                sl_sleeptimer_get_tick_count
 .text.sl_sleeptimer_get_timer_frequency
                0x0000486c        0xc ./gecko_sdk_4.0.0/platform/service/sleeptimer/src/sl_sleeptimer.o
                0x0000486c                sl_sleeptimer_get_timer_frequency
 .text.sl_sleeptimer_ms32_to_tick
                0x00004878       0x3c ./gecko_sdk_4.0.0/platform/service/sleeptimer/src/sl_sleeptimer.o
                0x00004878                sl_sleeptimer_ms32_to_tick
 .text.process_timer_irq
                0x000048b4      0x134 ./gecko_sdk_4.0.0/platform/service/sleeptimer/src/sl_sleeptimer.o
                0x000048b4                process_timer_irq
 .text.sl_sleeptimer_is_power_manager_early_restore_timer_latest_to_expire
                0x000049e8       0x18 ./gecko_sdk_4.0.0/platform/service/sleeptimer/src/sl_sleeptimer.o
                0x000049e8                sl_sleeptimer_is_power_manager_early_restore_timer_latest_to_expire
 .text.CMU_PrescToLog2.constprop.0
                0x00004a00        0x4 ./gecko_sdk_4.0.0/platform/service/sleeptimer/src/sl_sleeptimer_hal_rtcc.o
 .text.sleeptimer_hal_init_timer
                0x00004a04       0x8c ./gecko_sdk_4.0.0/platform/service/sleeptimer/src/sl_sleeptimer_hal_rtcc.o
                0x00004a04                sleeptimer_hal_init_timer
 .text.sleeptimer_hal_get_counter
                0x00004a90        0xc ./gecko_sdk_4.0.0/platform/service/sleeptimer/src/sl_sleeptimer_hal_rtcc.o
                0x00004a90                sleeptimer_hal_get_counter
 .text.sleeptimer_hal_set_compare
                0x00004a9c       0x50 ./gecko_sdk_4.0.0/platform/service/sleeptimer/src/sl_sleeptimer_hal_rtcc.o
                0x00004a9c                sleeptimer_hal_set_compare
 .text.sleeptimer_hal_enable_int
                0x00004aec       0x1c ./gecko_sdk_4.0.0/platform/service/sleeptimer/src/sl_sleeptimer_hal_rtcc.o
                0x00004aec                sleeptimer_hal_enable_int
 .text.sleeptimer_hal_disable_int
                0x00004b08       0x30 ./gecko_sdk_4.0.0/platform/service/sleeptimer/src/sl_sleeptimer_hal_rtcc.o
                0x00004b08                sleeptimer_hal_disable_int
 .text.sli_sleeptimer_hal_is_int_status_set
                0x00004b38       0x20 ./gecko_sdk_4.0.0/platform/service/sleeptimer/src/sl_sleeptimer_hal_rtcc.o
                0x00004b38                sli_sleeptimer_hal_is_int_status_set
 .text.RTCC_IRQHandler
                0x00004b58       0x30 ./gecko_sdk_4.0.0/platform/service/sleeptimer/src/sl_sleeptimer_hal_rtcc.o
                0x00004b58                RTCC_IRQHandler
 .text.sleeptimer_hal_get_timer_frequency
                0x00004b88       0x18 ./gecko_sdk_4.0.0/platform/service/sleeptimer/src/sl_sleeptimer_hal_rtcc.o
                0x00004b88                sleeptimer_hal_get_timer_frequency
 .text.sl_system_init
                0x00004ba0       0x1a ./gecko_sdk_4.0.0/platform/service/system/src/sl_system_init.o
                0x00004ba0                sl_system_init
 .text.sl_system_process_action
                0x00004bba       0x16 ./gecko_sdk_4.0.0/platform/service/system/src/sl_system_process_action.o
                0x00004bba                sl_system_process_action
 .text.sl_udelay_wait
                0x00004bd0       0x54 ./gecko_sdk_4.0.0/platform/service/udelay/src/sl_udelay.o
                0x00004bd0                sl_udelay_wait
 *fill*         0x00004c24        0xc 
 .text          0x00004c30        0x8 ./gecko_sdk_4.0.0/platform/service/udelay/src/sl_udelay_armv6m_gcc.o
                0x00004c30                sli_delay_loop
 .text          0x00004c38       0x30 c:/siliconlabs/simplicitystudio/v5/developer/toolchains/gnu_arm/10.2_2020q4/bin/../lib/gcc/arm-none-eabi/10.2.1/thumb/v7e-m+fp/softfp\libgcc.a(_aeabi_uldivmod.o)
                0x00004c38                __aeabi_uldivmod
 .text          0x00004c68      0x2d0 c:/siliconlabs/simplicitystudio/v5/developer/toolchains/gnu_arm/10.2_2020q4/bin/../lib/gcc/arm-none-eabi/10.2.1/thumb/v7e-m+fp/softfp\libgcc.a(_udivmoddi4.o)
                0x00004c68                __udivmoddi4
 .text          0x00004f38        0x4 c:/siliconlabs/simplicitystudio/v5/developer/toolchains/gnu_arm/10.2_2020q4/bin/../lib/gcc/arm-none-eabi/10.2.1/thumb/v7e-m+fp/softfp\libgcc.a(_dvmd_tls.o)
                0x00004f38                __aeabi_idiv0
                0x00004f38                __aeabi_ldiv0
 .text.bzero    0x00004f3c        0x8 c:/siliconlabs/simplicitystudio/v5/developer/toolchains/gnu_arm/10.2_2020q4/bin/../lib/gcc/arm-none-eabi/10.2.1/../../../../arm-none-eabi/lib/thumb/v7e-m+fp/softfp\libc_nano.a(lib_a-bzero.o)
                0x00004f3c                bzero
 .text.exit     0x00004f44       0x28 c:/siliconlabs/simplicitystudio/v5/developer/toolchains/gnu_arm/10.2_2020q4/bin/../lib/gcc/arm-none-eabi/10.2.1/../../../../arm-none-eabi/lib/thumb/v7e-m+fp/softfp\libc_nano.a(lib_a-exit.o)
                0x00004f44                exit
 .text.__libc_init_array
                0x00004f6c       0x48 c:/siliconlabs/simplicitystudio/v5/developer/toolchains/gnu_arm/10.2_2020q4/bin/../lib/gcc/arm-none-eabi/10.2.1/../../../../arm-none-eabi/lib/thumb/v7e-m+fp/softfp\libc_nano.a(lib_a-init.o)
                0x00004f6c                __libc_init_array
 .text.memcpy   0x00004fb4       0x1c c:/siliconlabs/simplicitystudio/v5/developer/toolchains/gnu_arm/10.2_2020q4/bin/../lib/gcc/arm-none-eabi/10.2.1/../../../../arm-none-eabi/lib/thumb/v7e-m+fp/softfp\libc_nano.a(lib_a-memcpy-stub.o)
                0x00004fb4                memcpy
 .text.memset   0x00004fd0       0x10 c:/siliconlabs/simplicitystudio/v5/developer/toolchains/gnu_arm/10.2_2020q4/bin/../lib/gcc/arm-none-eabi/10.2.1/../../../../arm-none-eabi/lib/thumb/v7e-m+fp/softfp\libc_nano.a(lib_a-memset.o)
                0x00004fd0                memset
 .text.sprintf  0x00004fe0       0x40 c:/siliconlabs/simplicitystudio/v5/developer/toolchains/gnu_arm/10.2_2020q4/bin/../lib/gcc/arm-none-eabi/10.2.1/../../../../arm-none-eabi/lib/thumb/v7e-m+fp/softfp\libc_nano.a(lib_a-sprintf.o)
                0x00004fe0                siprintf
                0x00004fe0                sprintf
 .text          0x00005020       0x10 c:/siliconlabs/simplicitystudio/v5/developer/toolchains/gnu_arm/10.2_2020q4/bin/../lib/gcc/arm-none-eabi/10.2.1/../../../../arm-none-eabi/lib/thumb/v7e-m+fp/softfp\libc_nano.a(lib_a-strlen.o)
                0x00005020                strlen
 .text._vsprintf_r
                0x00005030       0x2c c:/siliconlabs/simplicitystudio/v5/developer/toolchains/gnu_arm/10.2_2020q4/bin/../lib/gcc/arm-none-eabi/10.2.1/../../../../arm-none-eabi/lib/thumb/v7e-m+fp/softfp\libc_nano.a(lib_a-vsprintf.o)
                0x00005030                _vsprintf_r
                0x00005030                _vsiprintf_r
 .text.vsprintf
                0x0000505c       0x14 c:/siliconlabs/simplicitystudio/v5/developer/toolchains/gnu_arm/10.2_2020q4/bin/../lib/gcc/arm-none-eabi/10.2.1/../../../../arm-none-eabi/lib/thumb/v7e-m+fp/softfp\libc_nano.a(lib_a-vsprintf.o)
                0x0000505c                vsiprintf
                0x0000505c                vsprintf
 .text.__retarget_lock_acquire_recursive
                0x00005070        0x2 c:/siliconlabs/simplicitystudio/v5/developer/toolchains/gnu_arm/10.2_2020q4/bin/../lib/gcc/arm-none-eabi/10.2.1/../../../../arm-none-eabi/lib/thumb/v7e-m+fp/softfp\libc_nano.a(lib_a-lock.o)
                0x00005070                __retarget_lock_acquire_recursive
 .text.__retarget_lock_release_recursive
                0x00005072        0x2 c:/siliconlabs/simplicitystudio/v5/developer/toolchains/gnu_arm/10.2_2020q4/bin/../lib/gcc/arm-none-eabi/10.2.1/../../../../arm-none-eabi/lib/thumb/v7e-m+fp/softfp\libc_nano.a(lib_a-lock.o)
                0x00005072                __retarget_lock_release_recursive
 .text._malloc_r
                0x00005074       0xb4 c:/siliconlabs/simplicitystudio/v5/developer/toolchains/gnu_arm/10.2_2020q4/bin/../lib/gcc/arm-none-eabi/10.2.1/../../../../arm-none-eabi/lib/thumb/v7e-m+fp/softfp\libc_nano.a(lib_a-nano-mallocr.o)
                0x00005074                _malloc_r
 .text.__ssputs_r
                0x00005128       0xb6 c:/siliconlabs/simplicitystudio/v5/developer/toolchains/gnu_arm/10.2_2020q4/bin/../lib/gcc/arm-none-eabi/10.2.1/../../../../arm-none-eabi/lib/thumb/v7e-m+fp/softfp\libc_nano.a(lib_a-nano-svfprintf.o)
                0x00005128                __ssputs_r
 *fill*         0x000051de        0x2 
 .text._svfprintf_r
                0x000051e0      0x200 c:/siliconlabs/simplicitystudio/v5/developer/toolchains/gnu_arm/10.2_2020q4/bin/../lib/gcc/arm-none-eabi/10.2.1/../../../../arm-none-eabi/lib/thumb/v7e-m+fp/softfp\libc_nano.a(lib_a-nano-svfprintf.o)
                0x000051e0                _svfiprintf_r
                0x000051e0                _svfprintf_r
 .text._printf_common
                0x000053e0       0xda c:/siliconlabs/simplicitystudio/v5/developer/toolchains/gnu_arm/10.2_2020q4/bin/../lib/gcc/arm-none-eabi/10.2.1/../../../../arm-none-eabi/lib/thumb/v7e-m+fp/softfp\libc_nano.a(lib_a-nano-vfprintf_i.o)
                0x000053e0                _printf_common
 *fill*         0x000054ba        0x2 
 .text._printf_i
                0x000054bc      0x24c c:/siliconlabs/simplicitystudio/v5/developer/toolchains/gnu_arm/10.2_2020q4/bin/../lib/gcc/arm-none-eabi/10.2.1/../../../../arm-none-eabi/lib/thumb/v7e-m+fp/softfp\libc_nano.a(lib_a-nano-vfprintf_i.o)
                0x000054bc                _printf_i
 .text._sbrk_r  0x00005708       0x20 c:/siliconlabs/simplicitystudio/v5/developer/toolchains/gnu_arm/10.2_2020q4/bin/../lib/gcc/arm-none-eabi/10.2.1/../../../../arm-none-eabi/lib/thumb/v7e-m+fp/softfp\libc_nano.a(lib_a-sbrkr.o)
                0x00005708                _sbrk_r
 *fill*         0x00005728        0x8 
 .text          0x00005730       0xa0 c:/siliconlabs/simplicitystudio/v5/developer/toolchains/gnu_arm/10.2_2020q4/bin/../lib/gcc/arm-none-eabi/10.2.1/../../../../arm-none-eabi/lib/thumb/v7e-m+fp/softfp\libc_nano.a(lib_a-memchr.o)
                0x00005730                memchr
 .text.memmove  0x000057d0       0x34 c:/siliconlabs/simplicitystudio/v5/developer/toolchains/gnu_arm/10.2_2020q4/bin/../lib/gcc/arm-none-eabi/10.2.1/../../../../arm-none-eabi/lib/thumb/v7e-m+fp/softfp\libc_nano.a(lib_a-memmove.o)
                0x000057d0                memmove
 .text.__malloc_lock
                0x00005804        0xc c:/siliconlabs/simplicitystudio/v5/developer/toolchains/gnu_arm/10.2_2020q4/bin/../lib/gcc/arm-none-eabi/10.2.1/../../../../arm-none-eabi/lib/thumb/v7e-m+fp/softfp\libc_nano.a(lib_a-mlock.o)
                0x00005804                __malloc_lock
 .text.__malloc_unlock
                0x00005810        0xc c:/siliconlabs/simplicitystudio/v5/developer/toolchains/gnu_arm/10.2_2020q4/bin/../lib/gcc/arm-none-eabi/10.2.1/../../../../arm-none-eabi/lib/thumb/v7e-m+fp/softfp\libc_nano.a(lib_a-mlock.o)
                0x00005810                __malloc_unlock
 .text._free_r  0x0000581c       0x98 c:/siliconlabs/simplicitystudio/v5/developer/toolchains/gnu_arm/10.2_2020q4/bin/../lib/gcc/arm-none-eabi/10.2.1/../../../../arm-none-eabi/lib/thumb/v7e-m+fp/softfp\libc_nano.a(lib_a-nano-freer.o)
                0x0000581c                _free_r
 .text._realloc_r
                0x000058b4       0x4c c:/siliconlabs/simplicitystudio/v5/developer/toolchains/gnu_arm/10.2_2020q4/bin/../lib/gcc/arm-none-eabi/10.2.1/../../../../arm-none-eabi/lib/thumb/v7e-m+fp/softfp\libc_nano.a(lib_a-nano-reallocr.o)
                0x000058b4                _realloc_r
 .text._malloc_usable_size_r
                0x00005900       0x10 c:/siliconlabs/simplicitystudio/v5/developer/toolchains/gnu_arm/10.2_2020q4/bin/../lib/gcc/arm-none-eabi/10.2.1/../../../../arm-none-eabi/lib/thumb/v7e-m+fp/softfp\libc_nano.a(lib_a-nano-msizer.o)
                0x00005900                _malloc_usable_size_r
 .text._exit    0x00005910        0x4 c:/siliconlabs/simplicitystudio/v5/developer/toolchains/gnu_arm/10.2_2020q4/bin/../lib/gcc/arm-none-eabi/10.2.1/../../../../arm-none-eabi/lib/thumb/v7e-m+fp/softfp\libnosys.a(_exit.o)
                0x00005910                _exit
                0x00005914                linker_code_end = .
 *(.init)
 .init          0x00005914        0x4 c:/siliconlabs/simplicitystudio/v5/developer/toolchains/gnu_arm/10.2_2020q4/bin/../lib/gcc/arm-none-eabi/10.2.1/thumb/v7e-m+fp/softfp/crti.o
                0x00005914                _init
 .init          0x00005918        0x8 c:/siliconlabs/simplicitystudio/v5/developer/toolchains/gnu_arm/10.2_2020q4/bin/../lib/gcc/arm-none-eabi/10.2.1/thumb/v7e-m+fp/softfp/crtn.o
 *(.fini)
 .fini          0x00005920        0x4 c:/siliconlabs/simplicitystudio/v5/developer/toolchains/gnu_arm/10.2_2020q4/bin/../lib/gcc/arm-none-eabi/10.2.1/thumb/v7e-m+fp/softfp/crti.o
                0x00005920                _fini
 .fini          0x00005924        0x8 c:/siliconlabs/simplicitystudio/v5/developer/toolchains/gnu_arm/10.2_2020q4/bin/../lib/gcc/arm-none-eabi/10.2.1/thumb/v7e-m+fp/softfp/crtn.o
 *fill*         0x0000592c        0x4 
 .fini.__stub   0x00005930        0x8 linker stubs
 *crtbegin.o(.ctors)
 *crtbegin?.o(.ctors)
 *(EXCLUDE_FILE(*crtend.o *crtend?.o) .ctors)
 *(SORT_BY_NAME(.ctors.*))
 *(.ctors)
 *crtbegin.o(.dtors)
 *crtbegin?.o(.dtors)
 *(EXCLUDE_FILE(*crtend.o *crtend?.o) .dtors)
 *(SORT_BY_NAME(.dtors.*))
 *(.dtors)
 *(.rodata*)
 .rodata.handle_btn1_interrupt.part.0.str1.1
                0x00005938       0x16 ./app.o
 .rodata.handle_time_over.str1.1
                0x0000594e       0x2d ./app.o
 .rodata.my_printf_init.str1.1
                0x0000597b       0x13 ./my_printf_lib.o
 .rodata.SerialInit.str1.1
                0x0000598e       0x19 ./serial_io_efm32pg12.o
 *fill*         0x000059a7        0x1 
 .rodata        0x000059a8       0x2c ./serial_io_efm32pg12.o
 .rodata.sl_iostream_usart_init_vcom.str1.1
                0x000059d4       0x2e ./autogen/sl_iostream_init_usart_instances.o
 *fill*         0x00005a02        0x2 
 .rodata        0x00005a04       0x2c ./autogen/sl_iostream_init_usart_instances.o
 .rodata.sl_button_btn0
                0x00005a30       0x18 ./autogen/sl_simple_button_instances.o
                0x00005a30                sl_button_btn0
 .rodata.sl_button_btn1
                0x00005a48       0x18 ./autogen/sl_simple_button_instances.o
                0x00005a48                sl_button_btn1
 .rodata.sl_led_led0
                0x00005a60       0x18 ./autogen/sl_simple_led_instances.o
                0x00005a60                sl_led_led0
 .rodata        0x00005a78       0x1c ./gecko_sdk_4.0.0/hardware/driver/memlcd/src/memlcd_usart/sl_memlcd_spi.o
 .rodata        0x00005a94       0x10 ./gecko_sdk_4.0.0/hardware/driver/memlcd/src/sl_memlcd_display.o
 .rodata.GPIO_PinInGet.str1.1
                0x00005aa4       0x74 ./gecko_sdk_4.0.0/platform/driver/button/src/sl_simple_button.o
 .rodata.sl_simple_button_init.str1.1
                0x00005b18       0x41 ./gecko_sdk_4.0.0/platform/driver/button/src/sl_simple_button.o
 .rodata.GPIO_PinOutClear.str1.1
                0x00005b59       0x74 ./gecko_sdk_4.0.0/platform/driver/leddrv/src/sl_simple_led.o
 .rodata.flashWaitStateControl.str1.1
                0x00005b59       0x2f ./gecko_sdk_4.0.0/platform/emlib/src/em_cmu.o
 .rodata.SL_Log2ToDiv.str1.1
                0x00005b88       0x76 ./gecko_sdk_4.0.0/platform/emlib/src/em_cmu.o
 .rodata.CSWTCH.46
                0x00005bfe        0x6 ./gecko_sdk_4.0.0/platform/emlib/src/em_cmu.o
 .rodata.CSWTCH.47
                0x00005c04        0x4 ./gecko_sdk_4.0.0/platform/emlib/src/em_cmu.o
 .rodata.CSWTCH.48
                0x00005c08        0x4 ./gecko_sdk_4.0.0/platform/emlib/src/em_cmu.o
 .rodata.CSWTCH.67
                0x00005c0c        0x5 ./gecko_sdk_4.0.0/platform/emlib/src/em_cmu.o
 .rodata.CSWTCH.68
                0x00005c11        0x5 ./gecko_sdk_4.0.0/platform/emlib/src/em_cmu.o
 .rodata.CSWTCH.69
                0x00005c16        0xa ./gecko_sdk_4.0.0/platform/emlib/src/em_cmu.o
 .rodata.CSWTCH.70
                0x00005c20        0xa ./gecko_sdk_4.0.0/platform/emlib/src/em_cmu.o
 *fill*         0x00005c2a        0x2 
 .rodata.flashWsTable
                0x00005c2c       0x28 ./gecko_sdk_4.0.0/platform/emlib/src/em_cmu.o
 .rodata.CORE_NvicMaskSetIRQ.str1.1
                0x00005c54       0x30 ./gecko_sdk_4.0.0/platform/emlib/src/em_core.o
 .rodata.lpGetDevinfoVrefLowHigh.str1.1
                0x00005c84       0x2f ./gecko_sdk_4.0.0/platform/emlib/src/em_emu.o
 .rodata.BUS_RegBitWrite.str1.1
                0x00005cb3       0x73 ./gecko_sdk_4.0.0/platform/emlib/src/em_gpio.o
 .rodata.GPIO_PinOutSet.str1.1
                0x00005d26       0x74 ./gecko_sdk_4.0.0/platform/emlib/src/em_gpio.o
 .rodata.GPIO_DbgLocationSet.str1.1
                0x00005d26       0x30 ./gecko_sdk_4.0.0/platform/emlib/src/em_gpio.o
 .rodata.RTCC_ChannelInit.str1.1
                0x00005d56       0x30 ./gecko_sdk_4.0.0/platform/emlib/src/em_rtcc.o
 .rodata.USART_BaudrateAsyncSet.str1.1
                0x00005d86       0x31 ./gecko_sdk_4.0.0/platform/emlib/src/em_usart.o
 *fill*         0x00005db7        0x1 
 .rodata.GLIB_FontNarrow6x8
                0x00005db8       0x10 ./gecko_sdk_4.0.0/platform/middleware/glib/glib/glib_font_narrow_6x8.o
                0x00005db8                GLIB_FontNarrow6x8
 .rodata.GLIB_FontNarrow6x8PixMap
                0x00005dc8      0x320 ./gecko_sdk_4.0.0/platform/middleware/glib/glib/glib_font_narrow_6x8.o
 .rodata.GLIB_FontNormal8x8
                0x000060e8       0x10 ./gecko_sdk_4.0.0/platform/middleware/glib/glib/glib_font_normal_8x8.o
                0x000060e8                GLIB_FontNormal8x8
 .rodata.GLIB_FontNormal8x8PixMap
                0x000060f8      0x320 ./gecko_sdk_4.0.0/platform/middleware/glib/glib/glib_font_normal_8x8.o
 .rodata        0x00006418       0x10 ./gecko_sdk_4.0.0/platform/service/device_init/src/sl_device_init_dcdc_s1.o
 .rodata        0x00006428       0x12 ./gecko_sdk_4.0.0/platform/service/device_init/src/sl_device_init_hfxo_s1.o
 .rodata        0x0000643a        0x4 ./gecko_sdk_4.0.0/platform/service/device_init/src/sl_device_init_lfxo_s1.o
 .rodata.sli_uart_push_rxd_data.str1.1
                0x0000643e       0x44 ./gecko_sdk_4.0.0/platform/service/iostream/src/sl_iostream_uart.o
 .rodata.power_manager_notify_em_transition.str1.1
                0x00006482       0x49 ./gecko_sdk_4.0.0/platform/service/power_manager/src/sl_power_manager.o
 .rodata.CSWTCH.47
                0x000064cb        0x4 ./gecko_sdk_4.0.0/platform/service/power_manager/src/sl_power_manager.o
 .rodata.sli_power_manager_init_hardware.str1.1
                0x000064cf       0x53 ./gecko_sdk_4.0.0/platform/service/power_manager/src/sl_power_manager_hal_s0_s1.o
 .rodata.process_timer_irq.str1.1
                0x00006522       0x43 ./gecko_sdk_4.0.0/platform/service/sleeptimer/src/sl_sleeptimer.o
 .rodata        0x00006565       0x10 ./gecko_sdk_4.0.0/platform/service/sleeptimer/src/sl_sleeptimer_hal_rtcc.o
 .rodata.sl_udelay_wait.str1.1
                0x00006575       0x3b ./gecko_sdk_4.0.0/platform/service/udelay/src/sl_udelay.o
 .rodata._global_impure_ptr
                0x000065b0        0x4 c:/siliconlabs/simplicitystudio/v5/developer/toolchains/gnu_arm/10.2_2020q4/bin/../lib/gcc/arm-none-eabi/10.2.1/../../../../arm-none-eabi/lib/thumb/v7e-m+fp/softfp\libc_nano.a(lib_a-impure.o)
                0x000065b0                _global_impure_ptr
 .rodata.__sf_fake_stderr
                0x000065b4       0x20 c:/siliconlabs/simplicitystudio/v5/developer/toolchains/gnu_arm/10.2_2020q4/bin/../lib/gcc/arm-none-eabi/10.2.1/../../../../arm-none-eabi/lib/thumb/v7e-m+fp/softfp\libc_nano.a(lib_a-findfp.o)
                0x000065b4                __sf_fake_stderr
 .rodata.__sf_fake_stdin
                0x000065d4       0x20 c:/siliconlabs/simplicitystudio/v5/developer/toolchains/gnu_arm/10.2_2020q4/bin/../lib/gcc/arm-none-eabi/10.2.1/../../../../arm-none-eabi/lib/thumb/v7e-m+fp/softfp\libc_nano.a(lib_a-findfp.o)
                0x000065d4                __sf_fake_stdin
 .rodata.__sf_fake_stdout
                0x000065f4       0x20 c:/siliconlabs/simplicitystudio/v5/developer/toolchains/gnu_arm/10.2_2020q4/bin/../lib/gcc/arm-none-eabi/10.2.1/../../../../arm-none-eabi/lib/thumb/v7e-m+fp/softfp\libc_nano.a(lib_a-findfp.o)
                0x000065f4                __sf_fake_stdout
 .rodata._svfprintf_r.str1.1
                0x00006614       0x11 c:/siliconlabs/simplicitystudio/v5/developer/toolchains/gnu_arm/10.2_2020q4/bin/../lib/gcc/arm-none-eabi/10.2.1/../../../../arm-none-eabi/lib/thumb/v7e-m+fp/softfp\libc_nano.a(lib_a-nano-svfprintf.o)
 .rodata._printf_i.str1.1
                0x00006625       0x22 c:/siliconlabs/simplicitystudio/v5/developer/toolchains/gnu_arm/10.2_2020q4/bin/../lib/gcc/arm-none-eabi/10.2.1/../../../../arm-none-eabi/lib/thumb/v7e-m+fp/softfp\libc_nano.a(lib_a-nano-vfprintf_i.o)
 *(.eh_frame*)
 *fill*         0x00006647        0x1 
 .eh_frame      0x00006648        0x0 c:/siliconlabs/simplicitystudio/v5/developer/toolchains/gnu_arm/10.2_2020q4/bin/../lib/gcc/arm-none-eabi/10.2.1/thumb/v7e-m+fp/softfp/crtbegin.o

.glue_7         0x00006648        0x0
 .glue_7        0x00006648        0x0 linker stubs

.glue_7t        0x00006648        0x0
 .glue_7t       0x00006648        0x0 linker stubs

.vfp11_veneer   0x00006648        0x0
 .vfp11_veneer  0x00006648        0x0 linker stubs

.v4_bx          0x00006648        0x0
 .v4_bx         0x00006648        0x0 linker stubs

.iplt           0x00006648        0x0
 .iplt          0x00006648        0x0 c:/siliconlabs/simplicitystudio/v5/developer/toolchains/gnu_arm/10.2_2020q4/bin/../lib/gcc/arm-none-eabi/10.2.1/thumb/v7e-m+fp/softfp/crtbegin.o

.ARM.extab
 *(.ARM.extab* .gnu.linkonce.armextab.*)
                0x00006648                __exidx_start = .

.ARM.exidx      0x00006648        0x8
 *(.ARM.exidx* .gnu.linkonce.armexidx.*)
 .ARM.exidx     0x00006648        0x8 c:/siliconlabs/simplicitystudio/v5/developer/toolchains/gnu_arm/10.2_2020q4/bin/../lib/gcc/arm-none-eabi/10.2.1/../../../../arm-none-eabi/lib/thumb/v7e-m+fp/softfp/crt0.o
                                 0x10 (size before relaxing)
 .ARM.exidx     0x00006650        0x0 c:/siliconlabs/simplicitystudio/v5/developer/toolchains/gnu_arm/10.2_2020q4/bin/../lib/gcc/arm-none-eabi/10.2.1/thumb/v7e-m+fp/softfp\libgcc.a(_udivmoddi4.o)
                                  0x8 (size before relaxing)
                0x00006650                __exidx_end = .
                0x00006650                __etext = .

.rel.dyn        0x00006650        0x0
 .rel.iplt      0x00006650        0x0 c:/siliconlabs/simplicitystudio/v5/developer/toolchains/gnu_arm/10.2_2020q4/bin/../lib/gcc/arm-none-eabi/10.2.1/thumb/v7e-m+fp/softfp/crtbegin.o
                0x20000000                . = ORIGIN (RAM)

.stack          0x20000000     0x1000
                0x20000000                __StackLimit = .
 *(.stack*)
 .stack         0x20000000        0x0 ./gecko_sdk_4.0.0/platform/Device/SiliconLabs/EFM32PG12B/Source/GCC/startup_efm32pg12b.o
 .stack         0x20000000     0x1000 ./gecko_sdk_4.0.0/platform/common/toolchain/src/sl_memory.o
                0x20001000                . = ALIGN (0x4)
                0x20001000                __StackTop = .
                0x20001000                PROVIDE (__stack = __StackTop)

.noinit
 *(.noinit*)

.data           0x20001000       0xd0 load address 0x00006650
                0x20001000                . = ALIGN (0x4)
                0x20001000                __data_start__ = .
 *(vtable)
 *(.data*)
 .data.sl_iostream_uart_vcom_handle
                0x20001000        0x4 ./autogen/sl_iostream_init_usart_instances.o
                0x20001000                sl_iostream_uart_vcom_handle
 .data.sl_iostream_vcom_handle
                0x20001004        0x4 ./autogen/sl_iostream_init_usart_instances.o
                0x20001004                sl_iostream_vcom_handle
 .data.simple_btn0_context
                0x20001008        0x8 ./autogen/sl_simple_button_instances.o
                0x20001008                simple_btn0_context
 .data.simple_btn1_context
                0x20001010        0x8 ./autogen/sl_simple_button_instances.o
                0x20001010                simple_btn1_context
 .data.simple_led0_context
                0x20001018        0x3 ./autogen/sl_simple_led_instances.o
                0x20001018                simple_led0_context
 *fill*         0x2000101b        0x1 
 .data.spi_handle
                0x2000101c       0x14 ./gecko_sdk_4.0.0/hardware/driver/memlcd/src/sl_memlcd.o
 .data.SystemCoreClock
                0x20001030        0x4 ./gecko_sdk_4.0.0/platform/Device/SiliconLabs/EFM32PG12B/Source/system_efm32pg12b.o
                0x20001030                SystemCoreClock
 .data.SystemHFXOClock
                0x20001034        0x4 ./gecko_sdk_4.0.0/platform/Device/SiliconLabs/EFM32PG12B/Source/system_efm32pg12b.o
 .data.SystemHfrcoFreq
                0x20001038        0x4 ./gecko_sdk_4.0.0/platform/Device/SiliconLabs/EFM32PG12B/Source/system_efm32pg12b.o
                0x20001038                SystemHfrcoFreq
 .data.SystemLFXOClock
                0x2000103c        0x4 ./gecko_sdk_4.0.0/platform/Device/SiliconLabs/EFM32PG12B/Source/system_efm32pg12b.o
 .data.heap_end.0
                0x20001040        0x4 ./gecko_sdk_4.0.0/platform/common/toolchain/src/sl_memory.o
 .data.auxHfrcoFreq
                0x20001044        0x4 ./gecko_sdk_4.0.0/platform/emlib/src/em_cmu.o
 .data.lfxo_precision
                0x20001048        0x2 ./gecko_sdk_4.0.0/platform/emlib/src/em_cmu.o
 .data.is_fast_wakeup_enabled
                0x2000104a        0x1 ./gecko_sdk_4.0.0/platform/service/power_manager/src/sl_power_manager_hal_s0_s1.o
 .data.cc_disabled
                0x2000104b        0x1 ./gecko_sdk_4.0.0/platform/service/sleeptimer/src/sl_sleeptimer_hal_rtcc.o
 .data._impure_ptr
                0x2000104c        0x4 c:/siliconlabs/simplicitystudio/v5/developer/toolchains/gnu_arm/10.2_2020q4/bin/../lib/gcc/arm-none-eabi/10.2.1/../../../../arm-none-eabi/lib/thumb/v7e-m+fp/softfp\libc_nano.a(lib_a-impure.o)
                0x2000104c                _impure_ptr
 .data.impure_data
                0x20001050       0x60 c:/siliconlabs/simplicitystudio/v5/developer/toolchains/gnu_arm/10.2_2020q4/bin/../lib/gcc/arm-none-eabi/10.2.1/../../../../arm-none-eabi/lib/thumb/v7e-m+fp/softfp\libc_nano.a(lib_a-impure.o)
                0x200010b0                . = ALIGN (0x4)
                [!provide]                PROVIDE (__ram_func_section_start = .)
 *(.ram)
 .ram           0x200010b0       0x18 ./gecko_sdk_4.0.0/platform/emlib/src/em_emu.o
                [!provide]                PROVIDE (__ram_func_section_end = .)
                0x200010c8                . = ALIGN (0x4)
                0x200010c8                PROVIDE (__preinit_array_start = .)
 *(.preinit_array)
                0x200010c8                PROVIDE (__preinit_array_end = .)
                0x200010c8                . = ALIGN (0x4)
                0x200010c8                PROVIDE (__init_array_start = .)
 *(SORT_BY_NAME(.init_array.*))
 *(.init_array)
 .init_array    0x200010c8        0x4 c:/siliconlabs/simplicitystudio/v5/developer/toolchains/gnu_arm/10.2_2020q4/bin/../lib/gcc/arm-none-eabi/10.2.1/thumb/v7e-m+fp/softfp/crtbegin.o
                0x200010cc                PROVIDE (__init_array_end = .)
                0x200010cc                . = ALIGN (0x4)
                [!provide]                PROVIDE (__fini_array_start = .)
 *(SORT_BY_NAME(.fini_array.*))
 *(.fini_array)
 .fini_array    0x200010cc        0x4 c:/siliconlabs/simplicitystudio/v5/developer/toolchains/gnu_arm/10.2_2020q4/bin/../lib/gcc/arm-none-eabi/10.2.1/thumb/v7e-m+fp/softfp/crtbegin.o
                [!provide]                PROVIDE (__fini_array_end = .)
                0x200010d0                . = ALIGN (0x4)
                0x200010d0                __data_end__ = .

.igot.plt       0x200010d0        0x0 load address 0x00006720
 .igot.plt      0x200010d0        0x0 c:/siliconlabs/simplicitystudio/v5/developer/toolchains/gnu_arm/10.2_2020q4/bin/../lib/gcc/arm-none-eabi/10.2.1/thumb/v7e-m+fp/softfp/crtbegin.o

.bss            0x200010d0     0x3c5c load address 0x00006720
                0x200010d0                . = ALIGN (0x4)
                0x200010d0                __bss_start__ = .
 *(.bss*)
 .bss           0x200010d0       0x1c c:/siliconlabs/simplicitystudio/v5/developer/toolchains/gnu_arm/10.2_2020q4/bin/../lib/gcc/arm-none-eabi/10.2.1/thumb/v7e-m+fp/softfp/crtbegin.o
 .bss.btn_0_interuppted
                0x200010ec        0x4 ./app.o
 .bss.btn_1_interuppted
                0x200010f0        0x4 ./app.o
 .bss.buff_pointer
                0x200010f4        0x4 ./app.o
 .bss.is_time_over
                0x200010f8        0x4 ./app.o
 .bss.num_of_times_clicked_btn0
                0x200010fc        0x4 ./app.o
 .bss.recv_buff
                0x20001100     0x1000 ./app.o
 .bss.timer     0x20002100       0x1c ./app.o
 .bss.buff      0x2000211c     0x1000 ./my_printf_lib.o
 .bss.char_width
                0x2000311c        0x4 ./my_printf_lib.o
 .bss.glibContext
                0x20003120       0x2c ./my_printf_lib.o
 .bss.line_height
                0x2000314c        0x4 ./my_printf_lib.o
 .bss.x         0x20003150        0x4 ./my_printf_lib.o
 .bss.y         0x20003154        0x4 ./my_printf_lib.o
 .bss.buff      0x20003158     0x1000 ./serial_io_efm32pg12.o
 .bss.context_vcom
                0x20004158       0x44 ./serial_io_efm32pg12.o
 .bss.is_time_out_passed
                0x2000419c        0x4 ./serial_io_efm32pg12.o
                0x2000419c                is_time_out_passed
 .bss.timer     0x200041a0       0x1c ./serial_io_efm32pg12.o
 .bss.context_vcom
                0x200041bc       0x44 ./autogen/sl_iostream_init_usart_instances.o
 .bss.rx_buffer_vcom
                0x20004200       0x20 ./autogen/sl_iostream_init_usart_instances.o
 .bss.sl_iostream_vcom
                0x20004220       0x24 ./autogen/sl_iostream_init_usart_instances.o
 .bss.extcomin_timer
                0x20004244       0x1c ./gecko_sdk_4.0.0/hardware/driver/memlcd/src/sl_memlcd.o
 .bss.initialized
                0x20004260        0x1 ./gecko_sdk_4.0.0/hardware/driver/memlcd/src/sl_memlcd.o
 *fill*         0x20004261        0x3 
 .bss.memlcd_instance
                0x20004264       0x10 ./gecko_sdk_4.0.0/hardware/driver/memlcd/src/sl_memlcd.o
 .bss.gpioCallbacks
                0x20004274      0x200 ./gecko_sdk_4.0.0/platform/emdrv/gpiointerrupt/src/gpiointerrupt.o
 .bss.cmuStatus.3
                0x20004474        0x4 ./gecko_sdk_4.0.0/platform/emlib/src/em_emu.o
 .bss.dcdcEm01LoadCurrent_mA
                0x20004478        0x2 ./gecko_sdk_4.0.0/platform/emlib/src/em_emu.o
 .bss.dcdcMaxCurrent_mA
                0x2000447a        0x2 ./gecko_sdk_4.0.0/platform/emlib/src/em_emu.o
 .bss.dcdcReverseCurrentControl
                0x2000447c        0x2 ./gecko_sdk_4.0.0/platform/emlib/src/em_emu.o
 .bss.hfClock.2
                0x2000447e        0x1 ./gecko_sdk_4.0.0/platform/emlib/src/em_emu.o
 *fill*         0x2000447f        0x1 
 .bss.hfrcoCtrl.0
                0x20004480        0x4 ./gecko_sdk_4.0.0/platform/emlib/src/em_emu.o
 .bss.vScaleEM01Config
                0x20004484        0x1 ./gecko_sdk_4.0.0/platform/emlib/src/em_emu.o
 .bss.vScaleStatus.1
                0x20004485        0x1 ./gecko_sdk_4.0.0/platform/emlib/src/em_emu.o
 .bss.dimensions
                0x20004486        0xc ./gecko_sdk_4.0.0/platform/middleware/glib/dmd/display/dmd_memlcd.o
 *fill*         0x20004492        0x2 
 .bss.dirtyRows
                0x20004494       0x10 ./gecko_sdk_4.0.0/platform/middleware/glib/dmd/display/dmd_memlcd.o
 .bss.framebuffer
                0x200044a4      0x800 ./gecko_sdk_4.0.0/platform/middleware/glib/dmd/display/dmd_memlcd.o
 .bss.memlcd    0x20004ca4        0x4 ./gecko_sdk_4.0.0/platform/middleware/glib/dmd/display/dmd_memlcd.o
 .bss.sli_iostream_default
                0x20004ca8        0x4 ./gecko_sdk_4.0.0/platform/service/iostream/src/sl_iostream.o
 .bss.clock_wakeup_timer_handle
                0x20004cac       0x1c ./gecko_sdk_4.0.0/platform/service/power_manager/src/sl_power_manager.o
 .bss.current_em
                0x20004cc8        0x1 ./gecko_sdk_4.0.0/platform/service/power_manager/src/sl_power_manager.o
 *fill*         0x20004cc9        0x3 
 .bss.high_frequency_min_offtime_tick
                0x20004ccc        0x4 ./gecko_sdk_4.0.0/platform/service/power_manager/src/sl_power_manager.o
                0x20004ccc                high_frequency_min_offtime_tick
 .bss.is_actively_waiting_for_clock_restore
                0x20004cd0        0x1 ./gecko_sdk_4.0.0/platform/service/power_manager/src/sl_power_manager.o
 .bss.is_hf_x_oscillator_not_preserved
                0x20004cd1        0x1 ./gecko_sdk_4.0.0/platform/service/power_manager/src/sl_power_manager.o
 .bss.is_initialized
                0x20004cd2        0x1 ./gecko_sdk_4.0.0/platform/service/power_manager/src/sl_power_manager.o
 .bss.is_restored_from_hfxo_isr
                0x20004cd3        0x1 ./gecko_sdk_4.0.0/platform/service/power_manager/src/sl_power_manager.o
 .bss.is_sleeping_waiting_for_clock_restore
                0x20004cd4        0x1 ./gecko_sdk_4.0.0/platform/service/power_manager/src/sl_power_manager.o
 .bss.is_states_saved
                0x20004cd5        0x1 ./gecko_sdk_4.0.0/platform/service/power_manager/src/sl_power_manager.o
 *fill*         0x20004cd6        0x2 
 .bss.power_manager_em_transition_event_list
                0x20004cd8        0x4 ./gecko_sdk_4.0.0/platform/service/power_manager/src/sl_power_manager.o
 .bss.requirement_em_table
                0x20004cdc        0x2 ./gecko_sdk_4.0.0/platform/service/power_manager/src/sl_power_manager.o
 .bss.requirement_high_accuracy_hf_clock_counter
                0x20004cde        0x1 ./gecko_sdk_4.0.0/platform/service/power_manager/src/sl_power_manager.o
                0x20004cde                requirement_high_accuracy_hf_clock_counter
 .bss.requirement_on_em1_added
                0x20004cdf        0x1 ./gecko_sdk_4.0.0/platform/service/power_manager/src/sl_power_manager.o
 .bss.sleeptimer_frequency
                0x20004ce0        0x4 ./gecko_sdk_4.0.0/platform/service/power_manager/src/sl_power_manager.o
 .bss.waiting_clock_restore_from_em
                0x20004ce4        0x1 ./gecko_sdk_4.0.0/platform/service/power_manager/src/sl_power_manager.o
 *fill*         0x20004ce5        0x3 
 .bss.wakeup_time_config_overhead_tick
                0x20004ce8        0x4 ./gecko_sdk_4.0.0/platform/service/power_manager/src/sl_power_manager.o
                0x20004ce8                wakeup_time_config_overhead_tick
 .bss.cmu_status
                0x20004cec        0x4 ./gecko_sdk_4.0.0/platform/service/power_manager/src/sl_power_manager_hal_s0_s1.o
 .bss.hf_x_oscillator_wakeup_time_tc_inital
                0x20004cf0        0x4 ./gecko_sdk_4.0.0/platform/service/power_manager/src/sl_power_manager_hal_s0_s1.o
 .bss.hfxo_wakeup_time_tick
                0x20004cf4        0x4 ./gecko_sdk_4.0.0/platform/service/power_manager/src/sl_power_manager_hal_s0_s1.o
 .bss.is_dpll_used
                0x20004cf8        0x1 ./gecko_sdk_4.0.0/platform/service/power_manager/src/sl_power_manager_hal_s0_s1.o
 .bss.is_hf_x_oscillator_already_started
                0x20004cf9        0x1 ./gecko_sdk_4.0.0/platform/service/power_manager/src/sl_power_manager_hal_s0_s1.o
 .bss.is_hf_x_oscillator_used
                0x20004cfa        0x1 ./gecko_sdk_4.0.0/platform/service/power_manager/src/sl_power_manager_hal_s0_s1.o
 *fill*         0x20004cfb        0x1 
 .bss.process_wakeup_overhead_tick
                0x20004cfc        0x4 ./gecko_sdk_4.0.0/platform/service/power_manager/src/sl_power_manager_hal_s0_s1.o
 .bss.is_sleeptimer_initialized
                0x20004d00        0x1 ./gecko_sdk_4.0.0/platform/service/sleeptimer/src/sl_sleeptimer.o
 *fill*         0x20004d01        0x3 
 .bss.last_delta_update_count
                0x20004d04        0x4 ./gecko_sdk_4.0.0/platform/service/sleeptimer/src/sl_sleeptimer.o
 .bss.max_millisecond_conversion
                0x20004d08        0x4 ./gecko_sdk_4.0.0/platform/service/sleeptimer/src/sl_sleeptimer.o
 .bss.next_timer_to_expire_is_power_manager
                0x20004d0c        0x1 ./gecko_sdk_4.0.0/platform/service/sleeptimer/src/sl_sleeptimer.o
 *fill*         0x20004d0d        0x1 
 .bss.overflow_counter
                0x20004d0e        0x2 ./gecko_sdk_4.0.0/platform/service/sleeptimer/src/sl_sleeptimer.o
 .bss.sleep_on_isr_exit
                0x20004d10        0x1 ./gecko_sdk_4.0.0/platform/service/sleeptimer/src/sl_sleeptimer.o
 *fill*         0x20004d11        0x3 
 .bss.timer_frequency
                0x20004d14        0x4 ./gecko_sdk_4.0.0/platform/service/sleeptimer/src/sl_sleeptimer.o
 .bss.timer_head
                0x20004d18        0x4 ./gecko_sdk_4.0.0/platform/service/sleeptimer/src/sl_sleeptimer.o
 .bss.__lock___malloc_recursive_mutex
                0x20004d1c        0x1 c:/siliconlabs/simplicitystudio/v5/developer/toolchains/gnu_arm/10.2_2020q4/bin/../lib/gcc/arm-none-eabi/10.2.1/../../../../arm-none-eabi/lib/thumb/v7e-m+fp/softfp\libc_nano.a(lib_a-lock.o)
                0x20004d1c                __lock___malloc_recursive_mutex
 *fill*         0x20004d1d        0x3 
 .bss.__malloc_free_list
                0x20004d20        0x4 c:/siliconlabs/simplicitystudio/v5/developer/toolchains/gnu_arm/10.2_2020q4/bin/../lib/gcc/arm-none-eabi/10.2.1/../../../../arm-none-eabi/lib/thumb/v7e-m+fp/softfp\libc_nano.a(lib_a-nano-mallocr.o)
                0x20004d20                __malloc_free_list
 .bss.__malloc_sbrk_start
                0x20004d24        0x4 c:/siliconlabs/simplicitystudio/v5/developer/toolchains/gnu_arm/10.2_2020q4/bin/../lib/gcc/arm-none-eabi/10.2.1/../../../../arm-none-eabi/lib/thumb/v7e-m+fp/softfp\libc_nano.a(lib_a-nano-mallocr.o)
                0x20004d24                __malloc_sbrk_start
 .bss.errno     0x20004d28        0x4 c:/siliconlabs/simplicitystudio/v5/developer/toolchains/gnu_arm/10.2_2020q4/bin/../lib/gcc/arm-none-eabi/10.2.1/../../../../arm-none-eabi/lib/thumb/v7e-m+fp/softfp\libc_nano.a(lib_a-reent.o)
                0x20004d28                errno
 *(COMMON)
                0x20004d2c                . = ALIGN (0x4)
                0x20004d2c                __bss_end__ = .

.heap           0x20004d30    0x3b2d0
                0x20004d30                __HeapBase = .
                0x20004d30                __end__ = .
                0x20004d30                end = __end__
                0x20004d30                _end = __end__
 *(.heap*)
 .heap          0x20004d30      0x800 ./gecko_sdk_4.0.0/platform/common/toolchain/src/sl_memory.o
                0x20040000                . = (ORIGIN (RAM) + LENGTH (RAM))
 *fill*         0x20005530    0x3aad0 
                0x20040000                __HeapLimit = .
                0x0003b2d0                __heap_size = (__HeapLimit - __HeapBase)
                0x00100000                __main_flash_end__ = 0x100000

.internal_storage
                0x00006650        0x0
 *(.internal_storage*)

.nvm            0x00006650        0x0
 *(.simee*)
                0x00100000                linker_nvm_end = __main_flash_end__
                0x00100000                linker_nvm_begin = (linker_nvm_end - SIZEOF (.nvm))
                0x00000000                linker_nvm_size = SIZEOF (.nvm)
                0x00100000                linker_storage_end = linker_nvm_begin
                0x00100000                linker_storage_begin = (linker_storage_end - SIZEOF (.internal_storage))
                0x00000000                linker_storage_size = SIZEOF (.internal_storage)
                0x00100000                __nvm3Base = linker_nvm_begin
OUTPUT(ex8.axf elf32-littlearm)
LOAD linker stubs

.ARM.attributes
                0x00000000       0x2e
 .ARM.attributes
                0x00000000       0x1e c:/siliconlabs/simplicitystudio/v5/developer/toolchains/gnu_arm/10.2_2020q4/bin/../lib/gcc/arm-none-eabi/10.2.1/thumb/v7e-m+fp/softfp/crti.o
 .ARM.attributes
                0x0000001e       0x32 c:/siliconlabs/simplicitystudio/v5/developer/toolchains/gnu_arm/10.2_2020q4/bin/../lib/gcc/arm-none-eabi/10.2.1/thumb/v7e-m+fp/softfp/crtbegin.o
 .ARM.attributes
                0x00000050       0x1c c:/siliconlabs/simplicitystudio/v5/developer/toolchains/gnu_arm/10.2_2020q4/bin/../lib/gcc/arm-none-eabi/10.2.1/../../../../arm-none-eabi/lib/thumb/v7e-m+fp/softfp/crt0.o
 .ARM.attributes
                0x0000006c       0x32 ./app.o
 .ARM.attributes
                0x0000009e       0x32 ./main.o
 .ARM.attributes
                0x000000d0       0x32 ./my_printf_lib.o
 .ARM.attributes
                0x00000102       0x32 ./serial_io_efm32pg12.o
 .ARM.attributes
                0x00000134       0x32 ./autogen/sl_board_default_init.o
 .ARM.attributes
                0x00000166       0x32 ./autogen/sl_device_init_clocks.o
 .ARM.attributes
                0x00000198       0x32 ./autogen/sl_event_handler.o
 .ARM.attributes
                0x000001ca       0x32 ./autogen/sl_iostream_init_usart_instances.o
 .ARM.attributes
                0x000001fc       0x32 ./autogen/sl_power_manager_handler.o
 .ARM.attributes
                0x0000022e       0x32 ./autogen/sl_simple_button_instances.o
 .ARM.attributes
                0x00000260       0x32 ./autogen/sl_simple_led_instances.o
 .ARM.attributes
                0x00000292       0x32 ./gecko_sdk_4.0.0/hardware/board/src/sl_board_control_gpio.o
 .ARM.attributes