Archive member included to satisfy reference by file (symbol)

c:/siliconlabs/simplicitystudio/v5/developer/toolchains/gnu_arm/10.2_2020q4/bin/../lib/gcc/arm-none-eabi/10.2.1/thumb/v7e-m+fp/softfp\libgcc.a(_arm_muldf3.o)
                              ./gecko_sdk_3.2.3/util/third_party/printf/printf.o (__aeabi_dmul)
c:/siliconlabs/simplicitystudio/v5/developer/toolchains/gnu_arm/10.2_2020q4/bin/../lib/gcc/arm-none-eabi/10.2.1/thumb/v7e-m+fp/softfp\libgcc.a(_arm_addsubdf3.o)
                              ./gecko_sdk_3.2.3/util/silicon_labs/silabs_core/response_print/response_print.o (__aeabi_dsub)
c:/siliconlabs/simplicitystudio/v5/developer/toolchains/gnu_arm/10.2_2020q4/bin/../lib/gcc/arm-none-eabi/10.2.1/thumb/v7e-m+fp/softfp\libgcc.a(_arm_muldivdf3.o)
                              ./gecko_sdk_3.2.3/util/third_party/printf/printf.o (__aeabi_ddiv)
c:/siliconlabs/simplicitystudio/v5/developer/toolchains/gnu_arm/10.2_2020q4/bin/../lib/gcc/arm-none-eabi/10.2.1/thumb/v7e-m+fp/softfp\libgcc.a(_arm_cmpdf2.o)
                              ./gecko_sdk_3.2.3/util/third_party/printf/printf.o (__aeabi_dcmpeq)
c:/siliconlabs/simplicitystudio/v5/developer/toolchains/gnu_arm/10.2_2020q4/bin/../lib/gcc/arm-none-eabi/10.2.1/thumb/v7e-m+fp/softfp\libgcc.a(_arm_fixdfsi.o)
                              ./gecko_sdk_3.2.3/util/silicon_labs/silabs_core/response_print/response_print.o (__aeabi_d2iz)
c:/siliconlabs/simplicitystudio/v5/developer/toolchains/gnu_arm/10.2_2020q4/bin/../lib/gcc/arm-none-eabi/10.2.1/thumb/v7e-m+fp/softfp\libgcc.a(_arm_fixunsdfsi.o)
                              ./gecko_sdk_3.2.3/util/third_party/printf/printf.o (__aeabi_d2uiz)
c:/siliconlabs/simplicitystudio/v5/developer/toolchains/gnu_arm/10.2_2020q4/bin/../lib/gcc/arm-none-eabi/10.2.1/thumb/v7e-m+fp/softfp\libgcc.a(_aeabi_ldivmod.o)
                              ./gecko_sdk_3.2.3/platform/emlib/src/em_usart.o (__aeabi_ldivmod)
c:/siliconlabs/simplicitystudio/v5/developer/toolchains/gnu_arm/10.2_2020q4/bin/../lib/gcc/arm-none-eabi/10.2.1/thumb/v7e-m+fp/softfp\libgcc.a(_aeabi_uldivmod.o)
                              ./gecko_sdk_3.2.3/platform/emlib/src/em_usart.o (__aeabi_uldivmod)
c:/siliconlabs/simplicitystudio/v5/developer/toolchains/gnu_arm/10.2_2020q4/bin/../lib/gcc/arm-none-eabi/10.2.1/thumb/v7e-m+fp/softfp\libgcc.a(_udivmoddi4.o)
                              c:/siliconlabs/simplicitystudio/v5/developer/toolchains/gnu_arm/10.2_2020q4/bin/../lib/gcc/arm-none-eabi/10.2.1/thumb/v7e-m+fp/softfp\libgcc.a(_aeabi_ldivmod.o) (__udivmoddi4)
c:/siliconlabs/simplicitystudio/v5/developer/toolchains/gnu_arm/10.2_2020q4/bin/../lib/gcc/arm-none-eabi/10.2.1/thumb/v7e-m+fp/softfp\libgcc.a(_dvmd_tls.o)
                              c:/siliconlabs/simplicitystudio/v5/developer/toolchains/gnu_arm/10.2_2020q4/bin/../lib/gcc/arm-none-eabi/10.2.1/thumb/v7e-m+fp/softfp\libgcc.a(_aeabi_ldivmod.o) (__aeabi_ldiv0)
c:/siliconlabs/simplicitystudio/v5/developer/toolchains/gnu_arm/10.2_2020q4/bin/../lib/gcc/arm-none-eabi/10.2.1/../../../../arm-none-eabi/lib/thumb/v7e-m+fp/softfp\libc_nano.a(lib_a-bzero.o)
                              ./my_printf_lib.o (bzero)
c:/siliconlabs/simplicitystudio/v5/developer/toolchains/gnu_arm/10.2_2020q4/bin/../lib/gcc/arm-none-eabi/10.2.1/../../../../arm-none-eabi/lib/thumb/v7e-m+fp/softfp\libc_nano.a(lib_a-exit.o)
                              c:/siliconlabs/simplicitystudio/v5/developer/toolchains/gnu_arm/10.2_2020q4/bin/../lib/gcc/arm-none-eabi/10.2.1/../../../../arm-none-eabi/lib/thumb/v7e-m+fp/softfp/crt0.o (exit)
c:/siliconlabs/simplicitystudio/v5/developer/toolchains/gnu_arm/10.2_2020q4/bin/../lib/gcc/arm-none-eabi/10.2.1/../../../../arm-none-eabi/lib/thumb/v7e-m+fp/softfp\libc_nano.a(lib_a-impure.o)
                              c:/siliconlabs/simplicitystudio/v5/developer/toolchains/gnu_arm/10.2_2020q4/bin/../lib/gcc/arm-none-eabi/10.2.1/../../../../arm-none-eabi/lib/thumb/v7e-m+fp/softfp\libc_nano.a(lib_a-exit.o) (_global_impure_ptr)
c:/siliconlabs/simplicitystudio/v5/developer/toolchains/gnu_arm/10.2_2020q4/bin/../lib/gcc/arm-none-eabi/10.2.1/../../../../arm-none-eabi/lib/thumb/v7e-m+fp/softfp\libc_nano.a(lib_a-init.o)
                              c:/siliconlabs/simplicitystudio/v5/developer/toolchains/gnu_arm/10.2_2020q4/bin/../lib/gcc/arm-none-eabi/10.2.1/../../../../arm-none-eabi/lib/thumb/v7e-m+fp/softfp/crt0.o (__libc_init_array)
c:/siliconlabs/simplicitystudio/v5/developer/toolchains/gnu_arm/10.2_2020q4/bin/../lib/gcc/arm-none-eabi/10.2.1/../../../../arm-none-eabi/lib/thumb/v7e-m+fp/softfp\libc_nano.a(lib_a-memcpy-stub.o)
                              ./gecko_sdk_3.2.3/platform/middleware/glib/dmd/display/dmd_memlcd.o (memcpy)
c:/siliconlabs/simplicitystudio/v5/developer/toolchains/gnu_arm/10.2_2020q4/bin/../lib/gcc/arm-none-eabi/10.2.1/../../../../arm-none-eabi/lib/thumb/v7e-m+fp/softfp\libc_nano.a(lib_a-memmove.o)
[...]
Memory Configuration

Name             Origin             Length             Attributes
FLASH            0x00000000         0x00100000         xr
RAM              0x20000000         0x00040000         xrw
*default*        0x00000000         0xffffffff

Linker script and memory map

LOAD c:/siliconlabs/simplicitystudio/v5/developer/toolchains/gnu_arm/10.2_2020q4/bin/../lib/gcc/arm-none-eabi/10.2.1/thumb/v7e-m+fp/softfp/crti.o
LOAD c:/siliconlabs/simplicitystudio/v5/developer/toolchains/gnu_arm/10.2_2020q4/bin/../lib/gcc/arm-none-eabi/10.2.1/thumb/v7e-m+fp/softfp/crtbegin.o
LOAD c:/siliconlabs/simplicitystudio/v5/developer/toolchains/gnu_arm/10.2_2020q4/bin/../lib/gcc/arm-none-eabi/10.2.1/../../../../arm-none-eabi/lib/thumb/v7e-m+fp/softfp/crt0.o
START GROUP
LOAD ./app.o
LOAD ./ex7_lib.o
LOAD ./main.o
LOAD ./my_printf_lib.o
LOAD ./autogen/sl_board_default_init.o
LOAD ./autogen/sl_device_init_clocks.o
LOAD ./autogen/sl_event_handler.o
LOAD ./autogen/sl_iostream_handles.o
LOAD ./autogen/sl_power_manager_handler.o
LOAD ./autogen/sl_simple_button_instances.o
LOAD ./autogen/sl_simple_led_instances.o
LOAD ./gecko_sdk_3.2.3/hardware/board/src/sl_board_control_gpio.o
LOAD ./gecko_sdk_3.2.3/hardware/board/src/sl_board_init.o
LOAD ./gecko_sdk_3.2.3/hardware/driver/memlcd/src/memlcd_usart/sl_memlcd_spi.o
LOAD ./gecko_sdk_3.2.3/hardware/driver/memlcd/src/sl_memlcd.o
LOAD ./gecko_sdk_3.2.3/hardware/driver/memlcd/src/sl_memlcd_display.o
LOAD ./gecko_sdk_3.2.3/platform/Device/SiliconLabs/EFM32PG12B/Source/GCC/startup_efm32pg12b.o
LOAD ./gecko_sdk_3.2.3/platform/Device/SiliconLabs/EFM32PG12B/Source/system_efm32pg12b.o
LOAD ./gecko_sdk_3.2.3/platform/common/src/sl_slist.o
LOAD ./gecko_sdk_3.2.3/platform/common/toolchain/src/sl_memory.o
LOAD ./gecko_sdk_3.2.3/platform/driver/button/src/sl_button.o
LOAD ./gecko_sdk_3.2.3/platform/driver/button/src/sl_simple_button.o
LOAD ./gecko_sdk_3.2.3/platform/driver/debug/src/sl_debug_swo.o
LOAD ./gecko_sdk_3.2.3/platform/driver/leddrv/src/sl_led.o
LOAD ./gecko_sdk_3.2.3/platform/driver/leddrv/src/sl_simple_led.o
LOAD ./gecko_sdk_3.2.3/platform/emdrv/gpiointerrupt/src/gpiointerrupt.o
LOAD ./gecko_sdk_3.2.3/platform/emlib/src/em_assert.o
LOAD ./gecko_sdk_3.2.3/platform/emlib/src/em_cmu.o
LOAD ./gecko_sdk_3.2.3/platform/emlib/src/em_core.o
LOAD ./gecko_sdk_3.2.3/platform/emlib/src/em_emu.o
LOAD ./gecko_sdk_3.2.3/platform/emlib/src/em_gpio.o
LOAD ./gecko_sdk_3.2.3/platform/emlib/src/em_rtcc.o
LOAD ./gecko_sdk_3.2.3/platform/emlib/src/em_system.o
LOAD ./gecko_sdk_3.2.3/platform/emlib/src/em_usart.o
LOAD ./gecko_sdk_3.2.3/platform/middleware/glib/dmd/display/dmd_memlcd.o
LOAD ./gecko_sdk_3.2.3/platform/middleware/glib/glib/bmp.o
LOAD ./gecko_sdk_3.2.3/platform/middleware/glib/glib/glib.o
LOAD ./gecko_sdk_3.2.3/platform/middleware/glib/glib/glib_bitmap.o
LOAD ./gecko_sdk_3.2.3/platform/middleware/glib/glib/glib_circle.o
LOAD ./gecko_sdk_3.2.3/platform/middleware/glib/glib/glib_font_narrow_6x8.o
LOAD ./gecko_sdk_3.2.3/platform/middleware/glib/glib/glib_font_normal_8x8.o
LOAD ./gecko_sdk_3.2.3/platform/middleware/glib/glib/glib_font_number_16x20.o
LOAD ./gecko_sdk_3.2.3/platform/middleware/glib/glib/glib_line.o
LOAD ./gecko_sdk_3.2.3/platform/middleware/glib/glib/glib_polygon.o
LOAD ./gecko_sdk_3.2.3/platform/middleware/glib/glib/glib_rectangle.o
LOAD ./gecko_sdk_3.2.3/platform/middleware/glib/glib/glib_string.o
LOAD ./gecko_sdk_3.2.3/platform/service/device_init/src/sl_device_init_dcdc_s1.o
LOAD ./gecko_sdk_3.2.3/platform/service/device_init/src/sl_device_init_emu_s1.o
LOAD ./gecko_sdk_3.2.3/platform/service/device_init/src/sl_device_init_hfxo_s1.o
LOAD ./gecko_sdk_3.2.3/platform/service/device_init/src/sl_device_init_lfxo_s1.o
LOAD ./gecko_sdk_3.2.3/platform/service/device_init/src/sl_device_init_nvic.o
LOAD ./gecko_sdk_3.2.3/platform/service/iostream/src/sl_iostream.o
LOAD ./gecko_sdk_3.2.3/platform/service/iostream/src/sl_iostream_retarget_stdio.o
LOAD ./gecko_sdk_3.2.3/platform/service/iostream/src/sl_iostream_swo.o
LOAD ./gecko_sdk_3.2.3/platform/service/power_manager/src/sl_power_manager.o
LOAD ./gecko_sdk_3.2.3/platform/service/power_manager/src/sl_power_manager_debug.o
LOAD ./gecko_sdk_3.2.3/platform/service/power_manager/src/sl_power_manager_hal_s0_s1.o
LOAD ./gecko_sdk_3.2.3/platform/service/sleeptimer/src/sl_sleeptimer.o
LOAD ./gecko_sdk_3.2.3/platform/service/sleeptimer/src/sl_sleeptimer_hal_rtcc.o
LOAD ./gecko_sdk_3.2.3/platform/service/system/src/sl_system_init.o
LOAD ./gecko_sdk_3.2.3/platform/service/system/src/sl_system_process_action.o
LOAD ./gecko_sdk_3.2.3/platform/service/udelay/src/sl_udelay.o
LOAD ./gecko_sdk_3.2.3/platform/service/udelay/src/sl_udelay_armv6m_gcc.o
LOAD ./gecko_sdk_3.2.3/util/silicon_labs/silabs_core/response_print/response_print.o
LOAD ./gecko_sdk_3.2.3/util/third_party/printf/printf.o
LOAD ./gecko_sdk_3.2.3/util/third_party/printf/src/iostream_printf.o
LOAD ./gecko_sdk_3.2.3/util/third_party/segger/systemview/SEGGER/SEGGER_RTT.o
LOAD ./gecko_sdk_3.2.3/util/third_party/segger/systemview/SEGGER/SEGGER_RTT_printf.o
LOAD c:/siliconlabs/simplicitystudio/v5/developer/toolchains/gnu_arm/10.2_2020q4/bin/../lib/gcc/arm-none-eabi/10.2.1/thumb/v7e-m+fp/softfp\libgcc.a
LOAD c:/siliconlabs/simplicitystudio/v5/developer/toolchains/gnu_arm/10.2_2020q4/bin/../lib/gcc/arm-none-eabi/10.2.1/../../../../arm-none-eabi/lib/thumb/v7e-m+fp/softfp\libc_nano.a
LOAD c:/siliconlabs/simplicitystudio/v5/developer/toolchains/gnu_arm/10.2_2020q4/bin/../lib/gcc/arm-none-eabi/10.2.1/../../../../arm-none-eabi/lib/thumb/v7e-m+fp/softfp\libm.a
LOAD c:/siliconlabs/simplicitystudio/v5/developer/toolchains/gnu_arm/10.2_2020q4/bin/../lib/gcc/arm-none-eabi/10.2.1/../../../../arm-none-eabi/lib/thumb/v7e-m+fp/softfp\libnosys.a
END GROUP
START GROUP
LOAD c:/siliconlabs/simplicitystudio/v5/developer/toolchains/gnu_arm/10.2_2020q4/bin/../lib/gcc/arm-none-eabi/10.2.1/thumb/v7e-m+fp/softfp\libgcc.a
LOAD c:/siliconlabs/simplicitystudio/v5/developer/toolchains/gnu_arm/10.2_2020q4/bin/../lib/gcc/arm-none-eabi/10.2.1/../../../../arm-none-eabi/lib/thumb/v7e-m+fp/softfp\libc_nano.a
LOAD c:/siliconlabs/simplicitystudio/v5/developer/toolchains/gnu_arm/10.2_2020q4/bin/../lib/gcc/arm-none-eabi/10.2.1/../../../../arm-none-eabi/lib/thumb/v7e-m+fp/softfp\libnosys.a
END GROUP
START GROUP
LOAD c:/siliconlabs/simplicitystudio/v5/developer/toolchains/gnu_arm/10.2_2020q4/bin/../lib/gcc/arm-none-eabi/10.2.1/thumb/v7e-m+fp/softfp\libgcc.a
LOAD c:/siliconlabs/simplicitystudio/v5/developer/toolchains/gnu_arm/10.2_2020q4/bin/../lib/gcc/arm-none-eabi/10.2.1/../../../../arm-none-eabi/lib/thumb/v7e-m+fp/softfp\libg_nano.a
LOAD c:/siliconlabs/simplicitystudio/v5/developer/toolchains/gnu_arm/10.2_2020q4/bin/../lib/gcc/arm-none-eabi/10.2.1/../../../../arm-none-eabi/lib/thumb/v7e-m+fp/softfp\libc_nano.a
END GROUP
START GROUP
LOAD c:/siliconlabs/simplicitystudio/v5/developer/toolchains/gnu_arm/10.2_2020q4/bin/../lib/gcc/arm-none-eabi/10.2.1/thumb/v7e-m+fp/softfp\libgcc.a
LOAD c:/siliconlabs/simplicitystudio/v5/developer/toolchains/gnu_arm/10.2_2020q4/bin/../lib/gcc/arm-none-eabi/10.2.1/../../../../arm-none-eabi/lib/thumb/v7e-m+fp/softfp\libc_nano.a
END GROUP
LOAD c:/siliconlabs/simplicitystudio/v5/developer/toolchains/gnu_arm/10.2_2020q4/bin/../lib/gcc/arm-none-eabi/10.2.1/thumb/v7e-m+fp/softfp/crtend.o
LOAD c:/siliconlabs/simplicitystudio/v5/developer/toolchains/gnu_arm/10.2_2020q4/bin/../lib/gcc/arm-none-eabi/10.2.1/thumb/v7e-m+fp/softfp/crtn.o

.text           0x00000000     0x5a3c
                0x00000000                linker_vectors_begin = .
 *(.vectors)
 .vectors       0x00000000      0x10c ./gecko_sdk_3.2.3/platform/Device/SiliconLabs/EFM32PG12B/Source/GCC/startup_efm32pg12b.o
                0x00000000                __Vectors
                0x0000010c                linker_vectors_end = .
                0x0000010c                __Vectors_End = .
                0x0000010c                __Vectors_Size = (__Vectors_End - __Vectors)
                0x0000010c                linker_code_begin = .
 *(.text*)
 .text          0x0000010c       0x40 c:/siliconlabs/simplicitystudio/v5/developer/toolchains/gnu_arm/10.2_2020q4/bin/../lib/gcc/arm-none-eabi/10.2.1/thumb/v7e-m+fp/softfp/crtbegin.o
 .text          0x0000014c       0x7c c:/siliconlabs/simplicitystudio/v5/developer/toolchains/gnu_arm/10.2_2020q4/bin/../lib/gcc/arm-none-eabi/10.2.1/../../../../arm-none-eabi/lib/thumb/v7e-m+fp/softfp/crt0.o
                0x0000014c                _stack_init
                0x00000154                _start
                0x00000154                _mainCRTStartup
 .text.app_init
                0x000001c8        0x4 ./app.o
                0x000001c8                app_init
 .text.app_process_action
                0x000001cc        0x4 ./app.o
                0x000001cc                app_process_action
 .text.init_caller
                0x000001d0       0x24 ./ex7_lib.o
 .text.on_timeout
                0x000001f4       0x3c ./ex7_lib.o
 .text.sl_sleeptimer_start_periodic_timer_ms.constprop.0.isra.0
                0x00000230       0x30 ./ex7_lib.o
 .text.is_time_pass
                0x00000260       0x30 ./ex7_lib.o
                0x00000260                is_time_pass
 .text.ex7_lib_init
                0x00000290       0x20 ./ex7_lib.o
                0x00000290                ex7_lib_init
 .text.sl_button_on_change
                0x000002b0       0x34 ./ex7_lib.o
                0x000002b0                sl_button_on_change
 .text.handle_btn1_interrupt
                0x000002e4       0x3c ./ex7_lib.o
                0x000002e4                handle_btn1_interrupt
 .text.handle_btn0_interrupt
                0x00000320       0x38 ./ex7_lib.o
                0x00000320                handle_btn0_interrupt
 .text.ex7_process_action
                0x00000358       0x84 ./ex7_lib.o
                0x00000358                ex7_process_action
 .text.startup.main
                0x000003dc       0x18 ./main.o
                0x000003dc                main
 .text.my_printf_clear
                0x000003f4       0x28 ./my_printf_lib.o
                0x000003f4                my_printf_clear
 .text.my_printf_init
                0x0000041c       0x84 ./my_printf_lib.o
                0x0000041c                my_printf_init
 .text.printf_helper
                0x000004a0       0x94 ./my_printf_lib.o
                0x000004a0                printf_helper
 .text.my_printf
                0x00000534       0x3c ./my_printf_lib.o
                0x00000534                my_printf
 .text.sl_board_default_init
                0x00000570        0x2 ./autogen/sl_board_default_init.o
                0x00000570                sl_board_default_init
 *fill*         0x00000572        0x2 
 .text.sl_device_init_clocks
                0x00000574       0x40 ./autogen/sl_device_init_clocks.o
                0x00000574                sl_device_init_clocks
 .text.sl_platform_init
                0x000005b4       0x94 ./autogen/sl_event_handler.o
                0x000005b4                sl_platform_init
 .text.sl_driver_init
                0x00000648       0x16 ./autogen/sl_event_handler.o
                0x00000648                sl_driver_init
 .text.sl_service_init
                0x0000065e        0xe ./autogen/sl_event_handler.o
                0x0000065e                sl_service_init
 .text.sl_stack_init
                0x0000066c        0x2 ./autogen/sl_event_handler.o
                0x0000066c                sl_stack_init
 .text.sl_internal_app_init
                0x0000066e        0x2 ./autogen/sl_event_handler.o
                0x0000066e                sl_internal_app_init
 .text.sl_platform_process_action
                0x00000670        0x2 ./autogen/sl_event_handler.o
                0x00000670                sl_platform_process_action
 .text.sl_service_process_action
                0x00000672        0x2 ./autogen/sl_event_handler.o
                0x00000672                sl_service_process_action
 .text.sl_stack_process_action
                0x00000674        0x2 ./autogen/sl_event_handler.o
                0x00000674                sl_stack_process_action
 .text.sl_internal_app_process_action
                0x00000676        0x2 ./autogen/sl_event_handler.o
                0x00000676                sl_internal_app_process_action
 .text.app_is_ok_to_sleep
                0x00000678        0x4 ./autogen/sl_power_manager_handler.o
                0x00000678                app_is_ok_to_sleep
 .text.app_sleep_on_isr_exit
                0x0000067c        0x4 ./autogen/sl_power_manager_handler.o
                0x0000067c                app_sleep_on_isr_exit
 .text.sl_power_manager_is_ok_to_sleep
                0x00000680        0x8 ./autogen/sl_power_manager_handler.o
                0x00000680                sl_power_manager_is_ok_to_sleep
 .text.sl_power_manager_sleep_on_isr_exit
                0x00000688       0x1e ./autogen/sl_power_manager_handler.o
                0x00000688                sl_power_manager_sleep_on_isr_exit
 *fill*         0x000006a6        0x2 
 .text.sl_simple_button_init_instances
                0x000006a8       0x1c ./autogen/sl_simple_button_instances.o
                0x000006a8                sl_simple_button_init_instances
 .text.sl_simple_led_init_instances
                0x000006c4       0x1c ./autogen/sl_simple_led_instances.o
                0x000006c4                sl_simple_led_init_instances
 .text.sl_board_enable_display
                0x000006e0       0x12 ./gecko_sdk_3.2.3/hardware/board/src/sl_board_control_gpio.o
                0x000006e0                sl_board_enable_display
 *fill*         0x000006f2        0x2 
 .text.sl_board_init
                0x000006f4       0x18 ./gecko_sdk_3.2.3/hardware/board/src/sl_board_init.o
                0x000006f4                sl_board_init
 .text.sl_board_preinit
                0x0000070c        0xc ./gecko_sdk_3.2.3/hardware/board/src/sl_board_init.o
                0x0000070c                sl_board_preinit
 .text.sli_memlcd_spi_init
                0x00000718       0x78 ./gecko_sdk_3.2.3/hardware/driver/memlcd/src/memlcd_usart/sl_memlcd_spi.o
                0x00000718                sli_memlcd_spi_init
 .text.sli_memlcd_spi_tx
                0x00000790       0x1c ./gecko_sdk_3.2.3/hardware/driver/memlcd/src/memlcd_usart/sl_memlcd_spi.o
                0x00000790                sli_memlcd_spi_tx
 .text.sli_memlcd_spi_wait
                0x000007ac        0xa ./gecko_sdk_3.2.3/hardware/driver/memlcd/src/memlcd_usart/sl_memlcd_spi.o
                0x000007ac                sli_memlcd_spi_wait
 *fill*         0x000007b6        0x2 
 .text.sl_memlcd_power_on.part.0
                0x000007b8       0x2c ./gecko_sdk_3.2.3/hardware/driver/memlcd/src/sl_memlcd.o
 .text.extcomin_toggle
                0x000007e4       0x10 ./gecko_sdk_3.2.3/hardware/driver/memlcd/src/sl_memlcd.o
 .text.sl_memlcd_clear
                0x000007f4       0x4c ./gecko_sdk_3.2.3/hardware/driver/memlcd/src/sl_memlcd.o
                0x000007f4                sl_memlcd_clear
 .text.sl_memlcd_configure
                0x00000840       0x60 ./gecko_sdk_3.2.3/hardware/driver/memlcd/src/sl_memlcd.o
                0x00000840                sl_memlcd_configure
 .text.sl_memlcd_draw
                0x000008a0       0xb4 ./gecko_sdk_3.2.3/hardware/driver/memlcd/src/sl_memlcd.o
                0x000008a0                sl_memlcd_draw
 .text.sl_memlcd_get
                0x00000954       0x18 ./gecko_sdk_3.2.3/hardware/driver/memlcd/src/sl_memlcd.o
                0x00000954                sl_memlcd_get
 .text.sl_memlcd_init
                0x0000096c       0x1c ./gecko_sdk_3.2.3/hardware/driver/memlcd/src/sl_memlcd_display.o
                0x0000096c                sl_memlcd_init
 .text.Default_Handler
                0x00000988        0x2 ./gecko_sdk_3.2.3/platform/Device/SiliconLabs/EFM32PG12B/Source/GCC/startup_efm32pg12b.o
                0x00000988                DebugMon_Handler
                0x00000988                USART0_TX_IRQHandler
                0x00000988                I2C0_IRQHandler
                0x00000988                HardFault_Handler
                0x00000988                SysTick_Handler
                0x00000988                USART1_RX_IRQHandler
                0x00000988                PendSV_Handler
                0x00000988                NMI_Handler
                0x00000988                I2C1_IRQHandler
                0x00000988                WTIMER0_IRQHandler
                0x00000988                CRYPTO0_IRQHandler
                0x00000988                WDOG0_IRQHandler
                0x00000988                USART1_TX_IRQHandler
                0x00000988                SMU_IRQHandler
                0x00000988                MSC_IRQHandler
                0x00000988                ADC0_IRQHandler
                0x00000988                UsageFault_Handler
                0x00000988                WDOG1_IRQHandler
                0x00000988                LEUART0_IRQHandler
                0x00000988                FPUEH_IRQHandler
                0x00000988                WTIMER1_IRQHandler
                0x00000988                VDAC0_IRQHandler
                0x00000988                LDMA_IRQHandler
                0x00000988                CSEN_IRQHandler
                0x00000988                CRYPTO1_IRQHandler
                0x00000988                TIMER0_IRQHandler
                0x00000988                PCNT2_IRQHandler
                0x00000988                LETIMER0_IRQHandler
                0x00000988                TIMER1_IRQHandler
                0x00000988                TRNG0_IRQHandler
                0x00000988                USART2_RX_IRQHandler
                0x00000988                Default_Handler
                0x00000988                EMU_IRQHandler
                0x00000988                CRYOTIMER_IRQHandler
                0x00000988                PCNT0_IRQHandler
                0x00000988                sl_app_properties
                0x00000988                PCNT1_IRQHandler
                0x00000988                ACMP0_IRQHandler
                0x00000988                USART0_RX_IRQHandler
                0x00000988                MemManage_Handler
                0x00000988                SVC_Handler
                0x00000988                USART3_RX_IRQHandler
                0x00000988                CMU_IRQHandler
                0x00000988                LESENSE_IRQHandler
                0x00000988                USART3_TX_IRQHandler
                0x00000988                BusFault_Handler
                0x00000988                USART2_TX_IRQHandler
                0x00000988                IDAC0_IRQHandler
 *fill*         0x0000098a        0x2 
 .text.Reset_Handler
                0x0000098c       0x2c ./gecko_sdk_3.2.3/platform/Device/SiliconLabs/EFM32PG12B/Source/GCC/startup_efm32pg12b.o
                0x0000098c                Reset_Handler
 .text.SystemMaxCoreClockGet
                0x000009b8        0x8 ./gecko_sdk_3.2.3/platform/Device/SiliconLabs/EFM32PG12B/Source/system_efm32pg12b.o
                0x000009b8                SystemMaxCoreClockGet
 .text.SystemHFClockGet
                0x000009c0       0x54 ./gecko_sdk_3.2.3/platform/Device/SiliconLabs/EFM32PG12B/Source/system_efm32pg12b.o
                0x000009c0                SystemHFClockGet
 .text.SystemCoreClockGet
                0x00000a14       0x24 ./gecko_sdk_3.2.3/platform/Device/SiliconLabs/EFM32PG12B/Source/system_efm32pg12b.o
                0x00000a14                SystemCoreClockGet
 .text.SystemHFXOClockGet
                0x00000a38        0xc ./gecko_sdk_3.2.3/platform/Device/SiliconLabs/EFM32PG12B/Source/system_efm32pg12b.o
                0x00000a38                SystemHFXOClockGet
 .text.SystemHFXOClockSet
                0x00000a44       0x20 ./gecko_sdk_3.2.3/platform/Device/SiliconLabs/EFM32PG12B/Source/system_efm32pg12b.o
                0x00000a44                SystemHFXOClockSet
 .text.SystemInit
                0x00000a64       0x1c ./gecko_sdk_3.2.3/platform/Device/SiliconLabs/EFM32PG12B/Source/system_efm32pg12b.o
                0x00000a64                SystemInit
 .text.SystemLFRCOClockGet
                0x00000a80        0x6 ./gecko_sdk_3.2.3/platform/Device/SiliconLabs/EFM32PG12B/Source/system_efm32pg12b.o
                0x00000a80                SystemLFRCOClockGet
 .text.SystemULFRCOClockGet
                0x00000a86        0x6 ./gecko_sdk_3.2.3/platform/Device/SiliconLabs/EFM32PG12B/Source/system_efm32pg12b.o
                0x00000a86                SystemULFRCOClockGet
 .text.SystemLFXOClockGet
                0x00000a8c        0xc ./gecko_sdk_3.2.3/platform/Device/SiliconLabs/EFM32PG12B/Source/system_efm32pg12b.o
                0x00000a8c                SystemLFXOClockGet
 .text.sl_slist_init
                0x00000a98        0x6 ./gecko_sdk_3.2.3/platform/common/src/sl_slist.o
                0x00000a98                sl_slist_init
 *fill*         0x00000a9e        0x2 
 .text.sl_slist_push
                0x00000aa0       0x20 ./gecko_sdk_3.2.3/platform/common/src/sl_slist.o
                0x00000aa0                sl_slist_push
 .text._sbrk    0x00000ac0       0x20 ./gecko_sdk_3.2.3/platform/common/toolchain/src/sl_memory.o
                0x00000ac0                _sbrk
 .text.sl_button_init
                0x00000ae0        0xc ./gecko_sdk_3.2.3/platform/driver/button/src/sl_button.o
                0x00000ae0                sl_button_init
 .text.sl_button_get_state
                0x00000aec        0xc ./gecko_sdk_3.2.3/platform/driver/button/src/sl_button.o
                0x00000aec                sl_button_get_state
 .text.GPIO_PinInGet
                0x00000af8       0x84 ./gecko_sdk_3.2.3/platform/driver/button/src/sl_simple_button.o
 .text.sli_simple_button_on_change
                0x00000b7c       0x50 ./gecko_sdk_3.2.3/platform/driver/button/src/sl_simple_button.o
 .text.sl_simple_button_init
                0x00000bcc       0x58 ./gecko_sdk_3.2.3/platform/driver/button/src/sl_simple_button.o
                0x00000bcc                sl_simple_button_init
 .text.sl_simple_button_get_state
                0x00000c24        0x4 ./gecko_sdk_3.2.3/platform/driver/button/src/sl_simple_button.o
                0x00000c24                sl_simple_button_get_state
 .text.sl_simple_button_poll_step
                0x00000c28       0x54 ./gecko_sdk_3.2.3/platform/driver/button/src/sl_simple_button.o
                0x00000c28                sl_simple_button_poll_step
 .text.sl_simple_button_enable
                0x00000c7c       0x10 ./gecko_sdk_3.2.3/platform/driver/button/src/sl_simple_button.o
                0x00000c7c                sl_simple_button_enable
 .text.sl_simple_button_disable
                0x00000c8c       0x30 ./gecko_sdk_3.2.3/platform/driver/button/src/sl_simple_button.o
                0x00000c8c                sl_simple_button_disable
 .text.sl_debug_swo_init
                0x00000cbc       0xb0 ./gecko_sdk_3.2.3/platform/driver/debug/src/sl_debug_swo.o
                0x00000cbc                sl_debug_swo_init
 .text.sl_debug_swo_enable_itm
                0x00000d6c       0x18 ./gecko_sdk_3.2.3/platform/driver/debug/src/sl_debug_swo.o
                0x00000d6c                sl_debug_swo_enable_itm
 .text.sl_debug_swo_write
                0x00000d84       0x44 ./gecko_sdk_3.2.3/platform/driver/debug/src/sl_debug_swo.o
                0x00000d84                sl_debug_swo_write
 .text.sl_led_init
                0x00000dc8        0x6 ./gecko_sdk_3.2.3/platform/driver/leddrv/src/sl_led.o
                0x00000dc8                sl_led_init
 .text.sl_led_turn_on
                0x00000dce        0x6 ./gecko_sdk_3.2.3/platform/driver/leddrv/src/sl_led.o
                0x00000dce                sl_led_turn_on
 .text.sl_led_turn_off
                0x00000dd4        0x6 ./gecko_sdk_3.2.3/platform/driver/leddrv/src/sl_led.o
                0x00000dd4                sl_led_turn_off
 *fill*         0x00000dda        0x2 
 .text.GPIO_PinOutClear
                0x00000ddc       0x80 ./gecko_sdk_3.2.3/platform/driver/leddrv/src/sl_simple_led.o
 .text.GPIO_PinOutSet
                0x00000e5c       0x80 ./gecko_sdk_3.2.3/platform/driver/leddrv/src/sl_simple_led.o
 .text.sl_simple_led_init
                0x00000edc       0x34 ./gecko_sdk_3.2.3/platform/driver/leddrv/src/sl_simple_led.o
                0x00000edc                sl_simple_led_init
 .text.sl_simple_led_turn_on
                0x00000f10       0x12 ./gecko_sdk_3.2.3/platform/driver/leddrv/src/sl_simple_led.o
                0x00000f10                sl_simple_led_turn_on
 .text.sl_simple_led_turn_off
                0x00000f22       0x12 ./gecko_sdk_3.2.3/platform/driver/leddrv/src/sl_simple_led.o
                0x00000f22                sl_simple_led_turn_off
 .text.sl_simple_led_toggle
                0x00000f34       0x80 ./gecko_sdk_3.2.3/platform/driver/leddrv/src/sl_simple_led.o
                0x00000f34                sl_simple_led_toggle
 .text.sl_simple_led_get_state
                0x00000fb4       0x90 ./gecko_sdk_3.2.3/platform/driver/leddrv/src/sl_simple_led.o
                0x00000fb4                sl_simple_led_get_state
 .text.GPIOINT_IRQDispatcher
                0x00001044       0x2c ./gecko_sdk_3.2.3/platform/emdrv/gpiointerrupt/src/gpiointerrupt.o
 .text.GPIOINT_Init
                0x00001070       0x30 ./gecko_sdk_3.2.3/platform/emdrv/gpiointerrupt/src/gpiointerrupt.o
                0x00001070                GPIOINT_Init
 .text.GPIOINT_CallbackRegister
                0x000010a0       0x1c ./gecko_sdk_3.2.3/platform/emdrv/gpiointerrupt/src/gpiointerrupt.o
                0x000010a0                GPIOINT_CallbackRegister
 .text.GPIO_EVEN_IRQHandler
                0x000010bc       0x1c ./gecko_sdk_3.2.3/platform/emdrv/gpiointerrupt/src/gpiointerrupt.o
                0x000010bc                GPIO_EVEN_IRQHandler
 .text.GPIO_ODD_IRQHandler
                0x000010d8       0x1c ./gecko_sdk_3.2.3/platform/emdrv/gpiointerrupt/src/gpiointerrupt.o
                0x000010d8                GPIO_ODD_IRQHandler
 .text.assertEFM
                0x000010f4        0x2 ./gecko_sdk_3.2.3/platform/emlib/src/em_assert.o
                0x000010f4                assertEFM
 *fill*         0x000010f6        0x2 
 .text.setHfLeConfig
                0x000010f8       0x44 ./gecko_sdk_3.2.3/platform/emlib/src/em_cmu.o
 .text.flashWaitStateControl
                0x0000113c       0x54 ./gecko_sdk_3.2.3/platform/emlib/src/em_cmu.o
 .text.SL_Log2ToDiv
                0x00001190       0x1c ./gecko_sdk_3.2.3/platform/emlib/src/em_cmu.o
 .text.flashWaitStateMax
                0x000011ac       0x24 ./gecko_sdk_3.2.3/platform/emlib/src/em_cmu.o
 .text.EMU_VScaleWait
                0x000011d0       0x1c ./gecko_sdk_3.2.3/platform/emlib/src/em_cmu.o
 .text.EMU_VScaleGet
                0x000011ec       0x14 ./gecko_sdk_3.2.3/platform/emlib/src/em_cmu.o
 .text.syncReg  0x00001200       0x18 ./gecko_sdk_3.2.3/platform/emlib/src/em_cmu.o
 .text.CMU_UpdateWaitStates
                0x00001218       0x1c ./gecko_sdk_3.2.3/platform/emlib/src/em_cmu.o
                0x00001218                CMU_UpdateWaitStates
 .text.CMU_ClockEnable
                0x00001234       0x90 ./gecko_sdk_3.2.3/platform/emlib/src/em_cmu.o
                0x00001234                CMU_ClockEnable
 .text.CMU_ClockPrescGet
                0x000012c4       0xec ./gecko_sdk_3.2.3/platform/emlib/src/em_cmu.o
                0x000012c4                CMU_ClockPrescGet
 .text.CMU_ClockDivGet
                0x000013b0        0xa ./gecko_sdk_3.2.3/platform/emlib/src/em_cmu.o
                0x000013b0                CMU_ClockDivGet
 *fill*         0x000013ba        0x2 
 .text.CMU_ClockSelectGet
                0x000013bc       0xcc ./gecko_sdk_3.2.3/platform/emlib/src/em_cmu.o
                0x000013bc                CMU_ClockSelectGet
 .text.lfClkGet
                0x00001488       0xc8 ./gecko_sdk_3.2.3/platform/emlib/src/em_cmu.o
 .text.CMU_ClockFreqGet
                0x00001550      0x1e0 ./gecko_sdk_3.2.3/platform/emlib/src/em_cmu.o
                0x00001550                CMU_ClockFreqGet
 .text.CMU_LFXOPrecisionSet
                0x00001730        0xc ./gecko_sdk_3.2.3/platform/emlib/src/em_cmu.o
                0x00001730                CMU_LFXOPrecisionSet
 .text.CMU_OscillatorTuningSet
                0x0000173c       0xf4 ./gecko_sdk_3.2.3/platform/emlib/src/em_cmu.o
                0x0000173c                CMU_OscillatorTuningSet
 .text.CMU_OscillatorTuningWait
                0x00001830       0x68 ./gecko_sdk_3.2.3/platform/emlib/src/em_cmu.o
                0x00001830                CMU_OscillatorTuningWait
 .text.CMU_OscillatorTuningOptimize
                0x00001898       0x38 ./gecko_sdk_3.2.3/platform/emlib/src/em_cmu.o
                0x00001898                CMU_OscillatorTuningOptimize
 .text.CMU_OscillatorEnable
                0x000018d0      0x124 ./gecko_sdk_3.2.3/platform/emlib/src/em_cmu.o
                0x000018d0                CMU_OscillatorEnable
 .text.CMU_ClockSelectSet
                0x000019f4      0x214 ./gecko_sdk_3.2.3/platform/emlib/src/em_cmu.o
                0x000019f4                CMU_ClockSelectSet
 .text.CMU_HFXOInit
                0x00001c08       0xb8 ./gecko_sdk_3.2.3/platform/emlib/src/em_cmu.o
                0x00001c08                CMU_HFXOInit
 .text.CMU_LFXOInit
                0x00001cc0       0x58 ./gecko_sdk_3.2.3/platform/emlib/src/em_cmu.o
                0x00001cc0                CMU_LFXOInit
 .text.CORE_EnterCritical
                0x00001d18        0x8 ./gecko_sdk_3.2.3/platform/emlib/src/em_core.o
                0x00001d18                CORE_EnterCritical
 .text.CORE_ExitCritical
                0x00001d20        0x6 ./gecko_sdk_3.2.3/platform/emlib/src/em_core.o
                0x00001d20                CORE_ExitCritical
 .text.CORE_EnterAtomic
                0x00001d26        0xc ./gecko_sdk_3.2.3/platform/emlib/src/em_core.o
                0x00001d26                CORE_EnterAtomic
 .text.CORE_ExitAtomic
                0x00001d32        0x6 ./gecko_sdk_3.2.3/platform/emlib/src/em_core.o
                0x00001d32                CORE_ExitAtomic
 .text.CORE_NvicIRQDisabled
                0x00001d38       0x34 ./gecko_sdk_3.2.3/platform/emlib/src/em_core.o
                0x00001d38                CORE_NvicIRQDisabled
 .text.EMU_LDOStatusGet
                0x00001d6c       0x14 ./gecko_sdk_3.2.3/platform/emlib/src/em_emu.o
 .text.lpGetDevinfoVrefLowHigh
                0x00001d80       0xa8 ./gecko_sdk_3.2.3/platform/emlib/src/em_emu.o
 .text.EMU_VScaleWait
                0x00001e28       0x18 ./gecko_sdk_3.2.3/platform/emlib/src/em_emu.o
 .text.vScaleDownEM23Setup
                0x00001e40       0x30 ./gecko_sdk_3.2.3/platform/emlib/src/em_emu.o
 .text.vScaleAfterWakeup
                0x00001e70       0x2c ./gecko_sdk_3.2.3/platform/emlib/src/em_emu.o
 .text.emState.part.0
                0x00001e9c       0xb8 ./gecko_sdk_3.2.3/platform/emlib/src/em_emu.o
 .text.lpCmpHystCalibrationLoad.constprop.0
                0x00001f54       0x78 ./gecko_sdk_3.2.3/platform/emlib/src/em_emu.o
 .text.emState.constprop.0
                0x00001fcc       0x48 ./gecko_sdk_3.2.3/platform/emlib/src/em_emu.o
 .text.EMU_EM23PresleepHook
                0x00002014        0x2 ./gecko_sdk_3.2.3/platform/emlib/src/em_emu.o
                0x00002014                EMU_EM23PresleepHook
 .text.EMU_EFPEM23PresleepHook
                0x00002016        0x2 ./gecko_sdk_3.2.3/platform/emlib/src/em_emu.o
                0x00002016                EMU_EFPEM23PresleepHook
 .text.EMU_EFPEM23PostsleepHook
                0x00002018        0x2 ./gecko_sdk_3.2.3/platform/emlib/src/em_emu.o
                0x00002018                EMU_EFPEM23PostsleepHook
 *fill*         0x0000201a        0x2 
 .text.EMU_EnterEM2
                0x0000201c       0x70 ./gecko_sdk_3.2.3/platform/emlib/src/em_emu.o
                0x0000201c                EMU_EnterEM2
 .text.EMU_EnterEM3
                0x0000208c       0x88 ./gecko_sdk_3.2.3/platform/emlib/src/em_emu.o
                0x0000208c                EMU_EnterEM3
 .text.EMU_Save
                0x00002114        0x4 ./gecko_sdk_3.2.3/platform/emlib/src/em_emu.o
                0x00002114                EMU_Save
 .text.EMU_Restore
                0x00002118        0x4 ./gecko_sdk_3.2.3/platform/emlib/src/em_emu.o
                0x00002118                EMU_Restore
 .text.EMU_VScaleEM01
                0x0000211c       0x80 ./gecko_sdk_3.2.3/platform/emlib/src/em_emu.o
                0x0000211c                EMU_VScaleEM01
 .text.EMU_VScaleEM01ByClock
                0x0000219c       0x50 ./gecko_sdk_3.2.3/platform/emlib/src/em_emu.o
                0x0000219c                EMU_VScaleEM01ByClock
 .text.EMU_EM01Init
                0x000021ec       0x14 ./gecko_sdk_3.2.3/platform/emlib/src/em_emu.o
                0x000021ec                EMU_EM01Init
 .text.EMU_EM23Init
                0x00002200       0x34 ./gecko_sdk_3.2.3/platform/emlib/src/em_emu.o
                0x00002200                EMU_EM23Init
 .text.EMU_EM4Init
                0x00002234       0x54 ./gecko_sdk_3.2.3/platform/emlib/src/em_emu.o
                0x00002234                EMU_EM4Init
 .text.EMU_DCDCModeSet
                0x00002288       0x94 ./gecko_sdk_3.2.3/platform/emlib/src/em_emu.o
                0x00002288                EMU_DCDCModeSet
 .text.EMU_DCDCOutputVoltageSet
                0x0000231c      0x18c ./gecko_sdk_3.2.3/platform/emlib/src/em_emu.o
                0x0000231c                EMU_DCDCOutputVoltageSet
 .text.EMU_DCDCOptimizeSlice
                0x000024a8       0xe0 ./gecko_sdk_3.2.3/platform/emlib/src/em_emu.o
                0x000024a8                EMU_DCDCOptimizeSlice
 .text.EMU_DCDCLnRcoBandSet
                0x00002588       0x44 ./gecko_sdk_3.2.3/platform/emlib/src/em_emu.o
                0x00002588                EMU_DCDCLnRcoBandSet
 .text.EMU_DCDCInit
                0x000025cc      0x18c ./gecko_sdk_3.2.3/platform/emlib/src/em_emu.o
                0x000025cc                EMU_DCDCInit
 .text.GPIO_PinOutSet
                0x00002758       0x80 ./gecko_sdk_3.2.3/platform/emlib/src/em_gpio.o
 .text.GPIO_PinOutClear
                0x000027d8       0x80 ./gecko_sdk_3.2.3/platform/emlib/src/em_gpio.o
 .text.BUS_RegMaskedWrite
                0x00002858       0x22 ./gecko_sdk_3.2.3/platform/emlib/src/em_gpio.o
 *fill*         0x0000287a        0x2 
 .text.GPIO_DbgLocationSet
                0x0000287c       0x2c ./gecko_sdk_3.2.3/platform/emlib/src/em_gpio.o
                0x0000287c                GPIO_DbgLocationSet
 .text.GPIO_ExtIntConfig
                0x000028a8      0x13c ./gecko_sdk_3.2.3/platform/emlib/src/em_gpio.o
                0x000028a8                GPIO_ExtIntConfig
 .text.GPIO_PinModeSet
                0x000029e4       0xdc ./gecko_sdk_3.2.3/platform/emlib/src/em_gpio.o
                0x000029e4                GPIO_PinModeSet
 .text.RTCC_ChannelInit
                0x00002ac0       0x58 ./gecko_sdk_3.2.3/platform/emlib/src/em_rtcc.o
                0x00002ac0                RTCC_ChannelInit
 .text.RTCC_Enable
                0x00002b18        0xc ./gecko_sdk_3.2.3/platform/emlib/src/em_rtcc.o
                0x00002b18                RTCC_Enable
 .text.RTCC_Init
                0x00002b24       0x68 ./gecko_sdk_3.2.3/platform/emlib/src/em_rtcc.o
                0x00002b24                RTCC_Init
 .text.USART_BaudrateSyncSet
                0x00002b8c       0x4c ./gecko_sdk_3.2.3/platform/emlib/src/em_usart.o
                0x00002b8c                USART_BaudrateSyncSet
 .text.USART_Reset
                0x00002bd8       0x90 ./gecko_sdk_3.2.3/platform/emlib/src/em_usart.o
                0x00002bd8                USART_Reset
 .text.USART_InitSync
                0x00002c68       0xb4 ./gecko_sdk_3.2.3/platform/emlib/src/em_usart.o
                0x00002c68                USART_InitSync
 .text.USART_Tx
                0x00002d1c        0xa ./gecko_sdk_3.2.3/platform/emlib/src/em_usart.o
                0x00002d1c                USART_Tx
 *fill*         0x00002d26        0x2 
 .text.setLineDirty
                0x00002d28       0x20 ./gecko_sdk_3.2.3/platform/middleware/glib/dmd/display/dmd_memlcd.o
 .text.DMD_getDisplayGeometry
                0x00002d48       0x1c ./gecko_sdk_3.2.3/platform/middleware/glib/dmd/display/dmd_memlcd.o
                0x00002d48                DMD_getDisplayGeometry
 .text.DMD_setClippingArea
                0x00002d64       0x40 ./gecko_sdk_3.2.3/platform/middleware/glib/dmd/display/dmd_memlcd.o
                0x00002d64                DMD_setClippingArea
 .text.DMD_writeColor
                0x00002da4      0x124 ./gecko_sdk_3.2.3/platform/middleware/glib/dmd/display/dmd_memlcd.o
                0x00002da4                DMD_writeColor
 .text.DMD_init
                0x00002ec8       0x54 ./gecko_sdk_3.2.3/platform/middleware/glib/dmd/display/dmd_memlcd.o
                0x00002ec8                DMD_init
 .text.DMD_updateDisplay
                0x00002f1c       0x80 ./gecko_sdk_3.2.3/platform/middleware/glib/dmd/display/dmd_memlcd.o
                0x00002f1c                DMD_updateDisplay
 .text.GLIB_resetDisplayClippingArea
                0x00002f9c       0x14 ./gecko_sdk_3.2.3/platform/middleware/glib/glib/glib.o
                0x00002f9c                GLIB_resetDisplayClippingArea
 .text.GLIB_clear
                0x00002fb0       0x36 ./gecko_sdk_3.2.3/platform/middleware/glib/glib/glib.o
                0x00002fb0                GLIB_clear
 .text.GLIB_applyClippingRegion
                0x00002fe6       0x2a ./gecko_sdk_3.2.3/platform/middleware/glib/glib/glib.o
                0x00002fe6                GLIB_applyClippingRegion
 .text.GLIB_setClippingRegion
                0x00003010       0x48 ./gecko_sdk_3.2.3/platform/middleware/glib/glib/glib.o
                0x00003010                GLIB_setClippingRegion
 .text.GLIB_contextInit
                0x00003058       0x54 ./gecko_sdk_3.2.3/platform/middleware/glib/glib/glib.o
                0x00003058                GLIB_contextInit
 .text.GLIB_drawPixel
                0x000030ac       0x38 ./gecko_sdk_3.2.3/platform/middleware/glib/glib/glib.o
                0x000030ac                GLIB_drawPixel
 .text.GLIB_drawPixelColor
                0x000030e4       0x36 ./gecko_sdk_3.2.3/platform/middleware/glib/glib/glib.o
                0x000030e4                GLIB_drawPixelColor
 .text.GLIB_rectContainsPoint
                0x0000311a       0x24 ./gecko_sdk_3.2.3/platform/middleware/glib/glib/glib_rectangle.o
                0x0000311a                GLIB_rectContainsPoint
 .text.GLIB_drawChar
                0x0000313e      0x120 ./gecko_sdk_3.2.3/platform/middleware/glib/glib/glib_string.o
                0x0000313e                GLIB_drawChar
 .text.GLIB_setFont
                0x0000325e       0x1a ./gecko_sdk_3.2.3/platform/middleware/glib/glib/glib_string.o
                0x0000325e                GLIB_setFont
 .text.sl_device_init_dcdc
                0x00003278       0x2c ./gecko_sdk_3.2.3/platform/service/device_init/src/sl_device_init_dcdc_s1.o
                0x00003278                sl_device_init_dcdc
 .text.sl_device_init_emu
                0x000032a4       0x1c ./gecko_sdk_3.2.3/platform/service/device_init/src/sl_device_init_emu_s1.o
                0x000032a4                sl_device_init_emu
 .text.sl_device_init_hfxo
                0x000032c0       0x54 ./gecko_sdk_3.2.3/platform/service/device_init/src/sl_device_init_hfxo_s1.o
                0x000032c0                sl_device_init_hfxo
 .text.sl_device_init_lfxo
                0x00003314       0x28 ./gecko_sdk_3.2.3/platform/service/device_init/src/sl_device_init_lfxo_s1.o
                0x00003314                sl_device_init_lfxo
 .text.sl_device_init_nvic
                0x0000333c       0x3c ./gecko_sdk_3.2.3/platform/service/device_init/src/sl_device_init_nvic.o
                0x0000333c                sl_device_init_nvic
 .text.sl_iostream_set_default
                0x00003378       0x18 ./gecko_sdk_3.2.3/platform/service/iostream/src/sl_iostream.o
                0x00003378                sl_iostream_set_default
 .text._exit    0x00003390        0x2 ./gecko_sdk_3.2.3/platform/service/iostream/src/sl_iostream_retarget_stdio.o
                0x00003390                _exit
 .text.swo_write
                0x00003392       0x1e ./gecko_sdk_3.2.3/platform/service/iostream/src/sl_iostream_swo.o
 .text.sli_iosteam_swo_em_transition
                0x000033b0       0x20 ./gecko_sdk_3.2.3/platform/service/iostream/src/sl_iostream_swo.o
 .text.sl_iostream_swo_init
                0x000033d0       0x2c ./gecko_sdk_3.2.3/platform/service/iostream/src/sl_iostream_swo.o
                0x000033d0                sl_iostream_swo_init
 .text.get_lowest_em
                0x000033fc       0x14 ./gecko_sdk_3.2.3/platform/service/power_manager/src/sl_power_manager.o
 .text.power_manager_notify_em_transition
                0x00003410       0x74 ./gecko_sdk_3.2.3/platform/service/power_manager/src/sl_power_manager.o
 .text.clock_restore
                0x00003484       0x58 ./gecko_sdk_3.2.3/platform/service/power_manager/src/sl_power_manager.o
 .text.on_clock_wakeup_timeout
                0x000034dc       0x24 ./gecko_sdk_3.2.3/platform/service/power_manager/src/sl_power_manager.o
 .text.update_em1_requirement
                0x00003500       0x60 ./gecko_sdk_3.2.3/platform/service/power_manager/src/sl_power_manager.o
 .text.sl_power_manager_init
                0x00003560       0x60 ./gecko_sdk_3.2.3/platform/service/power_manager/src/sl_power_manager.o
                0x00003560                sl_power_manager_init
 .text.sli_power_manager_get_restore_delay
                0x000035c0       0x34 ./gecko_sdk_3.2.3/platform/service/power_manager/src/sl_power_manager.o
                0x000035c0                sli_power_manager_get_restore_delay
 .text.sli_power_manager_initiate_restore
                0x000035f4       0x18 ./gecko_sdk_3.2.3/platform/service/power_manager/src/sl_power_manager.o
                0x000035f4                sli_power_manager_initiate_restore
 .text.sl_power_manager_subscribe_em_transition_event
                0x0000360c       0x24 ./gecko_sdk_3.2.3/platform/service/power_manager/src/sl_power_manager.o
                0x0000360c                sl_power_manager_subscribe_em_transition_event
 .text.sli_power_manager_convert_delay_us_to_tick
                0x00003630       0x20 ./gecko_sdk_3.2.3/platform/service/power_manager/src/sl_power_manager.o
                0x00003630                sli_power_manager_convert_delay_us_to_tick
 .text.sl_power_manager_sleep
                0x00003650      0x1c8 ./gecko_sdk_3.2.3/platform/service/power_manager/src/sl_power_manager.o
                0x00003650                sl_power_manager_sleep
 .text.sl_power_manager_is_latest_wakeup_internal
                0x00003818       0x20 ./gecko_sdk_3.2.3/platform/service/power_manager/src/sl_power_manager.o
                0x00003818                sl_power_manager_is_latest_wakeup_internal
 .text.sli_power_manager_em23_voltage_scaling_enable_fast_wakeup
                0x00003838       0x4c ./gecko_sdk_3.2.3/platform/service/power_manager/src/sl_power_manager_hal_s0_s1.o
                0x00003838                sli_power_manager_em23_voltage_scaling_enable_fast_wakeup
 .text.sli_power_manager_init_hardware
                0x00003884       0xd4 ./gecko_sdk_3.2.3/platform/service/power_manager/src/sl_power_manager_hal_s0_s1.o
                0x00003884                sli_power_manager_init_hardware
 .text.sli_power_manager_save_states
                0x00003958        0x4 ./gecko_sdk_3.2.3/platform/service/power_manager/src/sl_power_manager_hal_s0_s1.o
                0x00003958                sli_power_manager_save_states
 .text.EMU_EM23PostsleepHook
                0x0000395c       0x3c ./gecko_sdk_3.2.3/platform/service/power_manager/src/sl_power_manager_hal_s0_s1.o
                0x0000395c                EMU_EM23PostsleepHook
 .text.sli_power_manager_handle_pre_deepsleep_operations
                0x00003998        0x2 ./gecko_sdk_3.2.3/platform/service/power_manager/src/sl_power_manager_hal_s0_s1.o
                0x00003998                sli_power_manager_handle_pre_deepsleep_operations
 .text.sli_power_manager_restore_high_freq_accuracy_clk
                0x0000399a        0x2 ./gecko_sdk_3.2.3/platform/service/power_manager/src/sl_power_manager_hal_s0_s1.o
                0x0000399a                sli_power_manager_restore_high_freq_accuracy_clk
 .text.sli_power_manager_is_high_freq_accuracy_clk_ready
                0x0000399c        0x4 ./gecko_sdk_3.2.3/platform/service/power_manager/src/sl_power_manager_hal_s0_s1.o
                0x0000399c                sli_power_manager_is_high_freq_accuracy_clk_ready
 .text.sli_power_manager_restore_states
                0x000039a0       0x50 ./gecko_sdk_3.2.3/platform/service/power_manager/src/sl_power_manager_hal_s0_s1.o
                0x000039a0                sli_power_manager_restore_states
 .text.sli_power_manager_apply_em
                0x000039f0       0x38 ./gecko_sdk_3.2.3/platform/service/power_manager/src/sl_power_manager_hal_s0_s1.o
                0x000039f0                sli_power_manager_apply_em
 .text.sli_power_manager_get_default_high_frequency_minimum_offtime
                0x00003a28        0x8 ./gecko_sdk_3.2.3/platform/service/power_manager/src/sl_power_manager_hal_s0_s1.o
                0x00003a28                sli_power_manager_get_default_high_frequency_minimum_offtime
 .text.sli_power_manager_get_wakeup_process_time_overhead
                0x00003a30       0x1c ./gecko_sdk_3.2.3/platform/service/power_manager/src/sl_power_manager_hal_s0_s1.o
                0x00003a30                sli_power_manager_get_wakeup_process_time_overhead
 .text.update_delta_list
                0x00003a4c       0x38 ./gecko_sdk_3.2.3/platform/service/sleeptimer/src/sl_sleeptimer.o
 .text.delta_list_insert_timer
                0x00003a84       0x5c ./gecko_sdk_3.2.3/platform/service/sleeptimer/src/sl_sleeptimer.o
 .text.set_comparator_for_next_timer
                0x00003ae0       0x4c ./gecko_sdk_3.2.3/platform/service/sleeptimer/src/sl_sleeptimer.o
 .text.create_timer
                0x00003b2c       0x68 ./gecko_sdk_3.2.3/platform/service/sleeptimer/src/sl_sleeptimer.o
 .text.delta_list_remove_timer
                0x00003b94       0x38 ./gecko_sdk_3.2.3/platform/service/sleeptimer/src/sl_sleeptimer.o
 .text.sl_sleeptimer_init
                0x00003bcc       0x74 ./gecko_sdk_3.2.3/platform/service/sleeptimer/src/sl_sleeptimer.o
                0x00003bcc                sl_sleeptimer_init
 .text.sl_sleeptimer_stop_timer
                0x00003c40       0x50 ./gecko_sdk_3.2.3/platform/service/sleeptimer/src/sl_sleeptimer.o
                0x00003c40                sl_sleeptimer_stop_timer
 .text.sl_sleeptimer_restart_timer
                0x00003c90       0x34 ./gecko_sdk_3.2.3/platform/service/sleeptimer/src/sl_sleeptimer.o
                0x00003c90                sl_sleeptimer_restart_timer
 .text.sl_sleeptimer_restart_periodic_timer
                0x00003cc4       0x34 ./gecko_sdk_3.2.3/platform/service/sleeptimer/src/sl_sleeptimer.o
                0x00003cc4                sl_sleeptimer_restart_periodic_timer
 .text.sl_sleeptimer_is_timer_running
                0x00003cf8       0x38 ./gecko_sdk_3.2.3/platform/service/sleeptimer/src/sl_sleeptimer.o
                0x00003cf8                sl_sleeptimer_is_timer_running
 .text.sl_sleeptimer_start_periodic_timer
                0x00003d30       0x48 ./gecko_sdk_3.2.3/platform/service/sleeptimer/src/sl_sleeptimer.o
                0x00003d30                sl_sleeptimer_start_periodic_timer
 .text.sl_sleeptimer_get_remaining_time_of_first_timer
                0x00003d78       0x64 ./gecko_sdk_3.2.3/platform/service/sleeptimer/src/sl_sleeptimer.o
                0x00003d78                sl_sleeptimer_get_remaining_time_of_first_timer
 .text.sli_sleeptimer_is_power_manager_timer_next_to_expire
                0x00003ddc        0xc ./gecko_sdk_3.2.3/platform/service/sleeptimer/src/sl_sleeptimer.o
                0x00003ddc                sli_sleeptimer_is_power_manager_timer_next_to_expire
 .text.sl_sleeptimer_get_tick_count
                0x00003de8       0x18 ./gecko_sdk_3.2.3/platform/service/sleeptimer/src/sl_sleeptimer.o
                0x00003de8                sl_sleeptimer_get_tick_count
 .text.sl_sleeptimer_get_timer_frequency
                0x00003e00        0xc ./gecko_sdk_3.2.3/platform/service/sleeptimer/src/sl_sleeptimer.o
                0x00003e00                sl_sleeptimer_get_timer_frequency
 .text.sl_sleeptimer_ms32_to_tick
                0x00003e0c       0x34 ./gecko_sdk_3.2.3/platform/service/sleeptimer/src/sl_sleeptimer.o
                0x00003e0c                sl_sleeptimer_ms32_to_tick
 .text.process_timer_irq
                0x00003e40      0x134 ./gecko_sdk_3.2.3/platform/service/sleeptimer/src/sl_sleeptimer.o
                0x00003e40                process_timer_irq
 .text.sl_sleeptimer_is_power_manager_early_restore_timer_latest_to_expire
                0x00003f74       0x18 ./gecko_sdk_3.2.3/platform/service/sleeptimer/src/sl_sleeptimer.o
                0x00003f74                sl_sleeptimer_is_power_manager_early_restore_timer_latest_to_expire
 .text.CMU_PrescToLog2.constprop.0
                0x00003f8c        0x4 ./gecko_sdk_3.2.3/platform/service/sleeptimer/src/sl_sleeptimer_hal_rtcc.o
 .text.sleeptimer_hal_init_timer
                0x00003f90       0x8c ./gecko_sdk_3.2.3/platform/service/sleeptimer/src/sl_sleeptimer_hal_rtcc.o
                0x00003f90                sleeptimer_hal_init_timer
 .text.sleeptimer_hal_get_counter
                0x0000401c        0xc ./gecko_sdk_3.2.3/platform/service/sleeptimer/src/sl_sleeptimer_hal_rtcc.o
                0x0000401c                sleeptimer_hal_get_counter
 .text.sleeptimer_hal_set_compare
                0x00004028       0x50 ./gecko_sdk_3.2.3/platform/service/sleeptimer/src/sl_sleeptimer_hal_rtcc.o
                0x00004028                sleeptimer_hal_set_compare
 .text.sleeptimer_hal_enable_int
                0x00004078       0x1c ./gecko_sdk_3.2.3/platform/service/sleeptimer/src/sl_sleeptimer_hal_rtcc.o
                0x00004078                sleeptimer_hal_enable_int
 .text.sleeptimer_hal_disable_int
                0x00004094       0x30 ./gecko_sdk_3.2.3/platform/service/sleeptimer/src/sl_sleeptimer_hal_rtcc.o
                0x00004094                sleeptimer_hal_disable_int
 .text.sli_sleeptimer_hal_is_int_status_set
                0x000040c4       0x20 ./gecko_sdk_3.2.3/platform/service/sleeptimer/src/sl_sleeptimer_hal_rtcc.o
                0x000040c4                sli_sleeptimer_hal_is_int_status_set
 .text.RTCC_IRQHandler
                0x000040e4       0x30 ./gecko_sdk_3.2.3/platform/service/sleeptimer/src/sl_sleeptimer_hal_rtcc.o
                0x000040e4                RTCC_IRQHandler
 .text.sleeptimer_hal_get_timer_frequency
                0x00004114       0x18 ./gecko_sdk_3.2.3/platform/service/sleeptimer/src/sl_sleeptimer_hal_rtcc.o
                0x00004114                sleeptimer_hal_get_timer_frequency
 .text.sl_system_init
                0x0000412c       0x1a ./gecko_sdk_3.2.3/platform/service/system/src/sl_system_init.o
                0x0000412c                sl_system_init
 .text.sl_system_process_action
                0x00004146       0x16 ./gecko_sdk_3.2.3/platform/service/system/src/sl_system_process_action.o
                0x00004146                sl_system_process_action
 .text.sl_udelay_wait
                0x0000415c       0x30 ./gecko_sdk_3.2.3/platform/service/udelay/src/sl_udelay.o
                0x0000415c                sl_udelay_wait
 *fill*         0x0000418c        0x4 
 .text          0x00004190        0x8 ./gecko_sdk_3.2.3/platform/service/udelay/src/sl_udelay_armv6m_gcc.o
                0x00004190                sli_delay_loop
 .text          0x00004198       0x30 c:/siliconlabs/simplicitystudio/v5/developer/toolchains/gnu_arm/10.2_2020q4/bin/../lib/gcc/arm-none-eabi/10.2.1/thumb/v7e-m+fp/softfp\libgcc.a(_aeabi_uldivmod.o)
                0x00004198                __aeabi_uldivmod
 .text          0x000041c8      0x2d0 c:/siliconlabs/simplicitystudio/v5/developer/toolchains/gnu_arm/10.2_2020q4/bin/../lib/gcc/arm-none-eabi/10.2.1/thumb/v7e-m+fp/softfp\libgcc.a(_udivmoddi4.o)
                0x000041c8                __udivmoddi4
 .text          0x00004498        0x4 c:/siliconlabs/simplicitystudio/v5/developer/toolchains/gnu_arm/10.2_2020q4/bin/../lib/gcc/arm-none-eabi/10.2.1/thumb/v7e-m+fp/softfp\libgcc.a(_dvmd_tls.o)
                0x00004498                __aeabi_idiv0
                0x00004498                __aeabi_ldiv0
 .text.bzero    0x0000449c        0x8 c:/siliconlabs/simplicitystudio/v5/developer/toolchains/gnu_arm/10.2_2020q4/bin/../lib/gcc/arm-none-eabi/10.2.1/../../../../arm-none-eabi/lib/thumb/v7e-m+fp/softfp\libc_nano.a(lib_a-bzero.o)
                0x0000449c                bzero
 .text.exit     0x000044a4       0x28 c:/siliconlabs/simplicitystudio/v5/developer/toolchains/gnu_arm/10.2_2020q4/bin/../lib/gcc/arm-none-eabi/10.2.1/../../../../arm-none-eabi/lib/thumb/v7e-m+fp/softfp\libc_nano.a(lib_a-exit.o)
                0x000044a4                exit
 .text.__libc_init_array
                0x000044cc       0x48 c:/siliconlabs/simplicitystudio/v5/developer/toolchains/gnu_arm/10.2_2020q4/bin/../lib/gcc/arm-none-eabi/10.2.1/../../../../arm-none-eabi/lib/thumb/v7e-m+fp/softfp\libc_nano.a(lib_a-init.o)
                0x000044cc                __libc_init_array
 .text.memcpy   0x00004514       0x1c c:/siliconlabs/simplicitystudio/v5/developer/toolchains/gnu_arm/10.2_2020q4/bin/../lib/gcc/arm-none-eabi/10.2.1/../../../../arm-none-eabi/lib/thumb/v7e-m+fp/softfp\libc_nano.a(lib_a-memcpy-stub.o)
                0x00004514                memcpy
 .text.memmove  0x00004530       0x34 c:/siliconlabs/simplicitystudio/v5/developer/toolchains/gnu_arm/10.2_2020q4/bin/../lib/gcc/arm-none-eabi/10.2.1/../../../../arm-none-eabi/lib/thumb/v7e-m+fp/softfp\libc_nano.a(lib_a-memmove.o)
                0x00004530                memmove
 .text.memset   0x00004564       0x10 c:/siliconlabs/simplicitystudio/v5/developer/toolchains/gnu_arm/10.2_2020q4/bin/../lib/gcc/arm-none-eabi/10.2.1/../../../../arm-none-eabi/lib/thumb/v7e-m+fp/softfp\libc_nano.a(lib_a-memset.o)
                0x00004564                memset
 .text          0x00004574       0x10 c:/siliconlabs/simplicitystudio/v5/developer/toolchains/gnu_arm/10.2_2020q4/bin/../lib/gcc/arm-none-eabi/10.2.1/../../../../arm-none-eabi/lib/thumb/v7e-m+fp/softfp\libc_nano.a(lib_a-strlen.o)
                0x00004574                strlen
 .text._vsprintf_r
                0x00004584       0x2c c:/siliconlabs/simplicitystudio/v5/developer/toolchains/gnu_arm/10.2_2020q4/bin/../lib/gcc/arm-none-eabi/10.2.1/../../../../arm-none-eabi/lib/thumb/v7e-m+fp/softfp\libc_nano.a(lib_a-vsprintf.o)
                0x00004584                _vsprintf_r
                0x00004584                _vsiprintf_r
 .text.vsprintf
                0x000045b0       0x14 c:/siliconlabs/simplicitystudio/v5/developer/toolchains/gnu_arm/10.2_2020q4/bin/../lib/gcc/arm-none-eabi/10.2.1/../../../../arm-none-eabi/lib/thumb/v7e-m+fp/softfp\libc_nano.a(lib_a-vsprintf.o)
                0x000045b0                vsiprintf
                0x000045b0                vsprintf
 .text.__ssputs_r
                0x000045c4       0xb6 c:/siliconlabs/simplicitystudio/v5/developer/toolchains/gnu_arm/10.2_2020q4/bin/../lib/gcc/arm-none-eabi/10.2.1/../../../../arm-none-eabi/lib/thumb/v7e-m+fp/softfp\libc_nano.a(lib_a-nano-svfprintf.o)
                0x000045c4                __ssputs_r
 *fill*         0x0000467a        0x2 
 .text._svfprintf_r
                0x0000467c      0x200 c:/siliconlabs/simplicitystudio/v5/developer/toolchains/gnu_arm/10.2_2020q4/bin/../lib/gcc/arm-none-eabi/10.2.1/../../../../arm-none-eabi/lib/thumb/v7e-m+fp/softfp\libc_nano.a(lib_a-nano-svfprintf.o)
                0x0000467c                _svfiprintf_r
                0x0000467c                _svfprintf_r
 .text._printf_common
                0x0000487c       0xda c:/siliconlabs/simplicitystudio/v5/developer/toolchains/gnu_arm/10.2_2020q4/bin/../lib/gcc/arm-none-eabi/10.2.1/../../../../arm-none-eabi/lib/thumb/v7e-m+fp/softfp\libc_nano.a(lib_a-nano-vfprintf_i.o)
                0x0000487c                _printf_common
 *fill*         0x00004956        0x2 
 .text._printf_i
                0x00004958      0x24c c:/siliconlabs/simplicitystudio/v5/developer/toolchains/gnu_arm/10.2_2020q4/bin/../lib/gcc/arm-none-eabi/10.2.1/../../../../arm-none-eabi/lib/thumb/v7e-m+fp/softfp\libc_nano.a(lib_a-nano-vfprintf_i.o)
                0x00004958                _printf_i
 *fill*         0x00004ba4        0xc 
 .text          0x00004bb0       0xa0 c:/siliconlabs/simplicitystudio/v5/developer/toolchains/gnu_arm/10.2_2020q4/bin/../lib/gcc/arm-none-eabi/10.2.1/../../../../arm-none-eabi/lib/thumb/v7e-m+fp/softfp\libc_nano.a(lib_a-memchr.o)
                0x00004bb0                memchr
 .text._free_r  0x00004c50       0x98 c:/siliconlabs/simplicitystudio/v5/developer/toolchains/gnu_arm/10.2_2020q4/bin/../lib/gcc/arm-none-eabi/10.2.1/../../../../arm-none-eabi/lib/thumb/v7e-m+fp/softfp\libc_nano.a(lib_a-nano-freer.o)
                0x00004c50                _free_r
 .text._malloc_r
                0x00004ce8       0xb4 c:/siliconlabs/simplicitystudio/v5/developer/toolchains/gnu_arm/10.2_2020q4/bin/../lib/gcc/arm-none-eabi/10.2.1/../../../../arm-none-eabi/lib/thumb/v7e-m+fp/softfp\libc_nano.a(lib_a-nano-mallocr.o)
                0x00004ce8                _malloc_r
 .text._realloc_r
                0x00004d9c       0x4c c:/siliconlabs/simplicitystudio/v5/developer/toolchains/gnu_arm/10.2_2020q4/bin/../lib/gcc/arm-none-eabi/10.2.1/../../../../arm-none-eabi/lib/thumb/v7e-m+fp/softfp\libc_nano.a(lib_a-nano-reallocr.o)
                0x00004d9c                _realloc_r
 .text._sbrk_r  0x00004de8       0x20 c:/siliconlabs/simplicitystudio/v5/developer/toolchains/gnu_arm/10.2_2020q4/bin/../lib/gcc/arm-none-eabi/10.2.1/../../../../arm-none-eabi/lib/thumb/v7e-m+fp/softfp\libc_nano.a(lib_a-sbrkr.o)
                0x00004de8                _sbrk_r
 .text.__malloc_lock
                0x00004e08        0xc c:/siliconlabs/simplicitystudio/v5/developer/toolchains/gnu_arm/10.2_2020q4/bin/../lib/gcc/arm-none-eabi/10.2.1/../../../../arm-none-eabi/lib/thumb/v7e-m+fp/softfp\libc_nano.a(lib_a-mlock.o)
                0x00004e08                __malloc_lock
 .text.__malloc_unlock
                0x00004e14        0xc c:/siliconlabs/simplicitystudio/v5/developer/toolchains/gnu_arm/10.2_2020q4/bin/../lib/gcc/arm-none-eabi/10.2.1/../../../../arm-none-eabi/lib/thumb/v7e-m+fp/softfp\libc_nano.a(lib_a-mlock.o)
                0x00004e14                __malloc_unlock
 .text._malloc_usable_size_r
                0x00004e20       0x10 c:/siliconlabs/simplicitystudio/v5/developer/toolchains/gnu_arm/10.2_2020q4/bin/../lib/gcc/arm-none-eabi/10.2.1/../../../../arm-none-eabi/lib/thumb/v7e-m+fp/softfp\libc_nano.a(lib_a-nano-msizer.o)
                0x00004e20                _malloc_usable_size_r
 .text.__retarget_lock_acquire_recursive
                0x00004e30        0x2 c:/siliconlabs/simplicitystudio/v5/developer/toolchains/gnu_arm/10.2_2020q4/bin/../lib/gcc/arm-none-eabi/10.2.1/../../../../arm-none-eabi/lib/thumb/v7e-m+fp/softfp\libc_nano.a(lib_a-lock.o)
                0x00004e30                __retarget_lock_acquire_recursive
 .text.__retarget_lock_release_recursive
                0x00004e32        0x2 c:/siliconlabs/simplicitystudio/v5/developer/toolchains/gnu_arm/10.2_2020q4/bin/../lib/gcc/arm-none-eabi/10.2.1/../../../../arm-none-eabi/lib/thumb/v7e-m+fp/softfp\libc_nano.a(lib_a-lock.o)
                0x00004e32                __retarget_lock_release_recursive
                0x00004e34                linker_code_end = .
 *(.init)
 .init          0x00004e34        0x4 c:/siliconlabs/simplicitystudio/v5/developer/toolchains/gnu_arm/10.2_2020q4/bin/../lib/gcc/arm-none-eabi/10.2.1/thumb/v7e-m+fp/softfp/crti.o
                0x00004e34                _init
 .init          0x00004e38        0x8 c:/siliconlabs/simplicitystudio/v5/developer/toolchains/gnu_arm/10.2_2020q4/bin/../lib/gcc/arm-none-eabi/10.2.1/thumb/v7e-m+fp/softfp/crtn.o
 *(.fini)
 .fini          0x00004e40        0x4 c:/siliconlabs/simplicitystudio/v5/developer/toolchains/gnu_arm/10.2_2020q4/bin/../lib/gcc/arm-none-eabi/10.2.1/thumb/v7e-m+fp/softfp/crti.o
                0x00004e40                _fini
 .fini          0x00004e44        0x8 c:/siliconlabs/simplicitystudio/v5/developer/toolchains/gnu_arm/10.2_2020q4/bin/../lib/gcc/arm-none-eabi/10.2.1/thumb/v7e-m+fp/softfp/crtn.o
 *fill*         0x00004e4c        0x4 
 .fini.__stub   0x00004e50        0x8 linker stubs
 *crtbegin.o(.ctors)
 *crtbegin?.o(.ctors)
 *(EXCLUDE_FILE(*crtend.o *crtend?.o) .ctors)
 *(SORT_BY_NAME(.ctors.*))
 *(.ctors)
 *crtbegin.o(.dtors)
 *crtbegin?.o(.dtors)
 *(EXCLUDE_FILE(*crtend.o *crtend?.o) .dtors)
 *(SORT_BY_NAME(.dtors.*))
 *(.dtors)
 *(.rodata*)
 .rodata.ex7_lib_init.str1.1
                0x00004e58       0x36 ./ex7_lib.o
 .rodata.handle_btn1_interrupt.str1.1
                0x00004e8e       0x11 ./ex7_lib.o
 .rodata.handle_btn0_interrupt.str1.1
                0x00004e9f        0xa ./ex7_lib.o
 .rodata.my_printf_init.str1.1
                0x00004ea9       0x13 ./my_printf_lib.o
 .rodata.simple_button_count
                0x00004ebc        0x1 ./autogen/sl_simple_button_instances.o
                0x00004ebc                simple_button_count
 *fill*         0x00004ebd        0x3 
 .rodata.sl_button_btn0
                0x00004ec0       0x18 ./autogen/sl_simple_button_instances.o
                0x00004ec0                sl_button_btn0
 .rodata.sl_button_btn1
                0x00004ed8       0x18 ./autogen/sl_simple_button_instances.o
                0x00004ed8                sl_button_btn1
 .rodata.sl_led_led0
                0x00004ef0       0x18 ./autogen/sl_simple_led_instances.o
                0x00004ef0                sl_led_led0
 .rodata.sl_led_led1
                0x00004f08       0x18 ./autogen/sl_simple_led_instances.o
                0x00004f08                sl_led_led1
 .rodata        0x00004f20       0x18 ./gecko_sdk_3.2.3/hardware/driver/memlcd/src/memlcd_usart/sl_memlcd_spi.o
 .rodata        0x00004f38       0x10 ./gecko_sdk_3.2.3/hardware/driver/memlcd/src/sl_memlcd_display.o
 .rodata.sl_slist_push.str1.1
                0x00004f48       0x32 ./gecko_sdk_3.2.3/platform/common/src/sl_slist.o
 .rodata.GPIO_PinInGet.str1.1
                0x00004f7a       0x72 ./gecko_sdk_3.2.3/platform/driver/button/src/sl_simple_button.o
 .rodata.GPIO_PinOutClear.str1.1
                0x00004fec       0x72 ./gecko_sdk_3.2.3/platform/driver/leddrv/src/sl_simple_led.o
 .rodata.flashWaitStateControl.str1.1
                0x00004fec       0x2f ./gecko_sdk_3.2.3/platform/emlib/src/em_cmu.o
 .rodata.SL_Log2ToDiv.str1.1
                0x0000501b       0x74 ./gecko_sdk_3.2.3/platform/emlib/src/em_cmu.o
 .rodata.CSWTCH.46
                0x0000508f        0x6 ./gecko_sdk_3.2.3/platform/emlib/src/em_cmu.o
 .rodata.CSWTCH.47
                0x00005095        0x4 ./gecko_sdk_3.2.3/platform/emlib/src/em_cmu.o
 .rodata.CSWTCH.48
                0x00005099        0x4 ./gecko_sdk_3.2.3/platform/emlib/src/em_cmu.o
 .rodata.CSWTCH.67
                0x0000509d        0x5 ./gecko_sdk_3.2.3/platform/emlib/src/em_cmu.o
 .rodata.CSWTCH.68
                0x000050a2        0x5 ./gecko_sdk_3.2.3/platform/emlib/src/em_cmu.o
 *fill*         0x000050a7        0x1 
 .rodata.CSWTCH.69
                0x000050a8        0xa ./gecko_sdk_3.2.3/platform/emlib/src/em_cmu.o
 .rodata.CSWTCH.70
                0x000050b2        0xa ./gecko_sdk_3.2.3/platform/emlib/src/em_cmu.o
 .rodata.flashWsTable
                0x000050bc       0x28 ./gecko_sdk_3.2.3/platform/emlib/src/em_cmu.o
 .rodata.CORE_NvicMaskSetIRQ.str1.1
                0x000050e4       0x30 ./gecko_sdk_3.2.3/platform/emlib/src/em_core.o
 .rodata.lpGetDevinfoVrefLowHigh.str1.1
                0x00005114       0x2f ./gecko_sdk_3.2.3/platform/emlib/src/em_emu.o
 .rodata.GPIO_PinOutSet.str1.1
                0x00005143       0x72 ./gecko_sdk_3.2.3/platform/emlib/src/em_gpio.o
 .rodata.GPIO_DbgLocationSet.str1.1
                0x00005143       0x30 ./gecko_sdk_3.2.3/platform/emlib/src/em_gpio.o
 .rodata.GPIO_ExtIntConfig.str1.1
                0x00005173       0x71 ./gecko_sdk_3.2.3/platform/emlib/src/em_gpio.o
 .rodata.RTCC_ChannelInit.str1.1
                0x000051e4       0x30 ./gecko_sdk_3.2.3/platform/emlib/src/em_rtcc.o
 .rodata.USART_BaudrateAsyncSet.str1.1
                0x00005214       0x31 ./gecko_sdk_3.2.3/platform/emlib/src/em_usart.o
 *fill*         0x00005245        0x3 
 .rodata.GLIB_FontNarrow6x8
                0x00005248       0x10 ./gecko_sdk_3.2.3/platform/middleware/glib/glib/glib_font_narrow_6x8.o
                0x00005248                GLIB_FontNarrow6x8
 .rodata.GLIB_FontNarrow6x8PixMap
                0x00005258      0x320 ./gecko_sdk_3.2.3/platform/middleware/glib/glib/glib_font_narrow_6x8.o
 .rodata.GLIB_FontNormal8x8
                0x00005578       0x10 ./gecko_sdk_3.2.3/platform/middleware/glib/glib/glib_font_normal_8x8.o
                0x00005578                GLIB_FontNormal8x8
 .rodata.GLIB_FontNormal8x8PixMap
                0x00005588      0x320 ./gecko_sdk_3.2.3/platform/middleware/glib/glib/glib_font_normal_8x8.o
 .rodata        0x000058a8       0x10 ./gecko_sdk_3.2.3/platform/service/device_init/src/sl_device_init_dcdc_s1.o
 .rodata        0x000058b8       0x12 ./gecko_sdk_3.2.3/platform/service/device_init/src/sl_device_init_hfxo_s1.o
 .rodata        0x000058ca        0x4 ./gecko_sdk_3.2.3/platform/service/device_init/src/sl_device_init_lfxo_s1.o
 .rodata.sli_iosteam_swo_em_transition.str1.1
                0x000058ce       0x43 ./gecko_sdk_3.2.3/platform/service/iostream/src/sl_iostream_swo.o
 .rodata.power_manager_notify_em_transition.str1.1
                0x00005911       0x49 ./gecko_sdk_3.2.3/platform/service/power_manager/src/sl_power_manager.o
 .rodata.CSWTCH.47
                0x0000595a        0x4 ./gecko_sdk_3.2.3/platform/service/power_manager/src/sl_power_manager.o
 .rodata.sli_power_manager_apply_em.str1.1
                0x0000595e       0x53 ./gecko_sdk_3.2.3/platform/service/power_manager/src/sl_power_manager_hal_s0_s1.o
 .rodata.process_timer_irq.str1.1
                0x000059b1       0x43 ./gecko_sdk_3.2.3/platform/service/sleeptimer/src/sl_sleeptimer.o
 .rodata        0x000059f4       0x10 ./gecko_sdk_3.2.3/platform/service/sleeptimer/src/sl_sleeptimer_hal_rtcc.o
 .rodata._global_impure_ptr
                0x00005a04        0x4 c:/siliconlabs/simplicitystudio/v5/developer/toolchains/gnu_arm/10.2_2020q4/bin/../lib/gcc/arm-none-eabi/10.2.1/../../../../arm-none-eabi/lib/thumb/v7e-m+fp/softfp\libc_nano.a(lib_a-impure.o)
                0x00005a04                _global_impure_ptr
 .rodata._svfprintf_r.str1.1
                0x00005a08       0x11 c:/siliconlabs/simplicitystudio/v5/developer/toolchains/gnu_arm/10.2_2020q4/bin/../lib/gcc/arm-none-eabi/10.2.1/../../../../arm-none-eabi/lib/thumb/v7e-m+fp/softfp\libc_nano.a(lib_a-nano-svfprintf.o)
 .rodata._printf_i.str1.1
                0x00005a19       0x22 c:/siliconlabs/simplicitystudio/v5/developer/toolchains/gnu_arm/10.2_2020q4/bin/../lib/gcc/arm-none-eabi/10.2.1/../../../../arm-none-eabi/lib/thumb/v7e-m+fp/softfp\libc_nano.a(lib_a-nano-vfprintf_i.o)
 *(.eh_frame*)
 *fill*         0x00005a3b        0x1 
 .eh_frame      0x00005a3c        0x0 c:/siliconlabs/simplicitystudio/v5/developer/toolchains/gnu_arm/10.2_2020q4/bin/../lib/gcc/arm-none-eabi/10.2.1/thumb/v7e-m+fp/softfp/crtbegin.o

.glue_7         0x00005a3c        0x0
 .glue_7        0x00005a3c        0x0 linker stubs

.glue_7t        0x00005a3c        0x0
 .glue_7t       0x00005a3c        0x0 linker stubs

.vfp11_veneer   0x00005a3c        0x0
 .vfp11_veneer  0x00005a3c        0x0 linker stubs

.v4_bx          0x00005a3c        0x0
 .v4_bx         0x00005a3c        0x0 linker stubs

.iplt           0x00005a3c        0x0
 .iplt          0x00005a3c        0x0 c:/siliconlabs/simplicitystudio/v5/developer/toolchains/gnu_arm/10.2_2020q4/bin/../lib/gcc/arm-none-eabi/10.2.1/thumb/v7e-m+fp/softfp/crtbegin.o

.ARM.extab
 *(.ARM.extab* .gnu.linkonce.armextab.*)
                0x00005a3c                __exidx_start = .

.ARM.exidx      0x00005a3c        0x8
 *(.ARM.exidx* .gnu.linkonce.armexidx.*)
 .ARM.exidx     0x00005a3c        0x8 c:/siliconlabs/simplicitystudio/v5/developer/toolchains/gnu_arm/10.2_2020q4/bin/../lib/gcc/arm-none-eabi/10.2.1/../../../../arm-none-eabi/lib/thumb/v7e-m+fp/softfp/crt0.o
                                 0x10 (size before relaxing)
 .ARM.exidx     0x00005a44        0x0 c:/siliconlabs/simplicitystudio/v5/developer/toolchains/gnu_arm/10.2_2020q4/bin/../lib/gcc/arm-none-eabi/10.2.1/thumb/v7e-m+fp/softfp\libgcc.a(_udivmoddi4.o)
                                  0x8 (size before relaxing)
                0x00005a44                __exidx_end = .
                0x00005a44                __etext = .

.rel.dyn        0x00005a44        0x0
 .rel.iplt      0x00005a44        0x0 c:/siliconlabs/simplicitystudio/v5/developer/toolchains/gnu_arm/10.2_2020q4/bin/../lib/gcc/arm-none-eabi/10.2.1/thumb/v7e-m+fp/softfp/crtbegin.o
                0x20000000                . = ORIGIN (RAM)

.stack          0x20000000     0x1000
                0x20000000                __StackLimit = .
 *(.stack*)
 .stack         0x20000000        0x0 ./gecko_sdk_3.2.3/platform/Device/SiliconLabs/EFM32PG12B/Source/GCC/startup_efm32pg12b.o
 .stack         0x20000000     0x1000 ./gecko_sdk_3.2.3/platform/common/toolchain/src/sl_memory.o
                0x20001000                . = ALIGN (0x4)
                0x20001000                __StackTop = .
                0x20001000                PROVIDE (__stack = __StackTop)

.noinit
 *(.noinit*)

.data           0x20001000       0xec load address 0x00005a44
                0x20001000                . = ALIGN (0x4)
                0x20001000                __data_start__ = .
 *(vtable)
 *(.data*)
 .data.simple_btn0_context
                0x20001000        0x8 ./autogen/sl_simple_button_instances.o
                0x20001000                simple_btn0_context
 .data.simple_btn1_context
                0x20001008        0x8 ./autogen/sl_simple_button_instances.o
                0x20001008                simple_btn1_context
 .data.sl_simple_button_array
                0x20001010        0x8 ./autogen/sl_simple_button_instances.o
                0x20001010                sl_simple_button_array
 .data.simple_led0_context
                0x20001018        0x3 ./autogen/sl_simple_led_instances.o
                0x20001018                simple_led0_context
 .data.simple_led1_context
                0x2000101b        0x3 ./autogen/sl_simple_led_instances.o
                0x2000101b                simple_led1_context
 *fill*         0x2000101e        0x2 
 .data.spi_handle
                0x20001020       0x14 ./gecko_sdk_3.2.3/hardware/driver/memlcd/src/sl_memlcd.o
 .data.SystemCoreClock
                0x20001034        0x4 ./gecko_sdk_3.2.3/platform/Device/SiliconLabs/EFM32PG12B/Source/system_efm32pg12b.o
                0x20001034                SystemCoreClock
 .data.SystemHFXOClock
                0x20001038        0x4 ./gecko_sdk_3.2.3/platform/Device/SiliconLabs/EFM32PG12B/Source/system_efm32pg12b.o
 .data.SystemHfrcoFreq
                0x2000103c        0x4 ./gecko_sdk_3.2.3/platform/Device/SiliconLabs/EFM32PG12B/Source/system_efm32pg12b.o
                0x2000103c                SystemHfrcoFreq
 .data.SystemLFXOClock
                0x20001040        0x4 ./gecko_sdk_3.2.3/platform/Device/SiliconLabs/EFM32PG12B/Source/system_efm32pg12b.o
 .data.heap_end.0
                0x20001044        0x4 ./gecko_sdk_3.2.3/platform/common/toolchain/src/sl_memory.o
 .data.auxHfrcoFreq
                0x20001048        0x4 ./gecko_sdk_3.2.3/platform/emlib/src/em_cmu.o
 .data.lfxo_precision
                0x2000104c        0x2 ./gecko_sdk_3.2.3/platform/emlib/src/em_cmu.o
 *fill*         0x2000104e        0x2 
 .data.event_info
                0x20001050        0x8 ./gecko_sdk_3.2.3/platform/service/iostream/src/sl_iostream_swo.o
 .data.sl_iostream_swo
                0x20001058        0xc ./gecko_sdk_3.2.3/platform/service/iostream/src/sl_iostream_swo.o
 .data.is_fast_wakeup_enabled
                0x20001064        0x1 ./gecko_sdk_3.2.3/platform/service/power_manager/src/sl_power_manager_hal_s0_s1.o
 .data.cc_disabled
                0x20001065        0x1 ./gecko_sdk_3.2.3/platform/service/sleeptimer/src/sl_sleeptimer_hal_rtcc.o
 *fill*         0x20001066        0x2 
 .data._impure_ptr
                0x20001068        0x4 c:/siliconlabs/simplicitystudio/v5/developer/toolchains/gnu_arm/10.2_2020q4/bin/../lib/gcc/arm-none-eabi/10.2.1/../../../../arm-none-eabi/lib/thumb/v7e-m+fp/softfp\libc_nano.a(lib_a-impure.o)
                0x20001068                _impure_ptr
 .data.impure_data
                0x2000106c       0x60 c:/siliconlabs/simplicitystudio/v5/developer/toolchains/gnu_arm/10.2_2020q4/bin/../lib/gcc/arm-none-eabi/10.2.1/../../../../arm-none-eabi/lib/thumb/v7e-m+fp/softfp\libc_nano.a(lib_a-impure.o)
                0x200010cc                . = ALIGN (0x4)
                [!provide]                PROVIDE (__ram_func_section_start = .)
 *(.ram)
 .ram           0x200010cc       0x18 ./gecko_sdk_3.2.3/platform/emlib/src/em_emu.o
                [!provide]                PROVIDE (__ram_func_section_end = .)
                0x200010e4                . = ALIGN (0x4)
                0x200010e4                PROVIDE (__preinit_array_start = .)
 *(.preinit_array)
                0x200010e4                PROVIDE (__preinit_array_end = .)
                0x200010e4                . = ALIGN (0x4)
                0x200010e4                PROVIDE (__init_array_start = .)
 *(SORT_BY_NAME(.init_array.*))
 *(.init_array)
 .init_array    0x200010e4        0x4 c:/siliconlabs/simplicitystudio/v5/developer/toolchains/gnu_arm/10.2_2020q4/bin/../lib/gcc/arm-none-eabi/10.2.1/thumb/v7e-m+fp/softfp/crtbegin.o
                0x200010e8                PROVIDE (__init_array_end = .)
                0x200010e8                . = ALIGN (0x4)
                [!provide]                PROVIDE (__fini_array_start = .)
 *(SORT_BY_NAME(.fini_array.*))
 *(.fini_array)
 .fini_array    0x200010e8        0x4 c:/siliconlabs/simplicitystudio/v5/developer/toolchains/gnu_arm/10.2_2020q4/bin/../lib/gcc/arm-none-eabi/10.2.1/thumb/v7e-m+fp/softfp/crtbegin.o
                [!provide]                PROVIDE (__fini_array_end = .)
                0x200010ec                . = ALIGN (0x4)
                0x200010ec                __data_end__ = .

.igot.plt       0x200010ec        0x0 load address 0x00005b30
 .igot.plt      0x200010ec        0x0 c:/siliconlabs/simplicitystudio/v5/developer/toolchains/gnu_arm/10.2_2020q4/bin/../lib/gcc/arm-none-eabi/10.2.1/thumb/v7e-m+fp/softfp/crtbegin.o

.bss            0x200010ec     0x1a00 load address 0x00005b30
                0x200010ec                . = ALIGN (0x4)
                0x200010ec                __bss_start__ = .
 *(SEGGER_RTT)
 *(.bss*)
 .bss           0x200010ec       0x1c c:/siliconlabs/simplicitystudio/v5/developer/toolchains/gnu_arm/10.2_2020q4/bin/../lib/gcc/arm-none-eabi/10.2.1/thumb/v7e-m+fp/softfp/crtbegin.o
 .bss.btn_0_interuppted
                0x20001108        0x4 ./ex7_lib.o
 .bss.btn_1_interuppted
                0x2000110c        0x4 ./ex7_lib.o
 .bss.counter_btn0
                0x20001110        0x4 ./ex7_lib.o
 .bss.counter_btn1
                0x20001114        0x4 ./ex7_lib.o
 .bss.counter_default
                0x20001118        0x4 ./ex7_lib.o
 .bss.timeout_caller
                0x2000111c        0x4 ./ex7_lib.o
 .bss.timer     0x20001120       0x1c ./ex7_lib.o
 .bss.toggle_timeout
                0x2000113c        0x1 ./ex7_lib.o
 .bss.buff      0x2000113d     0x1000 ./my_printf_lib.o
 *fill*         0x2000213d        0x3 
 .bss.char_width
                0x20002140        0x4 ./my_printf_lib.o
 .bss.glibContext
                0x20002144       0x2c ./my_printf_lib.o
 .bss.line_height
                0x20002170        0x4 ./my_printf_lib.o
 .bss.x         0x20002174        0x4 ./my_printf_lib.o
 .bss.y         0x20002178        0x4 ./my_printf_lib.o
 .bss.extcomin_timer
                0x2000217c       0x1c ./gecko_sdk_3.2.3/hardware/driver/memlcd/src/sl_memlcd.o
 .bss.initialized
                0x20002198        0x1 ./gecko_sdk_3.2.3/hardware/driver/memlcd/src/sl_memlcd.o
 *fill*         0x20002199        0x3 
 .bss.memlcd_instance
                0x2000219c       0x10 ./gecko_sdk_3.2.3/hardware/driver/memlcd/src/sl_memlcd.o
 .bss.gpioCallbacks
                0x200021ac       0x80 ./gecko_sdk_3.2.3/platform/emdrv/gpiointerrupt/src/gpiointerrupt.o
 .bss.cmuStatus.3
                0x2000222c        0x4 ./gecko_sdk_3.2.3/platform/emlib/src/em_emu.o
 .bss.dcdcEm01LoadCurrent_mA
                0x20002230        0x2 ./gecko_sdk_3.2.3/platform/emlib/src/em_emu.o
 .bss.dcdcMaxCurrent_mA
                0x20002232        0x2 ./gecko_sdk_3.2.3/platform/emlib/src/em_emu.o
 .bss.dcdcReverseCurrentControl
                0x20002234        0x2 ./gecko_sdk_3.2.3/platform/emlib/src/em_emu.o
 .bss.hfClock.2
                0x20002236        0x1 ./gecko_sdk_3.2.3/platform/emlib/src/em_emu.o
 *fill*         0x20002237        0x1 
 .bss.hfrcoCtrl.0
                0x20002238        0x4 ./gecko_sdk_3.2.3/platform/emlib/src/em_emu.o
 .bss.vScaleEM01Config
                0x2000223c        0x1 ./gecko_sdk_3.2.3/platform/emlib/src/em_emu.o
 .bss.vScaleStatus.1
                0x2000223d        0x1 ./gecko_sdk_3.2.3/platform/emlib/src/em_emu.o
 .bss.dimensions
                0x2000223e        0xc ./gecko_sdk_3.2.3/platform/middleware/glib/dmd/display/dmd_memlcd.o
 *fill*         0x2000224a        0x2 
 .bss.dirtyRows
                0x2000224c       0x10 ./gecko_sdk_3.2.3/platform/middleware/glib/dmd/display/dmd_memlcd.o
 .bss.framebuffer
                0x2000225c      0x800 ./gecko_sdk_3.2.3/platform/middleware/glib/dmd/display/dmd_memlcd.o
 .bss.memlcd    0x20002a5c        0x4 ./gecko_sdk_3.2.3/platform/middleware/glib/dmd/display/dmd_memlcd.o
 .bss.sli_iostream_default
                0x20002a60        0x4 ./gecko_sdk_3.2.3/platform/service/iostream/src/sl_iostream.o
 .bss.event_handle
                0x20002a64        0x8 ./gecko_sdk_3.2.3/platform/service/iostream/src/sl_iostream_swo.o
 .bss.clock_wakeup_timer_handle
                0x20002a6c       0x1c ./gecko_sdk_3.2.3/platform/service/power_manager/src/sl_power_manager.o
 .bss.current_em
                0x20002a88        0x1 ./gecko_sdk_3.2.3/platform/service/power_manager/src/sl_power_manager.o
 *fill*         0x20002a89        0x3 
 .bss.high_frequency_min_offtime_tick
                0x20002a8c        0x4 ./gecko_sdk_3.2.3/platform/service/power_manager/src/sl_power_manager.o
                0x20002a8c                high_frequency_min_offtime_tick
 .bss.is_actively_waiting_for_clock_restore
                0x20002a90        0x1 ./gecko_sdk_3.2.3/platform/service/power_manager/src/sl_power_manager.o
 .bss.is_hf_x_oscillator_not_preserved
                0x20002a91        0x1 ./gecko_sdk_3.2.3/platform/service/power_manager/src/sl_power_manager.o
 .bss.is_initialized
                0x20002a92        0x1 ./gecko_sdk_3.2.3/platform/service/power_manager/src/sl_power_manager.o
 .bss.is_restored_from_hfxo_isr
                0x20002a93        0x1 ./gecko_sdk_3.2.3/platform/service/power_manager/src/sl_power_manager.o
 .bss.is_sleeping_waiting_for_clock_restore
                0x20002a94        0x1 ./gecko_sdk_3.2.3/platform/service/power_manager/src/sl_power_manager.o
 .bss.is_states_saved
                0x20002a95        0x1 ./gecko_sdk_3.2.3/platform/service/power_manager/src/sl_power_manager.o
 *fill*         0x20002a96        0x2 
 .bss.power_manager_em_transition_event_list
                0x20002a98        0x4 ./gecko_sdk_3.2.3/platform/service/power_manager/src/sl_power_manager.o
 .bss.requirement_em_table
                0x20002a9c        0x2 ./gecko_sdk_3.2.3/platform/service/power_manager/src/sl_power_manager.o
 .bss.requirement_high_accuracy_hf_clock_counter
                0x20002a9e        0x1 ./gecko_sdk_3.2.3/platform/service/power_manager/src/sl_power_manager.o
                0x20002a9e                requirement_high_accuracy_hf_clock_counter
 .bss.requirement_on_em1_added
                0x20002a9f        0x1 ./gecko_sdk_3.2.3/platform/service/power_manager/src/sl_power_manager.o
 .bss.sleeptimer_frequency
                0x20002aa0        0x4 ./gecko_sdk_3.2.3/platform/service/power_manager/src/sl_power_manager.o
 .bss.waiting_clock_restore_from_em
                0x20002aa4        0x1 ./gecko_sdk_3.2.3/platform/service/power_manager/src/sl_power_manager.o
 *fill*         0x20002aa5        0x3 
 .bss.wakeup_time_config_overhead_tick
                0x20002aa8        0x4 ./gecko_sdk_3.2.3/platform/service/power_manager/src/sl_power_manager.o
                0x20002aa8                wakeup_time_config_overhead_tick
 .bss.cmu_status
                0x20002aac        0x4 ./gecko_sdk_3.2.3/platform/service/power_manager/src/sl_power_manager_hal_s0_s1.o
 .bss.hf_x_oscillator_wakeup_time_tc_inital
                0x20002ab0        0x4 ./gecko_sdk_3.2.3/platform/service/power_manager/src/sl_power_manager_hal_s0_s1.o
 .bss.hfxo_wakeup_time_tick
                0x20002ab4        0x4 ./gecko_sdk_3.2.3/platform/service/power_manager/src/sl_power_manager_hal_s0_s1.o
 .bss.is_dpll_used
                0x20002ab8        0x1 ./gecko_sdk_3.2.3/platform/service/power_manager/src/sl_power_manager_hal_s0_s1.o
 .bss.is_hf_x_oscillator_already_started
                0x20002ab9        0x1 ./gecko_sdk_3.2.3/platform/service/power_manager/src/sl_power_manager_hal_s0_s1.o
 .bss.is_hf_x_oscillator_used
                0x20002aba        0x1 ./gecko_sdk_3.2.3/platform/service/power_manager/src/sl_power_manager_hal_s0_s1.o
 *fill*         0x20002abb        0x1 
 .bss.process_wakeup_overhead_tick
                0x20002abc        0x4 ./gecko_sdk_3.2.3/platform/service/power_manager/src/sl_power_manager_hal_s0_s1.o
 .bss.is_sleeptimer_initialized
                0x20002ac0        0x1 ./gecko_sdk_3.2.3/platform/service/sleeptimer/src/sl_sleeptimer.o
 *fill*         0x20002ac1        0x3 
 .bss.last_delta_update_count
                0x20002ac4        0x4 ./gecko_sdk_3.2.3/platform/service/sleeptimer/src/sl_sleeptimer.o
 .bss.max_millisecond_conversion
                0x20002ac8        0x4 ./gecko_sdk_3.2.3/platform/service/sleeptimer/src/sl_sleeptimer.o
 .bss.next_timer_to_expire_is_power_manager
                0x20002acc        0x1 ./gecko_sdk_3.2.3/platform/service/sleeptimer/src/sl_sleeptimer.o
 *fill*         0x20002acd        0x1 
 .bss.overflow_counter
                0x20002ace        0x2 ./gecko_sdk_3.2.3/platform/service/sleeptimer/src/sl_sleeptimer.o
 .bss.sleep_on_isr_exit
                0x20002ad0        0x1 ./gecko_sdk_3.2.3/platform/service/sleeptimer/src/sl_sleeptimer.o
 *fill*         0x20002ad1        0x3 
 .bss.timer_frequency
                0x20002ad4        0x4 ./gecko_sdk_3.2.3/platform/service/sleeptimer/src/sl_sleeptimer.o
 .bss.timer_head
                0x20002ad8        0x4 ./gecko_sdk_3.2.3/platform/service/sleeptimer/src/sl_sleeptimer.o
 .bss.__malloc_free_list
                0x20002adc        0x4 c:/siliconlabs/simplicitystudio/v5/developer/toolchains/gnu_arm/10.2_2020q4/bin/../lib/gcc/arm-none-eabi/10.2.1/../../../../arm-none-eabi/lib/thumb/v7e-m+fp/softfp\libc_nano.a(lib_a-nano-mallocr.o)
                0x20002adc                __malloc_free_list
 .bss.__malloc_sbrk_start
                0x20002ae0        0x4 c:/siliconlabs/simplicitystudio/v5/developer/toolchains/gnu_arm/10.2_2020q4/bin/../lib/gcc/arm-none-eabi/10.2.1/../../../../arm-none-eabi/lib/thumb/v7e-m+fp/softfp\libc_nano.a(lib_a-nano-mallocr.o)
                0x20002ae0                __malloc_sbrk_start
 .bss.errno     0x20002ae4        0x4 c:/siliconlabs/simplicitystudio/v5/developer/toolchains/gnu_arm/10.2_2020q4/bin/../lib/gcc/arm-none-eabi/10.2.1/../../../../arm-none-eabi/lib/thumb/v7e-m+fp/softfp\libc_nano.a(lib_a-reent.o)
                0x20002ae4                errno
 .bss.__lock___malloc_recursive_mutex
                0x20002ae8        0x1 c:/siliconlabs/simplicitystudio/v5/developer/toolchains/gnu_arm/10.2_2020q4/bin/../lib/gcc/arm-none-eabi/10.2.1/../../../../arm-none-eabi/lib/thumb/v7e-m+fp/softfp\libc_nano.a(lib_a-lock.o)
                0x20002ae8                __lock___malloc_recursive_mutex
 *(COMMON)
                0x20002aec                . = ALIGN (0x4)
 *fill*         0x20002ae9        0x3 
                0x20002aec                __bss_end__ = .

.heap           0x20002af0    0x3d510
                0x20002af0                __HeapBase = .
                0x20002af0                __end__ = .
                0x20002af0                end = __end__
                0x20002af0                _end = __end__
 *(.heap*)
 .heap          0x20002af0      0x800 ./gecko_sdk_3.2.3/platform/common/toolchain/src/sl_memory.o
                0x20040000                . = (ORIGIN (RAM) + LENGTH (RAM))
 *fill*         0x200032f0    0x3cd10 
                0x20040000                __HeapLimit = .
                0x0003d510                __heap_size = (__HeapLimit - __HeapBase)
                0x00100000                __main_flash_end__ = 0x100000

.internal_storage
                0x00005a44        0x0
 *(.internal_storage*)

.nvm            0x00005a44        0x0
 *(.simee*)
                0x00100000                linker_nvm_end = __main_flash_end__
                0x00100000                linker_nvm_begin = (linker_nvm_end - SIZEOF (.nvm))
                0x00000000                linker_nvm_size = SIZEOF (.nvm)
                0x00100000                linker_storage_end = linker_nvm_begin
                0x00100000                linker_storage_begin = (linker_storage_end - SIZEOF (.internal_storage))
                0x00000000                linker_storage_size = SIZEOF (.internal_storage)
                0x00100000                __nvm3Base = linker_nvm_begin
OUTPUT(ex7.axf elf32-littlearm)
LOAD linker stubs

.ARM.attributes
                0x00000000       0x2e
 .ARM.attributes
                0x00000000       0x1e c:/siliconlabs/simplicitystudio/v5/developer/toolchains/gnu_arm/10.2_2020q4/bin/../lib/gcc/arm-none-eabi/10.2.1/thumb/v7e-m+fp/softfp/crti.o
 .ARM.attributes
                0x0000001e       0x32 c:/siliconlabs/simplicitystudio/v5/developer/toolchains/gnu_arm/10.2_2020q4/bin/../lib/gcc/arm-none-eabi/10.2.1/thumb/v7e-m+fp/softfp/crtbegin.o
 .ARM.attributes
                0x00000050       0x1c c:/siliconlabs/simplicitystudio/v5/developer/toolchains/gnu_arm/10.2_2020q4/bin/../lib/gcc/arm-none-eabi/10.2.1/../../../../arm-none-eabi/lib/thumb/v7e-m+fp/softfp/crt0.o
 .ARM.attributes
                0x0000006c       0x32 ./app.o
 .ARM.attributes
                0x0000009e       0x32 ./ex7_lib.o
 .ARM.attributes
                0x000000d0       0x32 ./main.o
 .ARM.attributes
                0x00000102       0x32 ./my_printf_lib.o
 .ARM.attributes
                0x00000134       0x32 ./autogen/sl_board_default_init.o
 .ARM.attributes
                0x00000166       0x32 ./autogen/sl_device_init_clocks.o
 .ARM.attributes
                0x00000198       0x32 ./autogen/sl_event_handler.o
 .ARM.attributes
                0x000001ca       0x32 ./autogen/sl_power_manager_handler.o
 .ARM.attributes
                0x000001fc       0x32 ./autogen/sl_simple_button_instances.o
 .ARM.attributes
                0x0000022e       0x32 ./autogen/sl_simple_led_instances.o
 .ARM.attributes
                0x00000260       0x32 ./gecko_sdk_3.2.3/hardware/board/src/sl_board_control_gpio.o
 .ARM.attributes
                0x00000292       0x32 ./gecko_sdk_3.2.3/hardware/board/src/sl_board_init.o
 .ARM.attributes
                0x000002c4       0x32 ./gecko_sdk_3.2.3/hardware/driver/memlcd/src/memlcd_usart/sl_memlcd_spi.o
 .ARM.attributes
                0x000002f6       0x32 ./gecko_sdk_3.2.3/hardware/driver/memlcd/src/sl_memlcd.o
 .ARM.attributes
                0x00000328       0x32 ./gecko_sdk_3.2.3/hardware/driver/memlcd/src/sl_memlcd_display.o
 .ARM.attributes
                0x0000035a       0x32 ./gecko_sdk_3.2.3/platform/Device/SiliconLabs/EFM32PG12B/Source/GCC/startup_efm32pg12b.o
 .ARM.attributes
                0x0000038c       0x32 ./gecko_sdk_3.2.3/platform/Device/SiliconLabs/EFM32PG12B/Source/system_efm32pg12b.o
 .ARM.attributes
                0x000003be       0x32 ./gecko_sdk_3.2.3/platform/common/src/sl_slist.o
 .ARM.attributes
                0x000003f0       0x32 ./gecko_sdk_3.2.3/platform/common/toolchain/src/sl_memory.o
 .ARM.attributes
                0x00000422       0x32 ./gecko_sdk_3.2.3/platform/driver/button/src/sl_button.o
 .ARM.attributes
                0x00000454       0x32 ./gecko_sdk_3.2.3/platform/driver/button/src/sl_simple_button.o
 .ARM.attributes
                0x00000486       0x32 ./gecko_sdk_3.2.3/platform/driver/debug/src/sl_debug_swo.o
 .ARM.attributes
                0x000004b8       0x32 ./gecko_sdk_3.2.3/platform/driver/leddrv/src/sl_led.o
 .ARM.attributes
                0x000004ea       0x32 ./gecko_sdk_3.2.3/platform/driver/leddrv/src/sl_simple_led.o
 .ARM.attributes
                0x0000051c       0x32 ./gecko_sdk_3.2.3/platform/emdrv/gpiointerrupt/src/gpiointerrupt.o
 .ARM.attributes
                0x0000054e       0x32 ./gecko_sdk_3.2.3/platform/emlib/src/em_assert.o
 .ARM.attributes
                0x00000580       0x32 ./gecko_sdk_3.2.3/platform/emlib/src/em_cmu.o
 .ARM.attributes
                0x000005b2       0x32 ./gecko_sdk_3.2.3/platform/emlib/src/em_core.o
 .ARM.attributes
                0x000005e4       0x32 ./gecko_sdk_3.2.3/platform/emlib/src/em_emu.o
 .ARM.attributes
                0x00000616       0x32 ./gecko_sdk_3.2.3/platform/emlib/src/em_gpio.o
 .ARM.attributes
                0x00000648       0x32 ./gecko_sdk_3.2.3/platform/emlib/src/em_rtcc.o
 .ARM.attributes
                0x0000067a       0x32 ./gecko_sdk_3.2.3/platform/emlib/src/em_usart.o
 .ARM.attributes
                0x000006ac       0x32 ./gecko_sdk_3.2.3/platform/middleware/glib/dmd/display/dmd_memlcd.o
 .ARM.attributes
                0x000006de       0x32 ./gecko_sdk_3.2.3/platform/middleware/glib/glib/glib.o
 .ARM.attributes
                0x00000710       0x37 ./gecko_sdk_3.2.3/platform/middleware/glib/glib/glib_font_narrow_6x8.o
 .ARM.attributes
                0x00000747       0x37 ./gecko_sdk_3.2.3/platform/middleware/glib/glib/glib_font_normal_8x8.o
 .ARM.attributes
                0x0000077e       0x32 ./gecko_sdk_3.2.3/platform/middleware/glib/glib/glib_rectangle.o
 .ARM.attributes
                0x000007b0       0x32 ./gecko_sdk_3.2.3/platform/middleware/glib/glib/glib_string.o
 .ARM.attributes
                0x000007e2       0x32 ./gecko_sdk_3.2.3/platform/service/device_init/src/sl_device_init_dcdc_s1.o
 .ARM.attributes
                0x00000814       0x32 ./gecko_sdk_3.2.3/platform/service/device_init/src/sl_device_init_emu_s1.o
 .ARM.attributes
                0x00000846       0x32 ./gecko_sdk_3.2.3/platform/service/device_init/src/sl_device_init_hfxo_s1.o
 .ARM.attributes
                0x00000878       0x32 ./gecko_sdk_3.2.3/platform/service/device_init/src/sl_device_init_lfxo_s1.o
 .ARM.attributes
                0x000008aa       0x32 ./gecko_sdk_3.2.3/platform/service/device_init/src/sl_device_init_nvic.o
 .ARM.attributes
                0x000008dc       0x32 ./gecko_sdk_3.2.3/platform/service/iostream/src/sl_iostream.o
 .ARM.attributes
                0x0000090e       0x32 ./gecko_sdk_3.2.3/platform/service/iostream/src/sl_iostream_retarget_stdio.o
 .ARM.attributes
                0x00000940       0x32 ./gecko_sdk_3.2.3/platform/service/iostream/src/sl_iostream_swo.o
 .ARM.attributes
                0x00000972       0x32 ./gecko_sdk_3.2.3/platform/service/power_manager/src/sl_power_manager.o
 .ARM.attributes
                0x000009a4       0x32 ./gecko_sdk_3.2.3/platform/service/power_manager/src/sl_power_manager_hal_s0_s1.o
 .ARM.attributes
                0x000009d6       0x32 ./gecko_sdk_3.2.3/platform/service/sleeptimer/src/sl_sleeptimer.o
 .ARM.attributes
                0x00000a08       0x32 ./gecko_sdk_3.2.3/platform/service/sleeptimer/src/sl_sleeptimer_hal_rtcc.o
 .ARM.attributes
                0x00000a3a       0x32 ./gecko_sdk_3.2.3/platform/service/system/src/sl_system_init.o
 .ARM.attributes
                0x00000a6c       0x32 ./gecko_sdk_3.2.3/platform/service/system/src/sl_system_process_action.o
 .ARM.attributes
                0x00000a9e       0x32 ./gecko_sdk_3.2.3/platform/service/udelay/src/sl_udelay.o
 .ARM.attributes
                0x00000ad0       0x20 ./gecko_sdk_3.2.3/platform/service/udelay/src/sl_udelay_armv6m_gcc.o
 .ARM.attributes
                0x00000af0       0x1e c:/siliconlabs/simplicitystudio/v5/developer/toolchains/gnu_arm/10.2_2020q4/bin/../lib/gcc/arm-none-eabi/10.2.1/thumb/v7e-m+fp/softfp\libgcc.a(_aeabi_uldivmod.o)
 .ARM.attributes
                0x00000b0e       0x32 c:/siliconlabs/simplicitystudio/v5/developer/toolchains/gnu_arm/10.2_2020q4/bin/../lib/gcc/arm-none-eabi/10.2.1/thumb/v7e-m+fp/softfp\libgcc.a(_udivmoddi4.o)
 .ARM.attributes
                0x00000b40       0x1e c:/siliconlabs/simplicitystudio/v5/developer/toolchains/gnu_arm/10.2_2020q4/bin/../lib/gcc/arm-none-eabi/10.2.1/thumb/v7e-m+fp/softfp\libgcc.a(_dvmd_tls.o)
 .ARM.attributes
                0x00000b5e       0x32 c:/siliconlabs/simplicitystudio/v5/developer/toolchains/gnu_arm/10.2_2020q4/bin/../lib/gcc/arm-none-eabi/10.2.1/../../../../arm-none-eabi/lib/thumb/v7e-m+fp/softfp\libc_nano.a(lib_a-bzero.o)
 .ARM.attributes