Archive member included to satisfy reference by file (symbol)

c:/siliconlabs/simplicitystudio/v5/developer/toolchains/gnu_arm/10.2_2020q4/bin/../lib/gcc/arm-none-eabi/10.2.1/thumb/v7e-m+fp/softfp\libgcc.a(_arm_muldf3.o)
                              ./gecko_sdk_3.2.3/util/third_party/printf/printf.o (__aeabi_dmul)
c:/siliconlabs/simplicitystudio/v5/developer/toolchains/gnu_arm/10.2_2020q4/bin/../lib/gcc/arm-none-eabi/10.2.1/thumb/v7e-m+fp/softfp\libgcc.a(_arm_addsubdf3.o)
                              ./gecko_sdk_3.2.3/util/silicon_labs/silabs_core/response_print/response_print.o (__aeabi_dsub)
c:/siliconlabs/simplicitystudio/v5/developer/toolchains/gnu_arm/10.2_2020q4/bin/../lib/gcc/arm-none-eabi/10.2.1/thumb/v7e-m+fp/softfp\libgcc.a(_arm_muldivdf3.o)
                              ./gecko_sdk_3.2.3/util/third_party/printf/printf.o (__aeabi_ddiv)
c:/siliconlabs/simplicitystudio/v5/developer/toolchains/gnu_arm/10.2_2020q4/bin/../lib/gcc/arm-none-eabi/10.2.1/thumb/v7e-m+fp/softfp\libgcc.a(_arm_cmpdf2.o)
                              ./gecko_sdk_3.2.3/util/third_party/printf/printf.o (__aeabi_dcmpeq)
c:/siliconlabs/simplicitystudio/v5/developer/toolchains/gnu_arm/10.2_2020q4/bin/../lib/gcc/arm-none-eabi/10.2.1/thumb/v7e-m+fp/softfp\libgcc.a(_arm_fixdfsi.o)
                              ./gecko_sdk_3.2.3/util/silicon_labs/silabs_core/response_print/response_print.o (__aeabi_d2iz)
c:/siliconlabs/simplicitystudio/v5/developer/toolchains/gnu_arm/10.2_2020q4/bin/../lib/gcc/arm-none-eabi/10.2.1/thumb/v7e-m+fp/softfp\libgcc.a(_arm_fixunsdfsi.o)
                              ./gecko_sdk_3.2.3/util/third_party/printf/printf.o (__aeabi_d2uiz)
c:/siliconlabs/simplicitystudio/v5/developer/toolchains/gnu_arm/10.2_2020q4/bin/../lib/gcc/arm-none-eabi/10.2.1/thumb/v7e-m+fp/softfp\libgcc.a(_aeabi_ldivmod.o)
                              ./gecko_sdk_3.2.3/platform/emlib/src/em_usart.o (__aeabi_ldivmod)
c:/siliconlabs/simplicitystudio/v5/developer/toolchains/gnu_arm/10.2_2020q4/bin/../lib/gcc/arm-none-eabi/10.2.1/thumb/v7e-m+fp/softfp\libgcc.a(_aeabi_uldivmod.o)
                              ./gecko_sdk_3.2.3/platform/emlib/src/em_usart.o (__aeabi_uldivmod)
c:/siliconlabs/simplicitystudio/v5/developer/toolchains/gnu_arm/10.2_2020q4/bin/../lib/gcc/arm-none-eabi/10.2.1/thumb/v7e-m+fp/softfp\libgcc.a(_udivmoddi4.o)
                              c:/siliconlabs/simplicitystudio/v5/developer/toolchains/gnu_arm/10.2_2020q4/bin/../lib/gcc/arm-none-eabi/10.2.1/thumb/v7e-m+fp/softfp\libgcc.a(_aeabi_ldivmod.o) (__udivmoddi4)
c:/siliconlabs/simplicitystudio/v5/developer/toolchains/gnu_arm/10.2_2020q4/bin/../lib/gcc/arm-none-eabi/10.2.1/thumb/v7e-m+fp/softfp\libgcc.a(_dvmd_tls.o)
                              c:/siliconlabs/simplicitystudio/v5/developer/toolchains/gnu_arm/10.2_2020q4/bin/../lib/gcc/arm-none-eabi/10.2.1/thumb/v7e-m+fp/softfp\libgcc.a(_aeabi_ldivmod.o) (__aeabi_ldiv0)
c:/siliconlabs/simplicitystudio/v5/developer/toolchains/gnu_arm/10.2_2020q4/bin/../lib/gcc/arm-none-eabi/10.2.1/../../../../arm-none-eabi/lib/thumb/v7e-m+fp/softfp\libc_nano.a(lib_a-bzero.o)
                              ./my_printf_lib.o (bzero)
c:/siliconlabs/simplicitystudio/v5/developer/toolchains/gnu_arm/10.2_2020q4/bin/../lib/gcc/arm-none-eabi/10.2.1/../../../../arm-none-eabi/lib/thumb/v7e-m+fp/softfp\libc_nano.a(lib_a-exit.o)
                              c:/siliconlabs/simplicitystudio/v5/developer/toolchains/gnu_arm/10.2_2020q4/bin/../lib/gcc/arm-none-eabi/10.2.1/../../../../arm-none-eabi/lib/thumb/v7e-m+fp/softfp/crt0.o (exit)
c:/siliconlabs/simplicitystudio/v5/developer/toolchains/gnu_arm/10.2_2020q4/bin/../lib/gcc/arm-none-eabi/10.2.1/../../../../arm-none-eabi/lib/thumb/v7e-m+fp/softfp\libc_nano.a(lib_a-impure.o)
                              c:/siliconlabs/simplicitystudio/v5/developer/toolchains/gnu_arm/10.2_2020q4/bin/../lib/gcc/arm-none-eabi/10.2.1/../../../../arm-none-eabi/lib/thumb/v7e-m+fp/softfp\libc_nano.a(lib_a-exit.o) (_global_impure_ptr)
c:/siliconlabs/simplicitystudio/v5/developer/toolchains/gnu_arm/10.2_2020q4/bin/../lib/gcc/arm-none-eabi/10.2.1/../../../../arm-none-eabi/lib/thumb/v7e-m+fp/softfp\libc_nano.a(lib_a-init.o)
                              c:/siliconlabs/simplicitystudio/v5/developer/toolchains/gnu_arm/10.2_2020q4/bin/../lib/gcc/arm-none-eabi/10.2.1/../../../../arm-none-eabi/lib/thumb/v7e-m+fp/softfp/crt0.o (__libc_init_array)
c:/siliconlabs/simplicitystudio/v5/developer/toolchains/gnu_arm/10.2_2020q4/bin/../lib/gcc/arm-none-eabi/10.2.1/../../../../arm-none-eabi/lib/thumb/v7e-m+fp/softfp\libc_nano.a(lib_a-memcpy-stub.o)
                              ./gecko_sdk_3.2.3/platform/middleware/glib/dmd/display/dmd_memlcd.o (memcpy)
c:/siliconlabs/simplicitystudio/v5/developer/toolchains/gnu_arm/10.2_2020q4/bin/../lib/gcc/arm-none-eabi/10.2.1/../../../../arm-none-eabi/lib/thumb/v7e-m+fp/softfp\libc_nano.a(lib_a-memmove.o)
[...]
Memory Configuration

Name             Origin             Length             Attributes
FLASH            0x00000000         0x00100000         xr
RAM              0x20000000         0x00040000         xrw
*default*        0x00000000         0xffffffff

Linker script and memory map

LOAD c:/siliconlabs/simplicitystudio/v5/developer/toolchains/gnu_arm/10.2_2020q4/bin/../lib/gcc/arm-none-eabi/10.2.1/thumb/v7e-m+fp/softfp/crti.o
LOAD c:/siliconlabs/simplicitystudio/v5/developer/toolchains/gnu_arm/10.2_2020q4/bin/../lib/gcc/arm-none-eabi/10.2.1/thumb/v7e-m+fp/softfp/crtbegin.o
LOAD c:/siliconlabs/simplicitystudio/v5/developer/toolchains/gnu_arm/10.2_2020q4/bin/../lib/gcc/arm-none-eabi/10.2.1/../../../../arm-none-eabi/lib/thumb/v7e-m+fp/softfp/crt0.o
START GROUP
LOAD ./app.o
LOAD ./main.o
LOAD ./my_printf_lib.o
LOAD ./simple_button_baremetal.o
LOAD ./autogen/sl_board_default_init.o
LOAD ./autogen/sl_device_init_clocks.o
LOAD ./autogen/sl_event_handler.o
LOAD ./autogen/sl_iostream_handles.o
LOAD ./autogen/sl_power_manager_handler.o
LOAD ./autogen/sl_simple_button_instances.o
LOAD ./autogen/sl_simple_led_instances.o
LOAD ./gecko_sdk_3.2.3/hardware/board/src/sl_board_control_gpio.o
LOAD ./gecko_sdk_3.2.3/hardware/board/src/sl_board_init.o
LOAD ./gecko_sdk_3.2.3/hardware/driver/memlcd/src/memlcd_usart/sl_memlcd_spi.o
LOAD ./gecko_sdk_3.2.3/hardware/driver/memlcd/src/sl_memlcd.o
LOAD ./gecko_sdk_3.2.3/hardware/driver/memlcd/src/sl_memlcd_display.o
LOAD ./gecko_sdk_3.2.3/platform/Device/SiliconLabs/EFM32PG12B/Source/GCC/startup_efm32pg12b.o
LOAD ./gecko_sdk_3.2.3/platform/Device/SiliconLabs/EFM32PG12B/Source/system_efm32pg12b.o
LOAD ./gecko_sdk_3.2.3/platform/common/src/sl_slist.o
LOAD ./gecko_sdk_3.2.3/platform/common/toolchain/src/sl_memory.o
LOAD ./gecko_sdk_3.2.3/platform/driver/button/src/sl_button.o
LOAD ./gecko_sdk_3.2.3/platform/driver/button/src/sl_simple_button.o
LOAD ./gecko_sdk_3.2.3/platform/driver/debug/src/sl_debug_swo.o
LOAD ./gecko_sdk_3.2.3/platform/driver/leddrv/src/sl_led.o
LOAD ./gecko_sdk_3.2.3/platform/driver/leddrv/src/sl_simple_led.o
LOAD ./gecko_sdk_3.2.3/platform/emdrv/gpiointerrupt/src/gpiointerrupt.o
LOAD ./gecko_sdk_3.2.3/platform/emlib/src/em_assert.o
LOAD ./gecko_sdk_3.2.3/platform/emlib/src/em_cmu.o
LOAD ./gecko_sdk_3.2.3/platform/emlib/src/em_core.o
LOAD ./gecko_sdk_3.2.3/platform/emlib/src/em_emu.o
LOAD ./gecko_sdk_3.2.3/platform/emlib/src/em_gpio.o
LOAD ./gecko_sdk_3.2.3/platform/emlib/src/em_rtcc.o
LOAD ./gecko_sdk_3.2.3/platform/emlib/src/em_system.o
LOAD ./gecko_sdk_3.2.3/platform/emlib/src/em_usart.o
LOAD ./gecko_sdk_3.2.3/platform/middleware/glib/dmd/display/dmd_memlcd.o
LOAD ./gecko_sdk_3.2.3/platform/middleware/glib/glib/bmp.o
LOAD ./gecko_sdk_3.2.3/platform/middleware/glib/glib/glib.o
LOAD ./gecko_sdk_3.2.3/platform/middleware/glib/glib/glib_bitmap.o
LOAD ./gecko_sdk_3.2.3/platform/middleware/glib/glib/glib_circle.o
LOAD ./gecko_sdk_3.2.3/platform/middleware/glib/glib/glib_font_narrow_6x8.o
LOAD ./gecko_sdk_3.2.3/platform/middleware/glib/glib/glib_font_normal_8x8.o
LOAD ./gecko_sdk_3.2.3/platform/middleware/glib/glib/glib_font_number_16x20.o
LOAD ./gecko_sdk_3.2.3/platform/middleware/glib/glib/glib_line.o
LOAD ./gecko_sdk_3.2.3/platform/middleware/glib/glib/glib_polygon.o
LOAD ./gecko_sdk_3.2.3/platform/middleware/glib/glib/glib_rectangle.o
LOAD ./gecko_sdk_3.2.3/platform/middleware/glib/glib/glib_string.o
LOAD ./gecko_sdk_3.2.3/platform/service/device_init/src/sl_device_init_dcdc_s1.o
LOAD ./gecko_sdk_3.2.3/platform/service/device_init/src/sl_device_init_emu_s1.o
LOAD ./gecko_sdk_3.2.3/platform/service/device_init/src/sl_device_init_hfxo_s1.o
LOAD ./gecko_sdk_3.2.3/platform/service/device_init/src/sl_device_init_lfxo_s1.o
LOAD ./gecko_sdk_3.2.3/platform/service/device_init/src/sl_device_init_nvic.o
LOAD ./gecko_sdk_3.2.3/platform/service/iostream/src/sl_iostream.o
LOAD ./gecko_sdk_3.2.3/platform/service/iostream/src/sl_iostream_retarget_stdio.o
LOAD ./gecko_sdk_3.2.3/platform/service/iostream/src/sl_iostream_swo.o
LOAD ./gecko_sdk_3.2.3/platform/service/power_manager/src/sl_power_manager.o
LOAD ./gecko_sdk_3.2.3/platform/service/power_manager/src/sl_power_manager_debug.o
LOAD ./gecko_sdk_3.2.3/platform/service/power_manager/src/sl_power_manager_hal_s0_s1.o
LOAD ./gecko_sdk_3.2.3/platform/service/sleeptimer/src/sl_sleeptimer.o
LOAD ./gecko_sdk_3.2.3/platform/service/sleeptimer/src/sl_sleeptimer_hal_rtcc.o
LOAD ./gecko_sdk_3.2.3/platform/service/system/src/sl_system_init.o
LOAD ./gecko_sdk_3.2.3/platform/service/system/src/sl_system_process_action.o
LOAD ./gecko_sdk_3.2.3/platform/service/udelay/src/sl_udelay.o
LOAD ./gecko_sdk_3.2.3/platform/service/udelay/src/sl_udelay_armv6m_gcc.o
LOAD ./gecko_sdk_3.2.3/util/silicon_labs/silabs_core/response_print/response_print.o
LOAD ./gecko_sdk_3.2.3/util/third_party/printf/printf.o
LOAD ./gecko_sdk_3.2.3/util/third_party/printf/src/iostream_printf.o
LOAD ./gecko_sdk_3.2.3/util/third_party/segger/systemview/SEGGER/SEGGER_RTT.o
LOAD ./gecko_sdk_3.2.3/util/third_party/segger/systemview/SEGGER/SEGGER_RTT_printf.o
LOAD c:/siliconlabs/simplicitystudio/v5/developer/toolchains/gnu_arm/10.2_2020q4/bin/../lib/gcc/arm-none-eabi/10.2.1/thumb/v7e-m+fp/softfp\libgcc.a
LOAD c:/siliconlabs/simplicitystudio/v5/developer/toolchains/gnu_arm/10.2_2020q4/bin/../lib/gcc/arm-none-eabi/10.2.1/../../../../arm-none-eabi/lib/thumb/v7e-m+fp/softfp\libc_nano.a
LOAD c:/siliconlabs/simplicitystudio/v5/developer/toolchains/gnu_arm/10.2_2020q4/bin/../lib/gcc/arm-none-eabi/10.2.1/../../../../arm-none-eabi/lib/thumb/v7e-m+fp/softfp\libm.a
LOAD c:/siliconlabs/simplicitystudio/v5/developer/toolchains/gnu_arm/10.2_2020q4/bin/../lib/gcc/arm-none-eabi/10.2.1/../../../../arm-none-eabi/lib/thumb/v7e-m+fp/softfp\libnosys.a
END GROUP
START GROUP
LOAD c:/siliconlabs/simplicitystudio/v5/developer/toolchains/gnu_arm/10.2_2020q4/bin/../lib/gcc/arm-none-eabi/10.2.1/thumb/v7e-m+fp/softfp\libgcc.a
LOAD c:/siliconlabs/simplicitystudio/v5/developer/toolchains/gnu_arm/10.2_2020q4/bin/../lib/gcc/arm-none-eabi/10.2.1/../../../../arm-none-eabi/lib/thumb/v7e-m+fp/softfp\libc_nano.a
LOAD c:/siliconlabs/simplicitystudio/v5/developer/toolchains/gnu_arm/10.2_2020q4/bin/../lib/gcc/arm-none-eabi/10.2.1/../../../../arm-none-eabi/lib/thumb/v7e-m+fp/softfp\libnosys.a
END GROUP
START GROUP
LOAD c:/siliconlabs/simplicitystudio/v5/developer/toolchains/gnu_arm/10.2_2020q4/bin/../lib/gcc/arm-none-eabi/10.2.1/thumb/v7e-m+fp/softfp\libgcc.a
LOAD c:/siliconlabs/simplicitystudio/v5/developer/toolchains/gnu_arm/10.2_2020q4/bin/../lib/gcc/arm-none-eabi/10.2.1/../../../../arm-none-eabi/lib/thumb/v7e-m+fp/softfp\libg_nano.a
LOAD c:/siliconlabs/simplicitystudio/v5/developer/toolchains/gnu_arm/10.2_2020q4/bin/../lib/gcc/arm-none-eabi/10.2.1/../../../../arm-none-eabi/lib/thumb/v7e-m+fp/softfp\libc_nano.a
END GROUP
START GROUP
LOAD c:/siliconlabs/simplicitystudio/v5/developer/toolchains/gnu_arm/10.2_2020q4/bin/../lib/gcc/arm-none-eabi/10.2.1/thumb/v7e-m+fp/softfp\libgcc.a
LOAD c:/siliconlabs/simplicitystudio/v5/developer/toolchains/gnu_arm/10.2_2020q4/bin/../lib/gcc/arm-none-eabi/10.2.1/../../../../arm-none-eabi/lib/thumb/v7e-m+fp/softfp\libc_nano.a
END GROUP
LOAD c:/siliconlabs/simplicitystudio/v5/developer/toolchains/gnu_arm/10.2_2020q4/bin/../lib/gcc/arm-none-eabi/10.2.1/thumb/v7e-m+fp/softfp/crtend.o
LOAD c:/siliconlabs/simplicitystudio/v5/developer/toolchains/gnu_arm/10.2_2020q4/bin/../lib/gcc/arm-none-eabi/10.2.1/thumb/v7e-m+fp/softfp/crtn.o

.text           0x00000000     0x5a2c
                0x00000000                linker_vectors_begin = .
 *(.vectors)
 .vectors       0x00000000      0x10c ./gecko_sdk_3.2.3/platform/Device/SiliconLabs/EFM32PG12B/Source/GCC/startup_efm32pg12b.o
                0x00000000                __Vectors
                0x0000010c                linker_vectors_end = .
                0x0000010c                __Vectors_End = .
                0x0000010c                __Vectors_Size = (__Vectors_End - __Vectors)
                0x0000010c                linker_code_begin = .
 *(.text*)
 .text          0x0000010c       0x40 c:/siliconlabs/simplicitystudio/v5/developer/toolchains/gnu_arm/10.2_2020q4/bin/../lib/gcc/arm-none-eabi/10.2.1/thumb/v7e-m+fp/softfp/crtbegin.o
 .text          0x0000014c       0x7c c:/siliconlabs/simplicitystudio/v5/developer/toolchains/gnu_arm/10.2_2020q4/bin/../lib/gcc/arm-none-eabi/10.2.1/../../../../arm-none-eabi/lib/thumb/v7e-m+fp/softfp/crt0.o
                0x0000014c                _stack_init
                0x00000154                _start
                0x00000154                _mainCRTStartup
 .text.app_init
                0x000001c8        0x4 ./app.o
                0x000001c8                app_init
 .text.app_process_action
                0x000001cc        0x4 ./app.o
                0x000001cc                app_process_action
 .text.startup.main
                0x000001d0       0x18 ./main.o
                0x000001d0                main
 .text.my_printf_clear
                0x000001e8       0x28 ./my_printf_lib.o
                0x000001e8                my_printf_clear
 .text.my_printf_init
                0x00000210       0x84 ./my_printf_lib.o
                0x00000210                my_printf_init
 .text.printf_helper
                0x00000294       0x94 ./my_printf_lib.o
                0x00000294                printf_helper
 .text.my_printf
                0x00000328       0x3c ./my_printf_lib.o
                0x00000328                my_printf
 .text.init_caller
                0x00000364       0x24 ./simple_button_baremetal.o
 .text.on_timeout
                0x00000388       0x3c ./simple_button_baremetal.o
 .text.sl_sleeptimer_start_periodic_timer_ms.constprop.0.isra.0
                0x000003c4       0x30 ./simple_button_baremetal.o
 .text.simple_button_init
                0x000003f4       0x20 ./simple_button_baremetal.o
                0x000003f4                simple_button_init
 .text.sl_button_on_change
                0x00000414       0x34 ./simple_button_baremetal.o
                0x00000414                sl_button_on_change
 .text.handle_btn1_interrupt
                0x00000448       0x3c ./simple_button_baremetal.o
                0x00000448                handle_btn1_interrupt
 .text.handle_btn0_interrupt
                0x00000484       0x38 ./simple_button_baremetal.o
                0x00000484                handle_btn0_interrupt
 .text.simple_button_process_action
                0x000004bc       0x9c ./simple_button_baremetal.o
                0x000004bc                simple_button_process_action
 .text.sl_board_default_init
                0x00000558        0x2 ./autogen/sl_board_default_init.o
                0x00000558                sl_board_default_init
 *fill*         0x0000055a        0x2 
 .text.sl_device_init_clocks
                0x0000055c       0x40 ./autogen/sl_device_init_clocks.o
                0x0000055c                sl_device_init_clocks
 .text.sl_platform_init
                0x0000059c       0x94 ./autogen/sl_event_handler.o
                0x0000059c                sl_platform_init
 .text.sl_driver_init
                0x00000630       0x16 ./autogen/sl_event_handler.o
                0x00000630                sl_driver_init
 .text.sl_service_init
                0x00000646        0xe ./autogen/sl_event_handler.o
                0x00000646                sl_service_init
 .text.sl_stack_init
                0x00000654        0x2 ./autogen/sl_event_handler.o
                0x00000654                sl_stack_init
 .text.sl_internal_app_init
                0x00000656        0x2 ./autogen/sl_event_handler.o
                0x00000656                sl_internal_app_init
 .text.sl_platform_process_action
                0x00000658        0x2 ./autogen/sl_event_handler.o
                0x00000658                sl_platform_process_action
 .text.sl_service_process_action
                0x0000065a        0x2 ./autogen/sl_event_handler.o
                0x0000065a                sl_service_process_action
 .text.sl_stack_process_action
                0x0000065c        0x2 ./autogen/sl_event_handler.o
                0x0000065c                sl_stack_process_action
 .text.sl_internal_app_process_action
                0x0000065e        0x2 ./autogen/sl_event_handler.o
                0x0000065e                sl_internal_app_process_action
 .text.app_is_ok_to_sleep
                0x00000660        0x4 ./autogen/sl_power_manager_handler.o
                0x00000660                app_is_ok_to_sleep
 .text.app_sleep_on_isr_exit
                0x00000664        0x4 ./autogen/sl_power_manager_handler.o
                0x00000664                app_sleep_on_isr_exit
 .text.sl_power_manager_is_ok_to_sleep
                0x00000668        0x8 ./autogen/sl_power_manager_handler.o
                0x00000668                sl_power_manager_is_ok_to_sleep
 .text.sl_power_manager_sleep_on_isr_exit
                0x00000670       0x1e ./autogen/sl_power_manager_handler.o
                0x00000670                sl_power_manager_sleep_on_isr_exit
 *fill*         0x0000068e        0x2 
 .text.sl_simple_button_init_instances
                0x00000690       0x1c ./autogen/sl_simple_button_instances.o
                0x00000690                sl_simple_button_init_instances
 .text.sl_simple_led_init_instances
                0x000006ac       0x1c ./autogen/sl_simple_led_instances.o
                0x000006ac                sl_simple_led_init_instances
 .text.sl_board_enable_display
                0x000006c8       0x12 ./gecko_sdk_3.2.3/hardware/board/src/sl_board_control_gpio.o
                0x000006c8                sl_board_enable_display
 *fill*         0x000006da        0x2 
 .text.sl_board_init
                0x000006dc       0x18 ./gecko_sdk_3.2.3/hardware/board/src/sl_board_init.o
                0x000006dc                sl_board_init
 .text.sl_board_preinit
                0x000006f4        0xc ./gecko_sdk_3.2.3/hardware/board/src/sl_board_init.o
                0x000006f4                sl_board_preinit
 .text.sli_memlcd_spi_init
                0x00000700       0x78 ./gecko_sdk_3.2.3/hardware/driver/memlcd/src/memlcd_usart/sl_memlcd_spi.o
                0x00000700                sli_memlcd_spi_init
 .text.sli_memlcd_spi_tx
                0x00000778       0x1c ./gecko_sdk_3.2.3/hardware/driver/memlcd/src/memlcd_usart/sl_memlcd_spi.o
                0x00000778                sli_memlcd_spi_tx
 .text.sli_memlcd_spi_wait
                0x00000794        0xa ./gecko_sdk_3.2.3/hardware/driver/memlcd/src/memlcd_usart/sl_memlcd_spi.o
                0x00000794                sli_memlcd_spi_wait
 *fill*         0x0000079e        0x2 
 .text.sl_memlcd_power_on.part.0
                0x000007a0       0x2c ./gecko_sdk_3.2.3/hardware/driver/memlcd/src/sl_memlcd.o
 .text.extcomin_toggle
                0x000007cc       0x10 ./gecko_sdk_3.2.3/hardware/driver/memlcd/src/sl_memlcd.o
 .text.sl_memlcd_clear
                0x000007dc       0x4c ./gecko_sdk_3.2.3/hardware/driver/memlcd/src/sl_memlcd.o
                0x000007dc                sl_memlcd_clear
 .text.sl_memlcd_configure
                0x00000828       0x60 ./gecko_sdk_3.2.3/hardware/driver/memlcd/src/sl_memlcd.o
                0x00000828                sl_memlcd_configure
 .text.sl_memlcd_draw
                0x00000888       0xb4 ./gecko_sdk_3.2.3/hardware/driver/memlcd/src/sl_memlcd.o
                0x00000888                sl_memlcd_draw
 .text.sl_memlcd_get
                0x0000093c       0x18 ./gecko_sdk_3.2.3/hardware/driver/memlcd/src/sl_memlcd.o
                0x0000093c                sl_memlcd_get
 .text.sl_memlcd_init
                0x00000954       0x1c ./gecko_sdk_3.2.3/hardware/driver/memlcd/src/sl_memlcd_display.o
                0x00000954                sl_memlcd_init
 .text.Default_Handler
                0x00000970        0x2 ./gecko_sdk_3.2.3/platform/Device/SiliconLabs/EFM32PG12B/Source/GCC/startup_efm32pg12b.o
                0x00000970                DebugMon_Handler
                0x00000970                USART0_TX_IRQHandler
                0x00000970                I2C0_IRQHandler
                0x00000970                HardFault_Handler
                0x00000970                SysTick_Handler
                0x00000970                USART1_RX_IRQHandler
                0x00000970                PendSV_Handler
                0x00000970                NMI_Handler
                0x00000970                I2C1_IRQHandler
                0x00000970                WTIMER0_IRQHandler
                0x00000970                CRYPTO0_IRQHandler
                0x00000970                WDOG0_IRQHandler
                0x00000970                USART1_TX_IRQHandler
                0x00000970                SMU_IRQHandler
                0x00000970                MSC_IRQHandler
                0x00000970                ADC0_IRQHandler
                0x00000970                UsageFault_Handler
                0x00000970                WDOG1_IRQHandler
                0x00000970                LEUART0_IRQHandler
                0x00000970                FPUEH_IRQHandler
                0x00000970                WTIMER1_IRQHandler
                0x00000970                VDAC0_IRQHandler
                0x00000970                LDMA_IRQHandler
                0x00000970                CSEN_IRQHandler
                0x00000970                CRYPTO1_IRQHandler
                0x00000970                TIMER0_IRQHandler
                0x00000970                PCNT2_IRQHandler
                0x00000970                LETIMER0_IRQHandler
                0x00000970                TIMER1_IRQHandler
                0x00000970                TRNG0_IRQHandler
                0x00000970                USART2_RX_IRQHandler
                0x00000970                Default_Handler
                0x00000970                EMU_IRQHandler
                0x00000970                CRYOTIMER_IRQHandler
                0x00000970                PCNT0_IRQHandler
                0x00000970                sl_app_properties
                0x00000970                PCNT1_IRQHandler
                0x00000970                ACMP0_IRQHandler
                0x00000970                USART0_RX_IRQHandler
                0x00000970                MemManage_Handler
                0x00000970                SVC_Handler
                0x00000970                USART3_RX_IRQHandler
                0x00000970                CMU_IRQHandler
                0x00000970                LESENSE_IRQHandler
                0x00000970                USART3_TX_IRQHandler
                0x00000970                BusFault_Handler
                0x00000970                USART2_TX_IRQHandler
                0x00000970                IDAC0_IRQHandler
 *fill*         0x00000972        0x2 
 .text.Reset_Handler
                0x00000974       0x2c ./gecko_sdk_3.2.3/platform/Device/SiliconLabs/EFM32PG12B/Source/GCC/startup_efm32pg12b.o
                0x00000974                Reset_Handler
 .text.SystemMaxCoreClockGet
                0x000009a0        0x8 ./gecko_sdk_3.2.3/platform/Device/SiliconLabs/EFM32PG12B/Source/system_efm32pg12b.o
                0x000009a0                SystemMaxCoreClockGet
 .text.SystemHFClockGet
                0x000009a8       0x54 ./gecko_sdk_3.2.3/platform/Device/SiliconLabs/EFM32PG12B/Source/system_efm32pg12b.o
                0x000009a8                SystemHFClockGet
 .text.SystemCoreClockGet
                0x000009fc       0x24 ./gecko_sdk_3.2.3/platform/Device/SiliconLabs/EFM32PG12B/Source/system_efm32pg12b.o
                0x000009fc                SystemCoreClockGet
 .text.SystemHFXOClockGet
                0x00000a20        0xc ./gecko_sdk_3.2.3/platform/Device/SiliconLabs/EFM32PG12B/Source/system_efm32pg12b.o
                0x00000a20                SystemHFXOClockGet
 .text.SystemHFXOClockSet
                0x00000a2c       0x20 ./gecko_sdk_3.2.3/platform/Device/SiliconLabs/EFM32PG12B/Source/system_efm32pg12b.o
                0x00000a2c                SystemHFXOClockSet
 .text.SystemInit
                0x00000a4c       0x1c ./gecko_sdk_3.2.3/platform/Device/SiliconLabs/EFM32PG12B/Source/system_efm32pg12b.o
                0x00000a4c                SystemInit
 .text.SystemLFRCOClockGet
                0x00000a68        0x6 ./gecko_sdk_3.2.3/platform/Device/SiliconLabs/EFM32PG12B/Source/system_efm32pg12b.o
                0x00000a68                SystemLFRCOClockGet
 .text.SystemULFRCOClockGet
                0x00000a6e        0x6 ./gecko_sdk_3.2.3/platform/Device/SiliconLabs/EFM32PG12B/Source/system_efm32pg12b.o
                0x00000a6e                SystemULFRCOClockGet
 .text.SystemLFXOClockGet
                0x00000a74        0xc ./gecko_sdk_3.2.3/platform/Device/SiliconLabs/EFM32PG12B/Source/system_efm32pg12b.o
                0x00000a74                SystemLFXOClockGet
 .text.sl_slist_init
                0x00000a80        0x6 ./gecko_sdk_3.2.3/platform/common/src/sl_slist.o
                0x00000a80                sl_slist_init
 *fill*         0x00000a86        0x2 
 .text.sl_slist_push
                0x00000a88       0x20 ./gecko_sdk_3.2.3/platform/common/src/sl_slist.o
                0x00000a88                sl_slist_push
 .text._sbrk    0x00000aa8       0x20 ./gecko_sdk_3.2.3/platform/common/toolchain/src/sl_memory.o
                0x00000aa8                _sbrk
 .text.sl_button_init
                0x00000ac8        0xc ./gecko_sdk_3.2.3/platform/driver/button/src/sl_button.o
                0x00000ac8                sl_button_init
 .text.sl_button_get_state
                0x00000ad4        0xc ./gecko_sdk_3.2.3/platform/driver/button/src/sl_button.o
                0x00000ad4                sl_button_get_state
 .text.GPIO_PinInGet
                0x00000ae0       0x84 ./gecko_sdk_3.2.3/platform/driver/button/src/sl_simple_button.o
 .text.sli_simple_button_on_change
                0x00000b64       0x50 ./gecko_sdk_3.2.3/platform/driver/button/src/sl_simple_button.o
 .text.sl_simple_button_init
                0x00000bb4       0x58 ./gecko_sdk_3.2.3/platform/driver/button/src/sl_simple_button.o
                0x00000bb4                sl_simple_button_init
 .text.sl_simple_button_get_state
                0x00000c0c        0x4 ./gecko_sdk_3.2.3/platform/driver/button/src/sl_simple_button.o
                0x00000c0c                sl_simple_button_get_state
 .text.sl_simple_button_poll_step
                0x00000c10       0x54 ./gecko_sdk_3.2.3/platform/driver/button/src/sl_simple_button.o
                0x00000c10                sl_simple_button_poll_step
 .text.sl_simple_button_enable
                0x00000c64       0x10 ./gecko_sdk_3.2.3/platform/driver/button/src/sl_simple_button.o
                0x00000c64                sl_simple_button_enable
 .text.sl_simple_button_disable
                0x00000c74       0x30 ./gecko_sdk_3.2.3/platform/driver/button/src/sl_simple_button.o
                0x00000c74                sl_simple_button_disable
 .text.sl_debug_swo_init
                0x00000ca4       0xb0 ./gecko_sdk_3.2.3/platform/driver/debug/src/sl_debug_swo.o
                0x00000ca4                sl_debug_swo_init
 .text.sl_debug_swo_enable_itm
                0x00000d54       0x18 ./gecko_sdk_3.2.3/platform/driver/debug/src/sl_debug_swo.o
                0x00000d54                sl_debug_swo_enable_itm
 .text.sl_debug_swo_write
                0x00000d6c       0x44 ./gecko_sdk_3.2.3/platform/driver/debug/src/sl_debug_swo.o
                0x00000d6c                sl_debug_swo_write
 .text.sl_led_init
                0x00000db0        0x6 ./gecko_sdk_3.2.3/platform/driver/leddrv/src/sl_led.o
                0x00000db0                sl_led_init
 .text.sl_led_turn_on
                0x00000db6        0x6 ./gecko_sdk_3.2.3/platform/driver/leddrv/src/sl_led.o
                0x00000db6                sl_led_turn_on
 .text.sl_led_turn_off
                0x00000dbc        0x6 ./gecko_sdk_3.2.3/platform/driver/leddrv/src/sl_led.o
                0x00000dbc                sl_led_turn_off
 *fill*         0x00000dc2        0x2 
 .text.GPIO_PinOutClear
                0x00000dc4       0x80 ./gecko_sdk_3.2.3/platform/driver/leddrv/src/sl_simple_led.o
 .text.GPIO_PinOutSet
                0x00000e44       0x80 ./gecko_sdk_3.2.3/platform/driver/leddrv/src/sl_simple_led.o
 .text.sl_simple_led_init
                0x00000ec4       0x34 ./gecko_sdk_3.2.3/platform/driver/leddrv/src/sl_simple_led.o
                0x00000ec4                sl_simple_led_init
 .text.sl_simple_led_turn_on
                0x00000ef8       0x12 ./gecko_sdk_3.2.3/platform/driver/leddrv/src/sl_simple_led.o
                0x00000ef8                sl_simple_led_turn_on
 .text.sl_simple_led_turn_off
                0x00000f0a       0x12 ./gecko_sdk_3.2.3/platform/driver/leddrv/src/sl_simple_led.o
                0x00000f0a                sl_simple_led_turn_off
 .text.sl_simple_led_toggle
                0x00000f1c       0x80 ./gecko_sdk_3.2.3/platform/driver/leddrv/src/sl_simple_led.o
                0x00000f1c                sl_simple_led_toggle
 .text.sl_simple_led_get_state
                0x00000f9c       0x90 ./gecko_sdk_3.2.3/platform/driver/leddrv/src/sl_simple_led.o
                0x00000f9c                sl_simple_led_get_state
 .text.GPIOINT_IRQDispatcher
                0x0000102c       0x2c ./gecko_sdk_3.2.3/platform/emdrv/gpiointerrupt/src/gpiointerrupt.o
 .text.GPIOINT_Init
                0x00001058       0x30 ./gecko_sdk_3.2.3/platform/emdrv/gpiointerrupt/src/gpiointerrupt.o
                0x00001058                GPIOINT_Init
 .text.GPIOINT_CallbackRegister
                0x00001088       0x1c ./gecko_sdk_3.2.3/platform/emdrv/gpiointerrupt/src/gpiointerrupt.o
                0x00001088                GPIOINT_CallbackRegister
 .text.GPIO_EVEN_IRQHandler
                0x000010a4       0x1c ./gecko_sdk_3.2.3/platform/emdrv/gpiointerrupt/src/gpiointerrupt.o
                0x000010a4                GPIO_EVEN_IRQHandler
 .text.GPIO_ODD_IRQHandler
                0x000010c0       0x1c ./gecko_sdk_3.2.3/platform/emdrv/gpiointerrupt/src/gpiointerrupt.o
                0x000010c0                GPIO_ODD_IRQHandler
 .text.assertEFM
                0x000010dc        0x2 ./gecko_sdk_3.2.3/platform/emlib/src/em_assert.o
                0x000010dc                assertEFM
 *fill*         0x000010de        0x2 
 .text.setHfLeConfig
                0x000010e0       0x44 ./gecko_sdk_3.2.3/platform/emlib/src/em_cmu.o
 .text.flashWaitStateControl
                0x00001124       0x54 ./gecko_sdk_3.2.3/platform/emlib/src/em_cmu.o
 .text.SL_Log2ToDiv
                0x00001178       0x1c ./gecko_sdk_3.2.3/platform/emlib/src/em_cmu.o
 .text.flashWaitStateMax
                0x00001194       0x24 ./gecko_sdk_3.2.3/platform/emlib/src/em_cmu.o
 .text.EMU_VScaleWait
                0x000011b8       0x1c ./gecko_sdk_3.2.3/platform/emlib/src/em_cmu.o
 .text.EMU_VScaleGet
                0x000011d4       0x14 ./gecko_sdk_3.2.3/platform/emlib/src/em_cmu.o
 .text.syncReg  0x000011e8       0x18 ./gecko_sdk_3.2.3/platform/emlib/src/em_cmu.o
 .text.CMU_UpdateWaitStates
                0x00001200       0x1c ./gecko_sdk_3.2.3/platform/emlib/src/em_cmu.o
                0x00001200                CMU_UpdateWaitStates
 .text.CMU_ClockEnable
                0x0000121c       0x90 ./gecko_sdk_3.2.3/platform/emlib/src/em_cmu.o
                0x0000121c                CMU_ClockEnable
 .text.CMU_ClockPrescGet
                0x000012ac       0xec ./gecko_sdk_3.2.3/platform/emlib/src/em_cmu.o
                0x000012ac                CMU_ClockPrescGet
 .text.CMU_ClockDivGet
                0x00001398        0xa ./gecko_sdk_3.2.3/platform/emlib/src/em_cmu.o
                0x00001398                CMU_ClockDivGet
 *fill*         0x000013a2        0x2 
 .text.CMU_ClockSelectGet
                0x000013a4       0xcc ./gecko_sdk_3.2.3/platform/emlib/src/em_cmu.o
                0x000013a4                CMU_ClockSelectGet
 .text.lfClkGet
                0x00001470       0xc8 ./gecko_sdk_3.2.3/platform/emlib/src/em_cmu.o
 .text.CMU_ClockFreqGet
                0x00001538      0x1e0 ./gecko_sdk_3.2.3/platform/emlib/src/em_cmu.o
                0x00001538                CMU_ClockFreqGet
 .text.CMU_LFXOPrecisionSet
                0x00001718        0xc ./gecko_sdk_3.2.3/platform/emlib/src/em_cmu.o
                0x00001718                CMU_LFXOPrecisionSet
 .text.CMU_OscillatorTuningSet
                0x00001724       0xf4 ./gecko_sdk_3.2.3/platform/emlib/src/em_cmu.o
                0x00001724                CMU_OscillatorTuningSet
 .text.CMU_OscillatorTuningWait
                0x00001818       0x68 ./gecko_sdk_3.2.3/platform/emlib/src/em_cmu.o
                0x00001818                CMU_OscillatorTuningWait
 .text.CMU_OscillatorTuningOptimize
                0x00001880       0x38 ./gecko_sdk_3.2.3/platform/emlib/src/em_cmu.o
                0x00001880                CMU_OscillatorTuningOptimize
 .text.CMU_OscillatorEnable
                0x000018b8      0x124 ./gecko_sdk_3.2.3/platform/emlib/src/em_cmu.o
                0x000018b8                CMU_OscillatorEnable
 .text.CMU_ClockSelectSet
                0x000019dc      0x214 ./gecko_sdk_3.2.3/platform/emlib/src/em_cmu.o
                0x000019dc                CMU_ClockSelectSet
 .text.CMU_HFXOInit
                0x00001bf0       0xb8 ./gecko_sdk_3.2.3/platform/emlib/src/em_cmu.o
                0x00001bf0                CMU_HFXOInit
 .text.CMU_LFXOInit
                0x00001ca8       0x58 ./gecko_sdk_3.2.3/platform/emlib/src/em_cmu.o
                0x00001ca8                CMU_LFXOInit
 .text.CORE_EnterCritical
                0x00001d00        0x8 ./gecko_sdk_3.2.3/platform/emlib/src/em_core.o
                0x00001d00                CORE_EnterCritical
 .text.CORE_ExitCritical
                0x00001d08        0x6 ./gecko_sdk_3.2.3/platform/emlib/src/em_core.o
                0x00001d08                CORE_ExitCritical
 .text.CORE_EnterAtomic
                0x00001d0e        0xc ./gecko_sdk_3.2.3/platform/emlib/src/em_core.o
                0x00001d0e                CORE_EnterAtomic
 .text.CORE_ExitAtomic
                0x00001d1a        0x6 ./gecko_sdk_3.2.3/platform/emlib/src/em_core.o
                0x00001d1a                CORE_ExitAtomic
 .text.CORE_NvicIRQDisabled
                0x00001d20       0x34 ./gecko_sdk_3.2.3/platform/emlib/src/em_core.o
                0x00001d20                CORE_NvicIRQDisabled
 .text.EMU_LDOStatusGet
                0x00001d54       0x14 ./gecko_sdk_3.2.3/platform/emlib/src/em_emu.o
 .text.lpGetDevinfoVrefLowHigh
                0x00001d68       0xa8 ./gecko_sdk_3.2.3/platform/emlib/src/em_emu.o
 .text.EMU_VScaleWait
                0x00001e10       0x18 ./gecko_sdk_3.2.3/platform/emlib/src/em_emu.o
 .text.vScaleDownEM23Setup
                0x00001e28       0x30 ./gecko_sdk_3.2.3/platform/emlib/src/em_emu.o
 .text.vScaleAfterWakeup
                0x00001e58       0x2c ./gecko_sdk_3.2.3/platform/emlib/src/em_emu.o
 .text.emState.part.0
                0x00001e84       0xb8 ./gecko_sdk_3.2.3/platform/emlib/src/em_emu.o
 .text.lpCmpHystCalibrationLoad.constprop.0
                0x00001f3c       0x78 ./gecko_sdk_3.2.3/platform/emlib/src/em_emu.o
 .text.emState.constprop.0
                0x00001fb4       0x48 ./gecko_sdk_3.2.3/platform/emlib/src/em_emu.o
 .text.EMU_EM23PresleepHook
                0x00001ffc        0x2 ./gecko_sdk_3.2.3/platform/emlib/src/em_emu.o
                0x00001ffc                EMU_EM23PresleepHook
 .text.EMU_EFPEM23PresleepHook
                0x00001ffe        0x2 ./gecko_sdk_3.2.3/platform/emlib/src/em_emu.o
                0x00001ffe                EMU_EFPEM23PresleepHook
 .text.EMU_EFPEM23PostsleepHook
                0x00002000        0x2 ./gecko_sdk_3.2.3/platform/emlib/src/em_emu.o
                0x00002000                EMU_EFPEM23PostsleepHook
 *fill*         0x00002002        0x2 
 .text.EMU_EnterEM2
                0x00002004       0x70 ./gecko_sdk_3.2.3/platform/emlib/src/em_emu.o
                0x00002004                EMU_EnterEM2
 .text.EMU_EnterEM3
                0x00002074       0x88 ./gecko_sdk_3.2.3/platform/emlib/src/em_emu.o
                0x00002074                EMU_EnterEM3
 .text.EMU_Save
                0x000020fc        0x4 ./gecko_sdk_3.2.3/platform/emlib/src/em_emu.o
                0x000020fc                EMU_Save
 .text.EMU_Restore
                0x00002100        0x4 ./gecko_sdk_3.2.3/platform/emlib/src/em_emu.o
                0x00002100                EMU_Restore
 .text.EMU_VScaleEM01
                0x00002104       0x80 ./gecko_sdk_3.2.3/platform/emlib/src/em_emu.o
                0x00002104                EMU_VScaleEM01
 .text.EMU_VScaleEM01ByClock
                0x00002184       0x50 ./gecko_sdk_3.2.3/platform/emlib/src/em_emu.o
                0x00002184                EMU_VScaleEM01ByClock
 .text.EMU_EM01Init
                0x000021d4       0x14 ./gecko_sdk_3.2.3/platform/emlib/src/em_emu.o
                0x000021d4                EMU_EM01Init
 .text.EMU_EM23Init
                0x000021e8       0x34 ./gecko_sdk_3.2.3/platform/emlib/src/em_emu.o
                0x000021e8                EMU_EM23Init
 .text.EMU_EM4Init
                0x0000221c       0x54 ./gecko_sdk_3.2.3/platform/emlib/src/em_emu.o
                0x0000221c                EMU_EM4Init
 .text.EMU_DCDCModeSet
                0x00002270       0x94 ./gecko_sdk_3.2.3/platform/emlib/src/em_emu.o
                0x00002270                EMU_DCDCModeSet
 .text.EMU_DCDCOutputVoltageSet
                0x00002304      0x18c ./gecko_sdk_3.2.3/platform/emlib/src/em_emu.o
                0x00002304                EMU_DCDCOutputVoltageSet
 .text.EMU_DCDCOptimizeSlice
                0x00002490       0xe0 ./gecko_sdk_3.2.3/platform/emlib/src/em_emu.o
                0x00002490                EMU_DCDCOptimizeSlice
 .text.EMU_DCDCLnRcoBandSet
                0x00002570       0x44 ./gecko_sdk_3.2.3/platform/emlib/src/em_emu.o
                0x00002570                EMU_DCDCLnRcoBandSet
 .text.EMU_DCDCInit
                0x000025b4      0x18c ./gecko_sdk_3.2.3/platform/emlib/src/em_emu.o
                0x000025b4                EMU_DCDCInit
 .text.GPIO_PinOutSet
                0x00002740       0x80 ./gecko_sdk_3.2.3/platform/emlib/src/em_gpio.o
 .text.GPIO_PinOutClear
                0x000027c0       0x80 ./gecko_sdk_3.2.3/platform/emlib/src/em_gpio.o
 .text.BUS_RegMaskedWrite
                0x00002840       0x22 ./gecko_sdk_3.2.3/platform/emlib/src/em_gpio.o
 *fill*         0x00002862        0x2 
 .text.GPIO_DbgLocationSet
                0x00002864       0x2c ./gecko_sdk_3.2.3/platform/emlib/src/em_gpio.o
                0x00002864                GPIO_DbgLocationSet
 .text.GPIO_ExtIntConfig
                0x00002890      0x13c ./gecko_sdk_3.2.3/platform/emlib/src/em_gpio.o
                0x00002890                GPIO_ExtIntConfig
 .text.GPIO_PinModeSet
                0x000029cc       0xdc ./gecko_sdk_3.2.3/platform/emlib/src/em_gpio.o
                0x000029cc                GPIO_PinModeSet
 .text.RTCC_ChannelInit
                0x00002aa8       0x58 ./gecko_sdk_3.2.3/platform/emlib/src/em_rtcc.o
                0x00002aa8                RTCC_ChannelInit
 .text.RTCC_Enable
                0x00002b00        0xc ./gecko_sdk_3.2.3/platform/emlib/src/em_rtcc.o
                0x00002b00                RTCC_Enable
 .text.RTCC_Init
                0x00002b0c       0x68 ./gecko_sdk_3.2.3/platform/emlib/src/em_rtcc.o
                0x00002b0c                RTCC_Init
 .text.USART_BaudrateSyncSet
                0x00002b74       0x4c ./gecko_sdk_3.2.3/platform/emlib/src/em_usart.o
                0x00002b74                USART_BaudrateSyncSet
 .text.USART_Reset
                0x00002bc0       0x90 ./gecko_sdk_3.2.3/platform/emlib/src/em_usart.o
                0x00002bc0                USART_Reset
 .text.USART_InitSync
                0x00002c50       0xb4 ./gecko_sdk_3.2.3/platform/emlib/src/em_usart.o
                0x00002c50                USART_InitSync
 .text.USART_Tx
                0x00002d04        0xa ./gecko_sdk_3.2.3/platform/emlib/src/em_usart.o
                0x00002d04                USART_Tx
 *fill*         0x00002d0e        0x2 
 .text.setLineDirty
                0x00002d10       0x20 ./gecko_sdk_3.2.3/platform/middleware/glib/dmd/display/dmd_memlcd.o
 .text.DMD_getDisplayGeometry
                0x00002d30       0x1c ./gecko_sdk_3.2.3/platform/middleware/glib/dmd/display/dmd_memlcd.o
                0x00002d30                DMD_getDisplayGeometry
 .text.DMD_setClippingArea
                0x00002d4c       0x40 ./gecko_sdk_3.2.3/platform/middleware/glib/dmd/display/dmd_memlcd.o
                0x00002d4c                DMD_setClippingArea
 .text.DMD_writeColor
                0x00002d8c      0x124 ./gecko_sdk_3.2.3/platform/middleware/glib/dmd/display/dmd_memlcd.o
                0x00002d8c                DMD_writeColor
 .text.DMD_init
                0x00002eb0       0x54 ./gecko_sdk_3.2.3/platform/middleware/glib/dmd/display/dmd_memlcd.o
                0x00002eb0                DMD_init
 .text.DMD_updateDisplay
                0x00002f04       0x80 ./gecko_sdk_3.2.3/platform/middleware/glib/dmd/display/dmd_memlcd.o
                0x00002f04                DMD_updateDisplay
 .text.GLIB_resetDisplayClippingArea
                0x00002f84       0x14 ./gecko_sdk_3.2.3/platform/middleware/glib/glib/glib.o
                0x00002f84                GLIB_resetDisplayClippingArea
 .text.GLIB_clear
                0x00002f98       0x36 ./gecko_sdk_3.2.3/platform/middleware/glib/glib/glib.o
                0x00002f98                GLIB_clear
 .text.GLIB_applyClippingRegion
                0x00002fce       0x2a ./gecko_sdk_3.2.3/platform/middleware/glib/glib/glib.o
                0x00002fce                GLIB_applyClippingRegion
 .text.GLIB_setClippingRegion
                0x00002ff8       0x48 ./gecko_sdk_3.2.3/platform/middleware/glib/glib/glib.o
                0x00002ff8                GLIB_setClippingRegion
 .text.GLIB_contextInit
                0x00003040       0x54 ./gecko_sdk_3.2.3/platform/middleware/glib/glib/glib.o
                0x00003040                GLIB_contextInit
 .text.GLIB_drawPixel
                0x00003094       0x38 ./gecko_sdk_3.2.3/platform/middleware/glib/glib/glib.o
                0x00003094                GLIB_drawPixel
 .text.GLIB_drawPixelColor
                0x000030cc       0x36 ./gecko_sdk_3.2.3/platform/middleware/glib/glib/glib.o
                0x000030cc                GLIB_drawPixelColor
 .text.GLIB_rectContainsPoint
                0x00003102       0x24 ./gecko_sdk_3.2.3/platform/middleware/glib/glib/glib_rectangle.o
                0x00003102                GLIB_rectContainsPoint
 .text.GLIB_drawChar
                0x00003126      0x120 ./gecko_sdk_3.2.3/platform/middleware/glib/glib/glib_string.o
                0x00003126                GLIB_drawChar
 .text.GLIB_setFont
                0x00003246       0x1a ./gecko_sdk_3.2.3/platform/middleware/glib/glib/glib_string.o
                0x00003246                GLIB_setFont
 .text.sl_device_init_dcdc
                0x00003260       0x2c ./gecko_sdk_3.2.3/platform/service/device_init/src/sl_device_init_dcdc_s1.o
                0x00003260                sl_device_init_dcdc
 .text.sl_device_init_emu
                0x0000328c       0x1c ./gecko_sdk_3.2.3/platform/service/device_init/src/sl_device_init_emu_s1.o
                0x0000328c                sl_device_init_emu
 .text.sl_device_init_hfxo
                0x000032a8       0x54 ./gecko_sdk_3.2.3/platform/service/device_init/src/sl_device_init_hfxo_s1.o
                0x000032a8                sl_device_init_hfxo
 .text.sl_device_init_lfxo
                0x000032fc       0x28 ./gecko_sdk_3.2.3/platform/service/device_init/src/sl_device_init_lfxo_s1.o
                0x000032fc                sl_device_init_lfxo
 .text.sl_device_init_nvic
                0x00003324       0x3c ./gecko_sdk_3.2.3/platform/service/device_init/src/sl_device_init_nvic.o
                0x00003324                sl_device_init_nvic
 .text.sl_iostream_set_default
                0x00003360       0x18 ./gecko_sdk_3.2.3/platform/service/iostream/src/sl_iostream.o
                0x00003360                sl_iostream_set_default
 .text._exit    0x00003378        0x2 ./gecko_sdk_3.2.3/platform/service/iostream/src/sl_iostream_retarget_stdio.o
                0x00003378                _exit
 .text.swo_write
                0x0000337a       0x1e ./gecko_sdk_3.2.3/platform/service/iostream/src/sl_iostream_swo.o
 .text.sli_iosteam_swo_em_transition
                0x00003398       0x20 ./gecko_sdk_3.2.3/platform/service/iostream/src/sl_iostream_swo.o
 .text.sl_iostream_swo_init
                0x000033b8       0x2c ./gecko_sdk_3.2.3/platform/service/iostream/src/sl_iostream_swo.o
                0x000033b8                sl_iostream_swo_init
 .text.get_lowest_em
                0x000033e4       0x14 ./gecko_sdk_3.2.3/platform/service/power_manager/src/sl_power_manager.o
 .text.power_manager_notify_em_transition
                0x000033f8       0x74 ./gecko_sdk_3.2.3/platform/service/power_manager/src/sl_power_manager.o
 .text.clock_restore
                0x0000346c       0x58 ./gecko_sdk_3.2.3/platform/service/power_manager/src/sl_power_manager.o
 .text.on_clock_wakeup_timeout
                0x000034c4       0x24 ./gecko_sdk_3.2.3/platform/service/power_manager/src/sl_power_manager.o
 .text.update_em1_requirement
                0x000034e8       0x60 ./gecko_sdk_3.2.3/platform/service/power_manager/src/sl_power_manager.o
 .text.sl_power_manager_init
                0x00003548       0x60 ./gecko_sdk_3.2.3/platform/service/power_manager/src/sl_power_manager.o
                0x00003548                sl_power_manager_init
 .text.sli_power_manager_get_restore_delay
                0x000035a8       0x34 ./gecko_sdk_3.2.3/platform/service/power_manager/src/sl_power_manager.o
                0x000035a8                sli_power_manager_get_restore_delay
 .text.sli_power_manager_initiate_restore
                0x000035dc       0x18 ./gecko_sdk_3.2.3/platform/service/power_manager/src/sl_power_manager.o
                0x000035dc                sli_power_manager_initiate_restore
 .text.sl_power_manager_subscribe_em_transition_event
                0x000035f4       0x24 ./gecko_sdk_3.2.3/platform/service/power_manager/src/sl_power_manager.o
                0x000035f4                sl_power_manager_subscribe_em_transition_event
 .text.sli_power_manager_convert_delay_us_to_tick
                0x00003618       0x20 ./gecko_sdk_3.2.3/platform/service/power_manager/src/sl_power_manager.o
                0x00003618                sli_power_manager_convert_delay_us_to_tick
 .text.sl_power_manager_sleep
                0x00003638      0x1c8 ./gecko_sdk_3.2.3/platform/service/power_manager/src/sl_power_manager.o
                0x00003638                sl_power_manager_sleep
 .text.sl_power_manager_is_latest_wakeup_internal
                0x00003800       0x20 ./gecko_sdk_3.2.3/platform/service/power_manager/src/sl_power_manager.o
                0x00003800                sl_power_manager_is_latest_wakeup_internal
 .text.sli_power_manager_em23_voltage_scaling_enable_fast_wakeup
                0x00003820       0x4c ./gecko_sdk_3.2.3/platform/service/power_manager/src/sl_power_manager_hal_s0_s1.o
                0x00003820                sli_power_manager_em23_voltage_scaling_enable_fast_wakeup
 .text.sli_power_manager_init_hardware
                0x0000386c       0xd4 ./gecko_sdk_3.2.3/platform/service/power_manager/src/sl_power_manager_hal_s0_s1.o
                0x0000386c                sli_power_manager_init_hardware
 .text.sli_power_manager_save_states
                0x00003940        0x4 ./gecko_sdk_3.2.3/platform/service/power_manager/src/sl_power_manager_hal_s0_s1.o
                0x00003940                sli_power_manager_save_states
 .text.EMU_EM23PostsleepHook
                0x00003944       0x3c ./gecko_sdk_3.2.3/platform/service/power_manager/src/sl_power_manager_hal_s0_s1.o
                0x00003944                EMU_EM23PostsleepHook
 .text.sli_power_manager_handle_pre_deepsleep_operations
                0x00003980        0x2 ./gecko_sdk_3.2.3/platform/service/power_manager/src/sl_power_manager_hal_s0_s1.o
                0x00003980                sli_power_manager_handle_pre_deepsleep_operations
 .text.sli_power_manager_restore_high_freq_accuracy_clk
                0x00003982        0x2 ./gecko_sdk_3.2.3/platform/service/power_manager/src/sl_power_manager_hal_s0_s1.o
                0x00003982                sli_power_manager_restore_high_freq_accuracy_clk
 .text.sli_power_manager_is_high_freq_accuracy_clk_ready
                0x00003984        0x4 ./gecko_sdk_3.2.3/platform/service/power_manager/src/sl_power_manager_hal_s0_s1.o
                0x00003984                sli_power_manager_is_high_freq_accuracy_clk_ready
 .text.sli_power_manager_restore_states
                0x00003988       0x50 ./gecko_sdk_3.2.3/platform/service/power_manager/src/sl_power_manager_hal_s0_s1.o
                0x00003988                sli_power_manager_restore_states
 .text.sli_power_manager_apply_em
                0x000039d8       0x38 ./gecko_sdk_3.2.3/platform/service/power_manager/src/sl_power_manager_hal_s0_s1.o
                0x000039d8                sli_power_manager_apply_em
 .text.sli_power_manager_get_default_high_frequency_minimum_offtime
                0x00003a10        0x8 ./gecko_sdk_3.2.3/platform/service/power_manager/src/sl_power_manager_hal_s0_s1.o
                0x00003a10                sli_power_manager_get_default_high_frequency_minimum_offtime
 .text.sli_power_manager_get_wakeup_process_time_overhead
                0x00003a18       0x1c ./gecko_sdk_3.2.3/platform/service/power_manager/src/sl_power_manager_hal_s0_s1.o
                0x00003a18                sli_power_manager_get_wakeup_process_time_overhead
 .text.update_delta_list
                0x00003a34       0x38 ./gecko_sdk_3.2.3/platform/service/sleeptimer/src/sl_sleeptimer.o
 .text.delta_list_insert_timer
                0x00003a6c       0x5c ./gecko_sdk_3.2.3/platform/service/sleeptimer/src/sl_sleeptimer.o
 .text.set_comparator_for_next_timer
                0x00003ac8       0x4c ./gecko_sdk_3.2.3/platform/service/sleeptimer/src/sl_sleeptimer.o
 .text.create_timer
                0x00003b14       0x68 ./gecko_sdk_3.2.3/platform/service/sleeptimer/src/sl_sleeptimer.o
 .text.delta_list_remove_timer
                0x00003b7c       0x38 ./gecko_sdk_3.2.3/platform/service/sleeptimer/src/sl_sleeptimer.o
 .text.sl_sleeptimer_init
                0x00003bb4       0x74 ./gecko_sdk_3.2.3/platform/service/sleeptimer/src/sl_sleeptimer.o
                0x00003bb4                sl_sleeptimer_init
 .text.sl_sleeptimer_stop_timer
                0x00003c28       0x50 ./gecko_sdk_3.2.3/platform/service/sleeptimer/src/sl_sleeptimer.o
                0x00003c28                sl_sleeptimer_stop_timer
 .text.sl_sleeptimer_restart_timer
                0x00003c78       0x34 ./gecko_sdk_3.2.3/platform/service/sleeptimer/src/sl_sleeptimer.o
                0x00003c78                sl_sleeptimer_restart_timer
 .text.sl_sleeptimer_restart_periodic_timer
                0x00003cac       0x34 ./gecko_sdk_3.2.3/platform/service/sleeptimer/src/sl_sleeptimer.o
                0x00003cac                sl_sleeptimer_restart_periodic_timer
 .text.sl_sleeptimer_is_timer_running
                0x00003ce0       0x38 ./gecko_sdk_3.2.3/platform/service/sleeptimer/src/sl_sleeptimer.o
                0x00003ce0                sl_sleeptimer_is_timer_running
 .text.sl_sleeptimer_start_periodic_timer
                0x00003d18       0x48 ./gecko_sdk_3.2.3/platform/service/sleeptimer/src/sl_sleeptimer.o
                0x00003d18                sl_sleeptimer_start_periodic_timer
 .text.sl_sleeptimer_get_remaining_time_of_first_timer
                0x00003d60       0x64 ./gecko_sdk_3.2.3/platform/service/sleeptimer/src/sl_sleeptimer.o
                0x00003d60                sl_sleeptimer_get_remaining_time_of_first_timer
 .text.sli_sleeptimer_is_power_manager_timer_next_to_expire
                0x00003dc4        0xc ./gecko_sdk_3.2.3/platform/service/sleeptimer/src/sl_sleeptimer.o
                0x00003dc4                sli_sleeptimer_is_power_manager_timer_next_to_expire
 .text.sl_sleeptimer_get_tick_count
                0x00003dd0       0x18 ./gecko_sdk_3.2.3/platform/service/sleeptimer/src/sl_sleeptimer.o
                0x00003dd0                sl_sleeptimer_get_tick_count
 .text.sl_sleeptimer_get_timer_frequency
                0x00003de8        0xc ./gecko_sdk_3.2.3/platform/service/sleeptimer/src/sl_sleeptimer.o
                0x00003de8                sl_sleeptimer_get_timer_frequency
 .text.sl_sleeptimer_ms32_to_tick
                0x00003df4       0x34 ./gecko_sdk_3.2.3/platform/service/sleeptimer/src/sl_sleeptimer.o
                0x00003df4                sl_sleeptimer_ms32_to_tick
 .text.process_timer_irq
                0x00003e28      0x134 ./gecko_sdk_3.2.3/platform/service/sleeptimer/src/sl_sleeptimer.o
                0x00003e28                process_timer_irq
 .text.sl_sleeptimer_is_power_manager_early_restore_timer_latest_to_expire
                0x00003f5c       0x18 ./gecko_sdk_3.2.3/platform/service/sleeptimer/src/sl_sleeptimer.o
                0x00003f5c                sl_sleeptimer_is_power_manager_early_restore_timer_latest_to_expire
 .text.CMU_PrescToLog2.constprop.0
                0x00003f74        0x4 ./gecko_sdk_3.2.3/platform/service/sleeptimer/src/sl_sleeptimer_hal_rtcc.o
 .text.sleeptimer_hal_init_timer
                0x00003f78       0x8c ./gecko_sdk_3.2.3/platform/service/sleeptimer/src/sl_sleeptimer_hal_rtcc.o
                0x00003f78                sleeptimer_hal_init_timer
 .text.sleeptimer_hal_get_counter
                0x00004004        0xc ./gecko_sdk_3.2.3/platform/service/sleeptimer/src/sl_sleeptimer_hal_rtcc.o
                0x00004004                sleeptimer_hal_get_counter
 .text.sleeptimer_hal_set_compare
                0x00004010       0x50 ./gecko_sdk_3.2.3/platform/service/sleeptimer/src/sl_sleeptimer_hal_rtcc.o
                0x00004010                sleeptimer_hal_set_compare
 .text.sleeptimer_hal_enable_int
                0x00004060       0x1c ./gecko_sdk_3.2.3/platform/service/sleeptimer/src/sl_sleeptimer_hal_rtcc.o
                0x00004060                sleeptimer_hal_enable_int
 .text.sleeptimer_hal_disable_int
                0x0000407c       0x30 ./gecko_sdk_3.2.3/platform/service/sleeptimer/src/sl_sleeptimer_hal_rtcc.o
                0x0000407c                sleeptimer_hal_disable_int
 .text.sli_sleeptimer_hal_is_int_status_set
                0x000040ac       0x20 ./gecko_sdk_3.2.3/platform/service/sleeptimer/src/sl_sleeptimer_hal_rtcc.o
                0x000040ac                sli_sleeptimer_hal_is_int_status_set
 .text.RTCC_IRQHandler
                0x000040cc       0x30 ./gecko_sdk_3.2.3/platform/service/sleeptimer/src/sl_sleeptimer_hal_rtcc.o
                0x000040cc                RTCC_IRQHandler
 .text.sleeptimer_hal_get_timer_frequency
                0x000040fc       0x18 ./gecko_sdk_3.2.3/platform/service/sleeptimer/src/sl_sleeptimer_hal_rtcc.o
                0x000040fc                sleeptimer_hal_get_timer_frequency
 .text.sl_system_init
                0x00004114       0x1a ./gecko_sdk_3.2.3/platform/service/system/src/sl_system_init.o
                0x00004114                sl_system_init
 .text.sl_system_process_action
                0x0000412e       0x16 ./gecko_sdk_3.2.3/platform/service/system/src/sl_system_process_action.o
                0x0000412e                sl_system_process_action
 .text.sl_udelay_wait
                0x00004144       0x30 ./gecko_sdk_3.2.3/platform/service/udelay/src/sl_udelay.o
                0x00004144                sl_udelay_wait
 *fill*         0x00004174        0xc 
 .text          0x00004180        0x8 ./gecko_sdk_3.2.3/platform/service/udelay/src/sl_udelay_armv6m_gcc.o
                0x00004180                sli_delay_loop
 .text          0x00004188       0x30 c:/siliconlabs/simplicitystudio/v5/developer/toolchains/gnu_arm/10.2_2020q4/bin/../lib/gcc/arm-none-eabi/10.2.1/thumb/v7e-m+fp/softfp\libgcc.a(_aeabi_uldivmod.o)
                0x00004188                __aeabi_uldivmod
 .text          0x000041b8      0x2d0 c:/siliconlabs/simplicitystudio/v5/developer/toolchains/gnu_arm/10.2_2020q4/bin/../lib/gcc/arm-none-eabi/10.2.1/thumb/v7e-m+fp/softfp\libgcc.a(_udivmoddi4.o)
                0x000041b8                __udivmoddi4
 .text          0x00004488        0x4 c:/siliconlabs/simplicitystudio/v5/developer/toolchains/gnu_arm/10.2_2020q4/bin/../lib/gcc/arm-none-eabi/10.2.1/thumb/v7e-m+fp/softfp\libgcc.a(_dvmd_tls.o)
                0x00004488                __aeabi_idiv0
                0x00004488                __aeabi_ldiv0
 .text.bzero    0x0000448c        0x8 c:/siliconlabs/simplicitystudio/v5/developer/toolchains/gnu_arm/10.2_2020q4/bin/../lib/gcc/arm-none-eabi/10.2.1/../../../../arm-none-eabi/lib/thumb/v7e-m+fp/softfp\libc_nano.a(lib_a-bzero.o)
                0x0000448c                bzero
 .text.exit     0x00004494       0x28 c:/siliconlabs/simplicitystudio/v5/developer/toolchains/gnu_arm/10.2_2020q4/bin/../lib/gcc/arm-none-eabi/10.2.1/../../../../arm-none-eabi/lib/thumb/v7e-m+fp/softfp\libc_nano.a(lib_a-exit.o)
                0x00004494                exit
 .text.__libc_init_array
                0x000044bc       0x48 c:/siliconlabs/simplicitystudio/v5/developer/toolchains/gnu_arm/10.2_2020q4/bin/../lib/gcc/arm-none-eabi/10.2.1/../../../../arm-none-eabi/lib/thumb/v7e-m+fp/softfp\libc_nano.a(lib_a-init.o)
                0x000044bc                __libc_init_array
 .text.memcpy   0x00004504       0x1c c:/siliconlabs/simplicitystudio/v5/developer/toolchains/gnu_arm/10.2_2020q4/bin/../lib/gcc/arm-none-eabi/10.2.1/../../../../arm-none-eabi/lib/thumb/v7e-m+fp/softfp\libc_nano.a(lib_a-memcpy-stub.o)
                0x00004504                memcpy
 .text.memmove  0x00004520       0x34 c:/siliconlabs/simplicitystudio/v5/developer/toolchains/gnu_arm/10.2_2020q4/bin/../lib/gcc/arm-none-eabi/10.2.1/../../../../arm-none-eabi/lib/thumb/v7e-m+fp/softfp\libc_nano.a(lib_a-memmove.o)
                0x00004520                memmove
 .text.memset   0x00004554       0x10 c:/siliconlabs/simplicitystudio/v5/developer/toolchains/gnu_arm/10.2_2020q4/bin/../lib/gcc/arm-none-eabi/10.2.1/../../../../arm-none-eabi/lib/thumb/v7e-m+fp/softfp\libc_nano.a(lib_a-memset.o)
                0x00004554                memset
 .text          0x00004564       0x10 c:/siliconlabs/simplicitystudio/v5/developer/toolchains/gnu_arm/10.2_2020q4/bin/../lib/gcc/arm-none-eabi/10.2.1/../../../../arm-none-eabi/lib/thumb/v7e-m+fp/softfp\libc_nano.a(lib_a-strlen.o)
                0x00004564                strlen
 .text._vsprintf_r
                0x00004574       0x2c c:/siliconlabs/simplicitystudio/v5/developer/toolchains/gnu_arm/10.2_2020q4/bin/../lib/gcc/arm-none-eabi/10.2.1/../../../../arm-none-eabi/lib/thumb/v7e-m+fp/softfp\libc_nano.a(lib_a-vsprintf.o)
                0x00004574                _vsprintf_r
                0x00004574                _vsiprintf_r
 .text.vsprintf
                0x000045a0       0x14 c:/siliconlabs/simplicitystudio/v5/developer/toolchains/gnu_arm/10.2_2020q4/bin/../lib/gcc/arm-none-eabi/10.2.1/../../../../arm-none-eabi/lib/thumb/v7e-m+fp/softfp\libc_nano.a(lib_a-vsprintf.o)
                0x000045a0                vsiprintf
                0x000045a0                vsprintf
 .text.__ssputs_r
                0x000045b4       0xb6 c:/siliconlabs/simplicitystudio/v5/developer/toolchains/gnu_arm/10.2_2020q4/bin/../lib/gcc/arm-none-eabi/10.2.1/../../../../arm-none-eabi/lib/thumb/v7e-m+fp/softfp\libc_nano.a(lib_a-nano-svfprintf.o)
                0x000045b4                __ssputs_r
 *fill*         0x0000466a        0x2 
 .text._svfprintf_r
                0x0000466c      0x200 c:/siliconlabs/simplicitystudio/v5/developer/toolchains/gnu_arm/10.2_2020q4/bin/../lib/gcc/arm-none-eabi/10.2.1/../../../../arm-none-eabi/lib/thumb/v7e-m+fp/softfp\libc_nano.a(lib_a-nano-svfprintf.o)
                0x0000466c                _svfiprintf_r
                0x0000466c                _svfprintf_r
 .text._printf_common
                0x0000486c       0xda c:/siliconlabs/simplicitystudio/v5/developer/toolchains/gnu_arm/10.2_2020q4/bin/../lib/gcc/arm-none-eabi/10.2.1/../../../../arm-none-eabi/lib/thumb/v7e-m+fp/softfp\libc_nano.a(lib_a-nano-vfprintf_i.o)
                0x0000486c                _printf_common
 *fill*         0x00004946        0x2 
 .text._printf_i
                0x00004948      0x24c c:/siliconlabs/simplicitystudio/v5/developer/toolchains/gnu_arm/10.2_2020q4/bin/../lib/gcc/arm-none-eabi/10.2.1/../../../../arm-none-eabi/lib/thumb/v7e-m+fp/softfp\libc_nano.a(lib_a-nano-vfprintf_i.o)
                0x00004948                _printf_i
 *fill*         0x00004b94        0xc 
 .text          0x00004ba0       0xa0 c:/siliconlabs/simplicitystudio/v5/developer/toolchains/gnu_arm/10.2_2020q4/bin/../lib/gcc/arm-none-eabi/10.2.1/../../../../arm-none-eabi/lib/thumb/v7e-m+fp/softfp\libc_nano.a(lib_a-memchr.o)
                0x00004ba0                memchr
 .text._free_r  0x00004c40       0x98 c:/siliconlabs/simplicitystudio/v5/developer/toolchains/gnu_arm/10.2_2020q4/bin/../lib/gcc/arm-none-eabi/10.2.1/../../../../arm-none-eabi/lib/thumb/v7e-m+fp/softfp\libc_nano.a(lib_a-nano-freer.o)
                0x00004c40                _free_r
 .text._malloc_r
                0x00004cd8       0xb4 c:/siliconlabs/simplicitystudio/v5/developer/toolchains/gnu_arm/10.2_2020q4/bin/../lib/gcc/arm-none-eabi/10.2.1/../../../../arm-none-eabi/lib/thumb/v7e-m+fp/softfp\libc_nano.a(lib_a-nano-mallocr.o)
                0x00004cd8                _malloc_r
 .text._realloc_r
                0x00004d8c       0x4c c:/siliconlabs/simplicitystudio/v5/developer/toolchains/gnu_arm/10.2_2020q4/bin/../lib/gcc/arm-none-eabi/10.2.1/../../../../arm-none-eabi/lib/thumb/v7e-m+fp/softfp\libc_nano.a(lib_a-nano-reallocr.o)
                0x00004d8c                _realloc_r
 .text._sbrk_r  0x00004dd8       0x20 c:/siliconlabs/simplicitystudio/v5/developer/toolchains/gnu_arm/10.2_2020q4/bin/../lib/gcc/arm-none-eabi/10.2.1/../../../../arm-none-eabi/lib/thumb/v7e-m+fp/softfp\libc_nano.a(lib_a-sbrkr.o)
                0x00004dd8                _sbrk_r
 .text.__malloc_lock
                0x00004df8        0xc c:/siliconlabs/simplicitystudio/v5/developer/toolchains/gnu_arm/10.2_2020q4/bin/../lib/gcc/arm-none-eabi/10.2.1/../../../../arm-none-eabi/lib/thumb/v7e-m+fp/softfp\libc_nano.a(lib_a-mlock.o)
                0x00004df8                __malloc_lock
 .text.__malloc_unlock
                0x00004e04        0xc c:/siliconlabs/simplicitystudio/v5/developer/toolchains/gnu_arm/10.2_2020q4/bin/../lib/gcc/arm-none-eabi/10.2.1/../../../../arm-none-eabi/lib/thumb/v7e-m+fp/softfp\libc_nano.a(lib_a-mlock.o)
                0x00004e04                __malloc_unlock
 .text._malloc_usable_size_r
                0x00004e10       0x10 c:/siliconlabs/simplicitystudio/v5/developer/toolchains/gnu_arm/10.2_2020q4/bin/../lib/gcc/arm-none-eabi/10.2.1/../../../../arm-none-eabi/lib/thumb/v7e-m+fp/softfp\libc_nano.a(lib_a-nano-msizer.o)
                0x00004e10                _malloc_usable_size_r
 .text.__retarget_lock_acquire_recursive
                0x00004e20        0x2 c:/siliconlabs/simplicitystudio/v5/developer/toolchains/gnu_arm/10.2_2020q4/bin/../lib/gcc/arm-none-eabi/10.2.1/../../../../arm-none-eabi/lib/thumb/v7e-m+fp/softfp\libc_nano.a(lib_a-lock.o)
                0x00004e20                __retarget_lock_acquire_recursive
 .text.__retarget_lock_release_recursive
                0x00004e22        0x2 c:/siliconlabs/simplicitystudio/v5/developer/toolchains/gnu_arm/10.2_2020q4/bin/../lib/gcc/arm-none-eabi/10.2.1/../../../../arm-none-eabi/lib/thumb/v7e-m+fp/softfp\libc_nano.a(lib_a-lock.o)
                0x00004e22                __retarget_lock_release_recursive
                0x00004e24                linker_code_end = .
 *(.init)
 .init          0x00004e24        0x4 c:/siliconlabs/simplicitystudio/v5/developer/toolchains/gnu_arm/10.2_2020q4/bin/../lib/gcc/arm-none-eabi/10.2.1/thumb/v7e-m+fp/softfp/crti.o
                0x00004e24                _init
 .init          0x00004e28        0x8 c:/siliconlabs/simplicitystudio/v5/developer/toolchains/gnu_arm/10.2_2020q4/bin/../lib/gcc/arm-none-eabi/10.2.1/thumb/v7e-m+fp/softfp/crtn.o
 *(.fini)
 .fini          0x00004e30        0x4 c:/siliconlabs/simplicitystudio/v5/developer/toolchains/gnu_arm/10.2_2020q4/bin/../lib/gcc/arm-none-eabi/10.2.1/thumb/v7e-m+fp/softfp/crti.o
                0x00004e30                _fini
 .fini          0x00004e34        0x8 c:/siliconlabs/simplicitystudio/v5/developer/toolchains/gnu_arm/10.2_2020q4/bin/../lib/gcc/arm-none-eabi/10.2.1/thumb/v7e-m+fp/softfp/crtn.o
 *fill*         0x00004e3c        0x4 
 .fini.__stub   0x00004e40        0x8 linker stubs
 *crtbegin.o(.ctors)
 *crtbegin?.o(.ctors)
 *(EXCLUDE_FILE(*crtend.o *crtend?.o) .ctors)
 *(SORT_BY_NAME(.ctors.*))
 *(.ctors)
 *crtbegin.o(.dtors)
 *crtbegin?.o(.dtors)
 *(EXCLUDE_FILE(*crtend.o *crtend?.o) .dtors)
 *(SORT_BY_NAME(.dtors.*))
 *(.dtors)
 *(.rodata*)
 .rodata.my_printf_init.str1.1
                0x00004e48       0x13 ./my_printf_lib.o
 .rodata.simple_button_init.str1.1
                0x00004e5b       0x36 ./simple_button_baremetal.o
 .rodata.handle_btn1_interrupt.str1.1
                0x00004e91       0x11 ./simple_button_baremetal.o
 .rodata.handle_btn0_interrupt.str1.1
                0x00004ea2        0xa ./simple_button_baremetal.o
 .rodata.simple_button_count
                0x00004eac        0x1 ./autogen/sl_simple_button_instances.o
                0x00004eac                simple_button_count
 *fill*         0x00004ead        0x3 
 .rodata.sl_button_btn0
                0x00004eb0       0x18 ./autogen/sl_simple_button_instances.o
                0x00004eb0                sl_button_btn0
 .rodata.sl_button_btn1
                0x00004ec8       0x18 ./autogen/sl_simple_button_instances.o
                0x00004ec8                sl_button_btn1
 .rodata.sl_led_led0
                0x00004ee0       0x18 ./autogen/sl_simple_led_instances.o
                0x00004ee0                sl_led_led0
 .rodata.sl_led_led1
                0x00004ef8       0x18 ./autogen/sl_simple_led_instances.o
                0x00004ef8                sl_led_led1
 .rodata        0x00004f10       0x18 ./gecko_sdk_3.2.3/hardware/driver/memlcd/src/memlcd_usart/sl_memlcd_spi.o
 .rodata        0x00004f28       0x10 ./gecko_sdk_3.2.3/hardware/driver/memlcd/src/sl_memlcd_display.o
 .rodata.sl_slist_push.str1.1
                0x00004f38       0x32 ./gecko_sdk_3.2.3/platform/common/src/sl_slist.o
 .rodata.GPIO_PinInGet.str1.1
                0x00004f6a       0x72 ./gecko_sdk_3.2.3/platform/driver/button/src/sl_simple_button.o
 .rodata.GPIO_PinOutClear.str1.1
                0x00004fdc       0x72 ./gecko_sdk_3.2.3/platform/driver/leddrv/src/sl_simple_led.o
 .rodata.flashWaitStateControl.str1.1
                0x00004fdc       0x2f ./gecko_sdk_3.2.3/platform/emlib/src/em_cmu.o
 .rodata.SL_Log2ToDiv.str1.1
                0x0000500b       0x74 ./gecko_sdk_3.2.3/platform/emlib/src/em_cmu.o
 .rodata.CSWTCH.46
                0x0000507f        0x6 ./gecko_sdk_3.2.3/platform/emlib/src/em_cmu.o
 .rodata.CSWTCH.47
                0x00005085        0x4 ./gecko_sdk_3.2.3/platform/emlib/src/em_cmu.o
 .rodata.CSWTCH.48
                0x00005089        0x4 ./gecko_sdk_3.2.3/platform/emlib/src/em_cmu.o
 .rodata.CSWTCH.67
                0x0000508d        0x5 ./gecko_sdk_3.2.3/platform/emlib/src/em_cmu.o
 .rodata.CSWTCH.68
                0x00005092        0x5 ./gecko_sdk_3.2.3/platform/emlib/src/em_cmu.o
 *fill*         0x00005097        0x1 
 .rodata.CSWTCH.69
                0x00005098        0xa ./gecko_sdk_3.2.3/platform/emlib/src/em_cmu.o
 .rodata.CSWTCH.70
                0x000050a2        0xa ./gecko_sdk_3.2.3/platform/emlib/src/em_cmu.o
 .rodata.flashWsTable
                0x000050ac       0x28 ./gecko_sdk_3.2.3/platform/emlib/src/em_cmu.o
 .rodata.CORE_NvicMaskSetIRQ.str1.1
                0x000050d4       0x30 ./gecko_sdk_3.2.3/platform/emlib/src/em_core.o
 .rodata.lpGetDevinfoVrefLowHigh.str1.1
                0x00005104       0x2f ./gecko_sdk_3.2.3/platform/emlib/src/em_emu.o
 .rodata.GPIO_PinOutSet.str1.1
                0x00005133       0x72 ./gecko_sdk_3.2.3/platform/emlib/src/em_gpio.o
 .rodata.GPIO_DbgLocationSet.str1.1
                0x00005133       0x30 ./gecko_sdk_3.2.3/platform/emlib/src/em_gpio.o
 .rodata.GPIO_ExtIntConfig.str1.1
                0x00005163       0x71 ./gecko_sdk_3.2.3/platform/emlib/src/em_gpio.o
 .rodata.RTCC_ChannelInit.str1.1
                0x000051d4       0x30 ./gecko_sdk_3.2.3/platform/emlib/src/em_rtcc.o
 .rodata.USART_BaudrateAsyncSet.str1.1
                0x00005204       0x31 ./gecko_sdk_3.2.3/platform/emlib/src/em_usart.o
 *fill*         0x00005235        0x3 
 .rodata.GLIB_FontNarrow6x8
                0x00005238       0x10 ./gecko_sdk_3.2.3/platform/middleware/glib/glib/glib_font_narrow_6x8.o
                0x00005238                GLIB_FontNarrow6x8
 .rodata.GLIB_FontNarrow6x8PixMap
                0x00005248      0x320 ./gecko_sdk_3.2.3/platform/middleware/glib/glib/glib_font_narrow_6x8.o
 .rodata.GLIB_FontNormal8x8
                0x00005568       0x10 ./gecko_sdk_3.2.3/platform/middleware/glib/glib/glib_font_normal_8x8.o
                0x00005568                GLIB_FontNormal8x8
 .rodata.GLIB_FontNormal8x8PixMap
                0x00005578      0x320 ./gecko_sdk_3.2.3/platform/middleware/glib/glib/glib_font_normal_8x8.o
 .rodata        0x00005898       0x10 ./gecko_sdk_3.2.3/platform/service/device_init/src/sl_device_init_dcdc_s1.o
 .rodata        0x000058a8       0x12 ./gecko_sdk_3.2.3/platform/service/device_init/src/sl_device_init_hfxo_s1.o
 .rodata        0x000058ba        0x4 ./gecko_sdk_3.2.3/platform/service/device_init/src/sl_device_init_lfxo_s1.o
 .rodata.sli_iosteam_swo_em_transition.str1.1
                0x000058be       0x43 ./gecko_sdk_3.2.3/platform/service/iostream/src/sl_iostream_swo.o
 .rodata.power_manager_notify_em_transition.str1.1
                0x00005901       0x49 ./gecko_sdk_3.2.3/platform/service/power_manager/src/sl_power_manager.o
 .rodata.CSWTCH.47
                0x0000594a        0x4 ./gecko_sdk_3.2.3/platform/service/power_manager/src/sl_power_manager.o
 .rodata.sli_power_manager_apply_em.str1.1
                0x0000594e       0x53 ./gecko_sdk_3.2.3/platform/service/power_manager/src/sl_power_manager_hal_s0_s1.o
 .rodata.process_timer_irq.str1.1
                0x000059a1       0x43 ./gecko_sdk_3.2.3/platform/service/sleeptimer/src/sl_sleeptimer.o
 .rodata        0x000059e4       0x10 ./gecko_sdk_3.2.3/platform/service/sleeptimer/src/sl_sleeptimer_hal_rtcc.o
 .rodata._global_impure_ptr
                0x000059f4        0x4 c:/siliconlabs/simplicitystudio/v5/developer/toolchains/gnu_arm/10.2_2020q4/bin/../lib/gcc/arm-none-eabi/10.2.1/../../../../arm-none-eabi/lib/thumb/v7e-m+fp/softfp\libc_nano.a(lib_a-impure.o)
                0x000059f4                _global_impure_ptr
 .rodata._svfprintf_r.str1.1
                0x000059f8       0x11 c:/siliconlabs/simplicitystudio/v5/developer/toolchains/gnu_arm/10.2_2020q4/bin/../lib/gcc/arm-none-eabi/10.2.1/../../../../arm-none-eabi/lib/thumb/v7e-m+fp/softfp\libc_nano.a(lib_a-nano-svfprintf.o)
 .rodata._printf_i.str1.1
                0x00005a09       0x22 c:/siliconlabs/simplicitystudio/v5/developer/toolchains/gnu_arm/10.2_2020q4/bin/../lib/gcc/arm-none-eabi/10.2.1/../../../../arm-none-eabi/lib/thumb/v7e-m+fp/softfp\libc_nano.a(lib_a-nano-vfprintf_i.o)
 *(.eh_frame*)
 *fill*         0x00005a2b        0x1 
 .eh_frame      0x00005a2c        0x0 c:/siliconlabs/simplicitystudio/v5/developer/toolchains/gnu_arm/10.2_2020q4/bin/../lib/gcc/arm-none-eabi/10.2.1/thumb/v7e-m+fp/softfp/crtbegin.o

.glue_7         0x00005a2c        0x0
 .glue_7        0x00005a2c        0x0 linker stubs

.glue_7t        0x00005a2c        0x0
 .glue_7t       0x00005a2c        0x0 linker stubs

.vfp11_veneer   0x00005a2c        0x0
 .vfp11_veneer  0x00005a2c        0x0 linker stubs

.v4_bx          0x00005a2c        0x0
 .v4_bx         0x00005a2c        0x0 linker stubs

.iplt           0x00005a2c        0x0
 .iplt          0x00005a2c        0x0 c:/siliconlabs/simplicitystudio/v5/developer/toolchains/gnu_arm/10.2_2020q4/bin/../lib/gcc/arm-none-eabi/10.2.1/thumb/v7e-m+fp/softfp/crtbegin.o

.ARM.extab
 *(.ARM.extab* .gnu.linkonce.armextab.*)
                0x00005a2c                __exidx_start = .

.ARM.exidx      0x00005a2c        0x8
 *(.ARM.exidx* .gnu.linkonce.armexidx.*)
 .ARM.exidx     0x00005a2c        0x8 c:/siliconlabs/simplicitystudio/v5/developer/toolchains/gnu_arm/10.2_2020q4/bin/../lib/gcc/arm-none-eabi/10.2.1/../../../../arm-none-eabi/lib/thumb/v7e-m+fp/softfp/crt0.o
                                 0x10 (size before relaxing)
 .ARM.exidx     0x00005a34        0x0 c:/siliconlabs/simplicitystudio/v5/developer/toolchains/gnu_arm/10.2_2020q4/bin/../lib/gcc/arm-none-eabi/10.2.1/thumb/v7e-m+fp/softfp\libgcc.a(_udivmoddi4.o)
                                  0x8 (size before relaxing)
                0x00005a34                __exidx_end = .
                0x00005a34                __etext = .

.rel.dyn        0x00005a34        0x0
 .rel.iplt      0x00005a34        0x0 c:/siliconlabs/simplicitystudio/v5/developer/toolchains/gnu_arm/10.2_2020q4/bin/../lib/gcc/arm-none-eabi/10.2.1/thumb/v7e-m+fp/softfp/crtbegin.o
                0x20000000                . = ORIGIN (RAM)

.stack          0x20000000     0x1000
                0x20000000                __StackLimit = .
 *(.stack*)
 .stack         0x20000000        0x0 ./gecko_sdk_3.2.3/platform/Device/SiliconLabs/EFM32PG12B/Source/GCC/startup_efm32pg12b.o
 .stack         0x20000000     0x1000 ./gecko_sdk_3.2.3/platform/common/toolchain/src/sl_memory.o
                0x20001000                . = ALIGN (0x4)
                0x20001000                __StackTop = .
                0x20001000                PROVIDE (__stack = __StackTop)

.noinit
 *(.noinit*)

.data           0x20001000       0xec load address 0x00005a34
                0x20001000                . = ALIGN (0x4)
                0x20001000                __data_start__ = .
 *(vtable)
 *(.data*)
 .data.simple_btn0_context
                0x20001000        0x8 ./autogen/sl_simple_button_instances.o
                0x20001000                simple_btn0_context
 .data.simple_btn1_context
                0x20001008        0x8 ./autogen/sl_simple_button_instances.o
                0x20001008                simple_btn1_context
 .data.sl_simple_button_array
                0x20001010        0x8 ./autogen/sl_simple_button_instances.o
                0x20001010                sl_simple_button_array
 .data.simple_led0_context
                0x20001018        0x3 ./autogen/sl_simple_led_instances.o
                0x20001018                simple_led0_context
 .data.simple_led1_context
                0x2000101b        0x3 ./autogen/sl_simple_led_instances.o
                0x2000101b                simple_led1_context
 *fill*         0x2000101e        0x2 
 .data.spi_handle
                0x20001020       0x14 ./gecko_sdk_3.2.3/hardware/driver/memlcd/src/sl_memlcd.o
 .data.SystemCoreClock
                0x20001034        0x4 ./gecko_sdk_3.2.3/platform/Device/SiliconLabs/EFM32PG12B/Source/system_efm32pg12b.o
                0x20001034                SystemCoreClock
 .data.SystemHFXOClock
                0x20001038        0x4 ./gecko_sdk_3.2.3/platform/Device/SiliconLabs/EFM32PG12B/Source/system_efm32pg12b.o
 .data.SystemHfrcoFreq
                0x2000103c        0x4 ./gecko_sdk_3.2.3/platform/Device/SiliconLabs/EFM32PG12B/Source/system_efm32pg12b.o
                0x2000103c                SystemHfrcoFreq
 .data.SystemLFXOClock
                0x20001040        0x4 ./gecko_sdk_3.2.3/platform/Device/SiliconLabs/EFM32PG12B/Source/system_efm32pg12b.o
 .data.heap_end.0
                0x20001044        0x4 ./gecko_sdk_3.2.3/platform/common/toolchain/src/sl_memory.o
 .data.auxHfrcoFreq
                0x20001048        0x4 ./gecko_sdk_3.2.3/platform/emlib/src/em_cmu.o
 .data.lfxo_precision
                0x2000104c        0x2 ./gecko_sdk_3.2.3/platform/emlib/src/em_cmu.o
 *fill*         0x2000104e        0x2 
 .data.event_info
                0x20001050        0x8 ./gecko_sdk_3.2.3/platform/service/iostream/src/sl_iostream_swo.o
 .data.sl_iostream_swo
                0x20001058        0xc ./gecko_sdk_3.2.3/platform/service/iostream/src/sl_iostream_swo.o
 .data.is_fast_wakeup_enabled
                0x20001064        0x1 ./gecko_sdk_3.2.3/platform/service/power_manager/src/sl_power_manager_hal_s0_s1.o
 .data.cc_disabled
                0x20001065        0x1 ./gecko_sdk_3.2.3/platform/service/sleeptimer/src/sl_sleeptimer_hal_rtcc.o
 *fill*         0x20001066        0x2 
 .data._impure_ptr
                0x20001068        0x4 c:/siliconlabs/simplicitystudio/v5/developer/toolchains/gnu_arm/10.2_2020q4/bin/../lib/gcc/arm-none-eabi/10.2.1/../../../../arm-none-eabi/lib/thumb/v7e-m+fp/softfp\libc_nano.a(lib_a-impure.o)
                0x20001068                _impure_ptr
 .data.impure_data
                0x2000106c       0x60 c:/siliconlabs/simplicitystudio/v5/developer/toolchains/gnu_arm/10.2_2020q4/bin/../lib/gcc/arm-none-eabi/10.2.1/../../../../arm-none-eabi/lib/thumb/v7e-m+fp/softfp\libc_nano.a(lib_a-impure.o)
                0x200010cc                . = ALIGN (0x4)
                [!provide]                PROVIDE (__ram_func_section_start = .)
 *(.ram)
 .ram           0x200010cc       0x18 ./gecko_sdk_3.2.3/platform/emlib/src/em_emu.o
                [!provide]                PROVIDE (__ram_func_section_end = .)
                0x200010e4                . = ALIGN (0x4)
                0x200010e4                PROVIDE (__preinit_array_start = .)
 *(.preinit_array)
                0x200010e4                PROVIDE (__preinit_array_end = .)
                0x200010e4                . = ALIGN (0x4)
                0x200010e4                PROVIDE (__init_array_start = .)
 *(SORT_BY_NAME(.init_array.*))
 *(.init_array)
 .init_array    0x200010e4        0x4 c:/siliconlabs/simplicitystudio/v5/developer/toolchains/gnu_arm/10.2_2020q4/bin/../lib/gcc/arm-none-eabi/10.2.1/thumb/v7e-m+fp/softfp/crtbegin.o
                0x200010e8                PROVIDE (__init_array_end = .)
                0x200010e8                . = ALIGN (0x4)
                [!provide]                PROVIDE (__fini_array_start = .)
 *(SORT_BY_NAME(.fini_array.*))
 *(.fini_array)
 .fini_array    0x200010e8        0x4 c:/siliconlabs/simplicitystudio/v5/developer/toolchains/gnu_arm/10.2_2020q4/bin/../lib/gcc/arm-none-eabi/10.2.1/thumb/v7e-m+fp/softfp/crtbegin.o
                [!provide]                PROVIDE (__fini_array_end = .)
                0x200010ec                . = ALIGN (0x4)
                0x200010ec                __data_end__ = .

.igot.plt       0x200010ec        0x0 load address 0x00005b20
 .igot.plt      0x200010ec        0x0 c:/siliconlabs/simplicitystudio/v5/developer/toolchains/gnu_arm/10.2_2020q4/bin/../lib/gcc/arm-none-eabi/10.2.1/thumb/v7e-m+fp/softfp/crtbegin.o

.bss            0x200010ec     0x1a00 load address 0x00005b20
                0x200010ec                . = ALIGN (0x4)
                0x200010ec                __bss_start__ = .
 *(SEGGER_RTT)
 *(.bss*)
 .bss           0x200010ec       0x1c c:/siliconlabs/simplicitystudio/v5/developer/toolchains/gnu_arm/10.2_2020q4/bin/../lib/gcc/arm-none-eabi/10.2.1/thumb/v7e-m+fp/softfp/crtbegin.o
 .bss.buff      0x20001108     0x1000 ./my_printf_lib.o
 .bss.char_width
                0x20002108        0x4 ./my_printf_lib.o
 .bss.glibContext
                0x2000210c       0x2c ./my_printf_lib.o
 .bss.line_height
                0x20002138        0x4 ./my_printf_lib.o
 .bss.x         0x2000213c        0x4 ./my_printf_lib.o
 .bss.y         0x20002140        0x4 ./my_printf_lib.o
 .bss.btn_0_interuppted
                0x20002144        0x4 ./simple_button_baremetal.o
 .bss.btn_1_interuppted
                0x20002148        0x4 ./simple_button_baremetal.o
 .bss.counter_btn0
                0x2000214c        0x4 ./simple_button_baremetal.o
 .bss.counter_btn1
                0x20002150        0x4 ./simple_button_baremetal.o
 .bss.counter_default
                0x20002154        0x4 ./simple_button_baremetal.o
 .bss.timeout_caller
                0x20002158        0x4 ./simple_button_baremetal.o
 .bss.timer     0x2000215c       0x1c ./simple_button_baremetal.o
 .bss.toggle_timeout
                0x20002178        0x1 ./simple_button_baremetal.o
 *fill*         0x20002179        0x3 
 .bss.extcomin_timer
                0x2000217c       0x1c ./gecko_sdk_3.2.3/hardware/driver/memlcd/src/sl_memlcd.o
 .bss.initialized
                0x20002198        0x1 ./gecko_sdk_3.2.3/hardware/driver/memlcd/src/sl_memlcd.o
 *fill*         0x20002199        0x3 
 .bss.memlcd_instance
                0x2000219c       0x10 ./gecko_sdk_3.2.3/hardware/driver/memlcd/src/sl_memlcd.o
 .bss.gpioCallbacks
                0x200021ac       0x80 ./gecko_sdk_3.2.3/platform/emdrv/gpiointerrupt/src/gpiointerrupt.o
 .bss.cmuStatus.3
                0x2000222c        0x4 ./gecko_sdk_3.2.3/platform/emlib/src/em_emu.o
 .bss.dcdcEm01LoadCurrent_mA
                0x20002230        0x2 ./gecko_sdk_3.2.3/platform/emlib/src/em_emu.o
 .bss.dcdcMaxCurrent_mA
                0x20002232        0x2 ./gecko_sdk_3.2.3/platform/emlib/src/em_emu.o
 .bss.dcdcReverseCurrentControl
                0x20002234        0x2 ./gecko_sdk_3.2.3/platform/emlib/src/em_emu.o
 .bss.hfClock.2
                0x20002236        0x1 ./gecko_sdk_3.2.3/platform/emlib/src/em_emu.o
 *fill*         0x20002237        0x1 
 .bss.hfrcoCtrl.0
                0x20002238        0x4 ./gecko_sdk_3.2.3/platform/emlib/src/em_emu.o
 .bss.vScaleEM01Config
                0x2000223c        0x1 ./gecko_sdk_3.2.3/platform/emlib/src/em_emu.o
 .bss.vScaleStatus.1
                0x2000223d        0x1 ./gecko_sdk_3.2.3/platform/emlib/src/em_emu.o
 .bss.dimensions
                0x2000223e        0xc ./gecko_sdk_3.2.3/platform/middleware/glib/dmd/display/dmd_memlcd.o
 *fill*         0x2000224a        0x2 
 .bss.dirtyRows
                0x2000224c       0x10 ./gecko_sdk_3.2.3/platform/middleware/glib/dmd/display/dmd_memlcd.o
 .bss.framebuffer
                0x2000225c      0x800 ./gecko_sdk_3.2.3/platform/middleware/glib/dmd/display/dmd_memlcd.o
 .bss.memlcd    0x20002a5c        0x4 ./gecko_sdk_3.2.3/platform/middleware/glib/dmd/display/dmd_memlcd.o
 .bss.sli_iostream_default
                0x20002a60        0x4 ./gecko_sdk_3.2.3/platform/service/iostream/src/sl_iostream.o
 .bss.event_handle
                0x20002a64        0x8 ./gecko_sdk_3.2.3/platform/service/iostream/src/sl_iostream_swo.o
 .bss.clock_wakeup_timer_handle
                0x20002a6c       0x1c ./gecko_sdk_3.2.3/platform/service/power_manager/src/sl_power_manager.o
 .bss.current_em
                0x20002a88        0x1 ./gecko_sdk_3.2.3/platform/service/power_manager/src/sl_power_manager.o
 *fill*         0x20002a89        0x3 
 .bss.high_frequency_min_offtime_tick
                0x20002a8c        0x4 ./gecko_sdk_3.2.3/platform/service/power_manager/src/sl_power_manager.o
                0x20002a8c                high_frequency_min_offtime_tick
 .bss.is_actively_waiting_for_clock_restore
                0x20002a90        0x1 ./gecko_sdk_3.2.3/platform/service/power_manager/src/sl_power_manager.o
 .bss.is_hf_x_oscillator_not_preserved
                0x20002a91        0x1 ./gecko_sdk_3.2.3/platform/service/power_manager/src/sl_power_manager.o
 .bss.is_initialized
                0x20002a92        0x1 ./gecko_sdk_3.2.3/platform/service/power_manager/src/sl_power_manager.o
 .bss.is_restored_from_hfxo_isr
                0x20002a93        0x1 ./gecko_sdk_3.2.3/platform/service/power_manager/src/sl_power_manager.o
 .bss.is_sleeping_waiting_for_clock_restore
                0x20002a94        0x1 ./gecko_sdk_3.2.3/platform/service/power_manager/src/sl_power_manager.o
 .bss.is_states_saved
                0x20002a95        0x1 ./gecko_sdk_3.2.3/platform/service/power_manager/src/sl_power_manager.o
 *fill*         0x20002a96        0x2 
 .bss.power_manager_em_transition_event_list
                0x20002a98        0x4 ./gecko_sdk_3.2.3/platform/service/power_manager/src/sl_power_manager.o
 .bss.requirement_em_table
                0x20002a9c        0x2 ./gecko_sdk_3.2.3/platform/service/power_manager/src/sl_power_manager.o
 .bss.requirement_high_accuracy_hf_clock_counter
                0x20002a9e        0x1 ./gecko_sdk_3.2.3/platform/service/power_manager/src/sl_power_manager.o
                0x20002a9e                requirement_high_accuracy_hf_clock_counter
 .bss.requirement_on_em1_added
                0x20002a9f        0x1 ./gecko_sdk_3.2.3/platform/service/power_manager/src/sl_power_manager.o
 .bss.sleeptimer_frequency
                0x20002aa0        0x4 ./gecko_sdk_3.2.3/platform/service/power_manager/src/sl_power_manager.o
 .bss.waiting_clock_restore_from_em
                0x20002aa4        0x1 ./gecko_sdk_3.2.3/platform/service/power_manager/src/sl_power_manager.o
 *fill*         0x20002aa5        0x3 
 .bss.wakeup_time_config_overhead_tick
                0x20002aa8        0x4 ./gecko_sdk_3.2.3/platform/service/power_manager/src/sl_power_manager.o
                0x20002aa8                wakeup_time_config_overhead_tick
 .bss.cmu_status
                0x20002aac        0x4 ./gecko_sdk_3.2.3/platform/service/power_manager/src/sl_power_manager_hal_s0_s1.o
 .bss.hf_x_oscillator_wakeup_time_tc_inital
                0x20002ab0        0x4 ./gecko_sdk_3.2.3/platform/service/power_manager/src/sl_power_manager_hal_s0_s1.o
 .bss.hfxo_wakeup_time_tick
                0x20002ab4        0x4 ./gecko_sdk_3.2.3/platform/service/power_manager/src/sl_power_manager_hal_s0_s1.o
 .bss.is_dpll_used
                0x20002ab8        0x1 ./gecko_sdk_3.2.3/platform/service/power_manager/src/sl_power_manager_hal_s0_s1.o
 .bss.is_hf_x_oscillator_already_started
                0x20002ab9        0x1 ./gecko_sdk_3.2.3/platform/service/power_manager/src/sl_power_manager_hal_s0_s1.o
 .bss.is_hf_x_oscillator_used
                0x20002aba        0x1 ./gecko_sdk_3.2.3/platform/service/power_manager/src/sl_power_manager_hal_s0_s1.o
 *fill*         0x20002abb        0x1 
 .bss.process_wakeup_overhead_tick
                0x20002abc        0x4 ./gecko_sdk_3.2.3/platform/service/power_manager/src/sl_power_manager_hal_s0_s1.o
 .bss.is_sleeptimer_initialized
                0x20002ac0        0x1 ./gecko_sdk_3.2.3/platform/service/sleeptimer/src/sl_sleeptimer.o
 *fill*         0x20002ac1        0x3 
 .bss.last_delta_update_count
                0x20002ac4        0x4 ./gecko_sdk_3.2.3/platform/service/sleeptimer/src/sl_sleeptimer.o
 .bss.max_millisecond_conversion
                0x20002ac8        0x4 ./gecko_sdk_3.2.3/platform/service/sleeptimer/src/sl_sleeptimer.o
 .bss.next_timer_to_expire_is_power_manager
                0x20002acc        0x1 ./gecko_sdk_3.2.3/platform/service/sleeptimer/src/sl_sleeptimer.o
 *fill*         0x20002acd        0x1 
 .bss.overflow_counter
                0x20002ace        0x2 ./gecko_sdk_3.2.3/platform/service/sleeptimer/src/sl_sleeptimer.o
 .bss.sleep_on_isr_exit
                0x20002ad0        0x1 ./gecko_sdk_3.2.3/platform/service/sleeptimer/src/sl_sleeptimer.o
 *fill*         0x20002ad1        0x3 
 .bss.timer_frequency
                0x20002ad4        0x4 ./gecko_sdk_3.2.3/platform/service/sleeptimer/src/sl_sleeptimer.o
 .bss.timer_head
                0x20002ad8        0x4 ./gecko_sdk_3.2.3/platform/service/sleeptimer/src/sl_sleeptimer.o
 .bss.__malloc_free_list
                0x20002adc        0x4 c:/siliconlabs/simplicitystudio/v5/developer/toolchains/gnu_arm/10.2_2020q4/bin/../lib/gcc/arm-none-eabi/10.2.1/../../../../arm-none-eabi/lib/thumb/v7e-m+fp/softfp\libc_nano.a(lib_a-nano-mallocr.o)
                0x20002adc                __malloc_free_list
 .bss.__malloc_sbrk_start
                0x20002ae0        0x4 c:/siliconlabs/simplicitystudio/v5/developer/toolchains/gnu_arm/10.2_2020q4/bin/../lib/gcc/arm-none-eabi/10.2.1/../../../../arm-none-eabi/lib/thumb/v7e-m+fp/softfp\libc_nano.a(lib_a-nano-mallocr.o)
                0x20002ae0                __malloc_sbrk_start
 .bss.errno     0x20002ae4        0x4 c:/siliconlabs/simplicitystudio/v5/developer/toolchains/gnu_arm/10.2_2020q4/bin/../lib/gcc/arm-none-eabi/10.2.1/../../../../arm-none-eabi/lib/thumb/v7e-m+fp/softfp\libc_nano.a(lib_a-reent.o)
                0x20002ae4                errno
 .bss.__lock___malloc_recursive_mutex
                0x20002ae8        0x1 c:/siliconlabs/simplicitystudio/v5/developer/toolchains/gnu_arm/10.2_2020q4/bin/../lib/gcc/arm-none-eabi/10.2.1/../../../../arm-none-eabi/lib/thumb/v7e-m+fp/softfp\libc_nano.a(lib_a-lock.o)
                0x20002ae8                __lock___malloc_recursive_mutex
 *(COMMON)
                0x20002aec                . = ALIGN (0x4)
 *fill*         0x20002ae9        0x3 
                0x20002aec                __bss_end__ = .

.heap           0x20002af0    0x3d510
                0x20002af0                __HeapBase = .
                0x20002af0                __end__ = .
                0x20002af0                end = __end__
                0x20002af0                _end = __end__
 *(.heap*)
 .heap          0x20002af0      0x800 ./gecko_sdk_3.2.3/platform/common/toolchain/src/sl_memory.o
                0x20040000                . = (ORIGIN (RAM) + LENGTH (RAM))
 *fill*         0x200032f0    0x3cd10 
                0x20040000                __HeapLimit = .
                0x0003d510                __heap_size = (__HeapLimit - __HeapBase)
                0x00100000                __main_flash_end__ = 0x100000

.internal_storage
                0x00005a34        0x0
 *(.internal_storage*)

.nvm            0x00005a34        0x0
 *(.simee*)
                0x00100000                linker_nvm_end = __main_flash_end__
                0x00100000                linker_nvm_begin = (linker_nvm_end - SIZEOF (.nvm))
                0x00000000                linker_nvm_size = SIZEOF (.nvm)
                0x00100000                linker_storage_end = linker_nvm_begin
                0x00100000                linker_storage_begin = (linker_storage_end - SIZEOF (.internal_storage))
                0x00000000                linker_storage_size = SIZEOF (.internal_storage)
                0x00100000                __nvm3Base = linker_nvm_begin
OUTPUT(simple_button_baremetal.axf elf32-littlearm)
LOAD linker stubs

.ARM.attributes
                0x00000000       0x2e
 .ARM.attributes
                0x00000000       0x1e c:/siliconlabs/simplicitystudio/v5/developer/toolchains/gnu_arm/10.2_2020q4/bin/../lib/gcc/arm-none-eabi/10.2.1/thumb/v7e-m+fp/softfp/crti.o
 .ARM.attributes
                0x0000001e       0x32 c:/siliconlabs/simplicitystudio/v5/developer/toolchains/gnu_arm/10.2_2020q4/bin/../lib/gcc/arm-none-eabi/10.2.1/thumb/v7e-m+fp/softfp/crtbegin.o
 .ARM.attributes
                0x00000050       0x1c c:/siliconlabs/simplicitystudio/v5/developer/toolchains/gnu_arm/10.2_2020q4/bin/../lib/gcc/arm-none-eabi/10.2.1/../../../../arm-none-eabi/lib/thumb/v7e-m+fp/softfp/crt0.o
 .ARM.attributes
                0x0000006c       0x32 ./app.o
 .ARM.attributes
                0x0000009e       0x32 ./main.o
 .ARM.attributes
                0x000000d0       0x32 ./my_printf_lib.o
 .ARM.attributes
                0x00000102       0x32 ./simple_button_baremetal.o
 .ARM.attributes
                0x00000134       0x32 ./autogen/sl_board_default_init.o
 .ARM.attributes
                0x00000166       0x32 ./autogen/sl_device_init_clocks.o
 .ARM.attributes
                0x00000198       0x32 ./autogen/sl_event_handler.o
 .ARM.attributes
                0x000001ca       0x32 ./autogen/sl_power_manager_handler.o
 .ARM.attributes
                0x000001fc       0x32 ./autogen/sl_simple_button_instances.o
 .ARM.attributes
                0x0000022e       0x32 ./autogen/sl_simple_led_instances.o
 .ARM.attributes
                0x00000260       0x32 ./gecko_sdk_3.2.3/hardware/board/src/sl_board_control_gpio.o
 .ARM.attributes
                0x00000292       0x32 ./gecko_sdk_3.2.3/hardware/board/src/sl_board_init.o
 .ARM.attributes
                0x000002c4       0x32 ./gecko_sdk_3.2.3/hardware/driver/memlcd/src/memlcd_usart/sl_memlcd_spi.o
 .ARM.attributes
                0x000002f6       0x32 ./gecko_sdk_3.2.3/hardware/driver/memlcd/src/sl_memlcd.o
 .ARM.attributes
                0x00000328       0x32 ./gecko_sdk_3.2.3/hardware/driver/memlcd/src/sl_memlcd_display.o
 .ARM.attributes
                0x0000035a       0x32 ./gecko_sdk_3.2.3/platform/Device/SiliconLabs/EFM32PG12B/Source/GCC/startup_efm32pg12b.o
 .ARM.attributes
                0x0000038c       0x32 ./gecko_sdk_3.2.3/platform/Device/SiliconLabs/EFM32PG12B/Source/system_efm32pg12b.o
 .ARM.attributes
                0x000003be       0x32 ./gecko_sdk_3.2.3/platform/common/src/sl_slist.o
 .ARM.attributes
                0x000003f0       0x32 ./gecko_sdk_3.2.3/platform/common/toolchain/src/sl_memory.o
 .ARM.attributes
                0x00000422       0x32 ./gecko_sdk_3.2.3/platform/driver/button/src/sl_button.o
 .ARM.attributes
                0x00000454       0x32 ./gecko_sdk_3.2.3/platform/driver/button/src/sl_simple_button.o
 .ARM.attributes
                0x00000486       0x32 ./gecko_sdk_3.2.3/platform/driver/debug/src/sl_debug_swo.o
 .ARM.attributes
                0x000004b8       0x32 ./gecko_sdk_3.2.3/platform/driver/leddrv/src/sl_led.o
 .ARM.attributes
                0x000004ea       0x32 ./gecko_sdk_3.2.3/platform/driver/leddrv/src/sl_simple_led.o
 .ARM.attributes
                0x0000051c       0x32 ./gecko_sdk_3.2.3/platform/emdrv/gpiointerrupt/src/gpiointerrupt.o
 .ARM.attributes
                0x0000054e       0x32 ./gecko_sdk_3.2.3/platform/emlib/src/em_assert.o
 .ARM.attributes
                0x00000580       0x32 ./gecko_sdk_3.2.3/platform/emlib/src/em_cmu.o
 .ARM.attributes
                0x000005b2       0x32 ./gecko_sdk_3.2.3/platform/emlib/src/em_core.o
 .ARM.attributes
                0x000005e4       0x32 ./gecko_sdk_3.2.3/platform/emlib/src/em_emu.o
 .ARM.attributes
                0x00000616       0x32 ./gecko_sdk_3.2.3/platform/emlib/src/em_gpio.o
 .ARM.attributes
                0x00000648       0x32 ./gecko_sdk_3.2.3/platform/emlib/src/em_rtcc.o
 .ARM.attributes
                0x0000067a       0x32 ./gecko_sdk_3.2.3/platform/emlib/src/em_usart.o
 .ARM.attributes
                0x000006ac       0x32 ./gecko_sdk_3.2.3/platform/middleware/glib/dmd/display/dmd_memlcd.o
 .ARM.attributes
                0x000006de       0x32 ./gecko_sdk_3.2.3/platform/middleware/glib/glib/glib.o
 .ARM.attributes
                0x00000710       0x37 ./gecko_sdk_3.2.3/platform/middleware/glib/glib/glib_font_narrow_6x8.o
 .ARM.attributes
                0x00000747       0x37 ./gecko_sdk_3.2.3/platform/middleware/glib/glib/glib_font_normal_8x8.o
 .ARM.attributes
                0x0000077e       0x32 ./gecko_sdk_3.2.3/platform/middleware/glib/glib/glib_rectangle.o
 .ARM.attributes
                0x000007b0       0x32 ./gecko_sdk_3.2.3/platform/middleware/glib/glib/glib_string.o
 .ARM.attributes
                0x000007e2       0x32 ./gecko_sdk_3.2.3/platform/service/device_init/src/sl_device_init_dcdc_s1.o
 .ARM.attributes
                0x00000814       0x32 ./gecko_sdk_3.2.3/platform/service/device_init/src/sl_device_init_emu_s1.o
 .ARM.attributes
                0x00000846       0x32 ./gecko_sdk_3.2.3/platform/service/device_init/src/sl_device_init_hfxo_s1.o
 .ARM.attributes
                0x00000878       0x32 ./gecko_sdk_3.2.3/platform/service/device_init/src/sl_device_init_lfxo_s1.o
 .ARM.attributes
                0x000008aa       0x32 ./gecko_sdk_3.2.3/platform/service/device_init/src/sl_device_init_nvic.o
 .ARM.attributes
                0x000008dc       0x32 ./gecko_sdk_3.2.3/platform/service/iostream/src/sl_iostream.o
 .ARM.attributes
                0x0000090e       0x32 ./gecko_sdk_3.2.3/platform/service/iostream/src/sl_iostream_retarget_stdio.o
 .ARM.attributes
                0x00000940       0x32 ./gecko_sdk_3.2.3/platform/service/iostream/src/sl_iostream_swo.o
 .ARM.attributes
                0x00000972       0x32 ./gecko_sdk_3.2.3/platform/service/power_manager/src/sl_power_manager.o
 .ARM.attributes
                0x000009a4       0x32 ./gecko_sdk_3.2.3/platform/service/power_manager/src/sl_power_manager_hal_s0_s1.o
 .ARM.attributes
                0x000009d6       0x32 ./gecko_sdk_3.2.3/platform/service/sleeptimer/src/sl_sleeptimer.o
 .ARM.attributes
                0x00000a08       0x32 ./gecko_sdk_3.2.3/platform/service/sleeptimer/src/sl_sleeptimer_hal_rtcc.o
 .ARM.attributes
                0x00000a3a       0x32 ./gecko_sdk_3.2.3/platform/service/system/src/sl_system_init.o
 .ARM.attributes
                0x00000a6c       0x32 ./gecko_sdk_3.2.3/platform/service/system/src/sl_system_process_action.o
 .ARM.attributes
                0x00000a9e       0x32 ./gecko_sdk_3.2.3/platform/service/udelay/src/sl_udelay.o
 .ARM.attributes
                0x00000ad0       0x20 ./gecko_sdk_3.2.3/platform/service/udelay/src/sl_udelay_armv6m_gcc.o
 .ARM.attributes
                0x00000af0       0x1e c:/siliconlabs/simplicitystudio/v5/developer/toolchains/gnu_arm/10.2_2020q4/bin/../lib/gcc/arm-none-eabi/10.2.1/thumb/v7e-m+fp/softfp\libgcc.a(_aeabi_uldivmod.o)
 .ARM.attributes
                0x00000b0e       0x32 c:/siliconlabs/simplicitystudio/v5/developer/toolchains/gnu_arm/10.2_2020q4/bin/../lib/gcc/arm-none-eabi/10.2.1/thumb/v7e-m+fp/softfp\libgcc.a(_udivmoddi4.o)
 .ARM.attributes
                0x00000b40       0x1e c:/siliconlabs/simplicitystudio/v5/developer/toolchains/gnu_arm/10.2_2020q4/bin/../lib/gcc/arm-none-eabi/10.2.1/thumb/v7e-m+fp/softfp\libgcc.a(_dvmd_tls.o)
 .ARM.attributes